******************************************************************************
             TMS320C2000 Linker Unix v15.12.3                  
******************************************************************************
>> Linked Tue Jul 25 14:24:43 2017

OUTPUT FILE NAME:   <MAIN.out>
ENTRY POINT SYMBOL: "_c_int00"  address: 00009d6f


MEMORY CONFIGURATION

         name            origin    length      used     unused   attr    fill
----------------------  --------  ---------  --------  --------  ----  --------
PAGE 0:
  BEGIN                 00000000   00000002  00000000  00000002  RWIX
  RAMM0                 00000050   000003b0  00000000  000003b0  RWIX
  RAML0                 00008000   00001000  000000cc  00000f34  RWIX
  RAML1                 00009000   00001000  00000efe  00000102  RWIX
  RAML2                 0000a000   00001000  00000000  00001000  RWIX
  RAML3                 0000b000   00001000  00000000  00001000  RWIX
  ZONE7A                00200000   0000fc00  00000000  0000fc00  RWIX
  CSM_RSVD              0033ff80   00000076  00000000  00000076  RWIX
  CSM_PWL               0033fff8   00000008  00000000  00000008  RWIX
  ADC_CAL               00380080   00000009  00000007  00000002  RWIX
  IQTABLES              003fe000   00000b50  00000000  00000b50  RWIX
  IQTABLES2             003feb50   0000008c  00000000  0000008c  RWIX
  FPUTABLES             003febdc   000006a0  00000000  000006a0  RWIX
  BOOTROM               003ff27c   00000d44  00000000  00000d44  RWIX
  RESET                 003fffc0   00000002  00000000  00000002  RWIX

PAGE 1:
  BOOT_RSVD             00000002   0000004e  00000000  0000004e  RWIX
  RAMM1                 00000400   00000400  00000300  00000100  RWIX
  DEV_EMU               00000880   00000180  000000d0  000000b0  RWIX
  FLASH_REGS            00000a80   00000060  00000008  00000058  RWIX
  CSM                   00000ae0   00000010  00000010  00000000  RWIX
  ADC_MIRROR            00000b00   00000010  00000010  00000000  RWIX
  XINTF                 00000b20   00000020  0000001e  00000002  RWIX
  CPU_TIMER0            00000c00   00000008  00000008  00000000  RWIX
  CPU_TIMER1            00000c08   00000008  00000008  00000000  RWIX
  CPU_TIMER2            00000c10   00000008  00000008  00000000  RWIX
  PIE_CTRL              00000ce0   00000020  0000001a  00000006  RWIX
  PIE_VECT              00000d00   00000100  00000100  00000000  RWIX
  DMA                   00001000   00000200  000000e0  00000120  RWIX
  MCBSPA                00005000   00000040  00000025  0000001b  RWIX
  MCBSPB                00005040   00000040  00000025  0000001b  RWIX
  ECANA                 00006000   00000040  00000034  0000000c  RWIX
  ECANA_LAM             00006040   00000040  00000040  00000000  RWIX
  ECANA_MOTS            00006080   00000040  00000040  00000000  RWIX
  ECANA_MOTO            000060c0   00000040  00000040  00000000  RWIX
  ECANA_MBOX            00006100   00000100  00000100  00000000  RWIX
  ECANB                 00006200   00000040  00000034  0000000c  RWIX
  ECANB_LAM             00006240   00000040  00000040  00000000  RWIX
  ECANB_MOTS            00006280   00000040  00000040  00000000  RWIX
  ECANB_MOTO            000062c0   00000040  00000040  00000000  RWIX
  ECANB_MBOX            00006300   00000100  00000100  00000000  RWIX
  EPWM1                 00006800   00000022  00000022  00000000  RWIX
  EPWM2                 00006840   00000022  00000022  00000000  RWIX
  EPWM3                 00006880   00000022  00000022  00000000  RWIX
  EPWM4                 000068c0   00000022  00000022  00000000  RWIX
  EPWM5                 00006900   00000022  00000022  00000000  RWIX
  EPWM6                 00006940   00000022  00000022  00000000  RWIX
  ECAP1                 00006a00   00000020  00000020  00000000  RWIX
  ECAP2                 00006a20   00000020  00000020  00000000  RWIX
  ECAP3                 00006a40   00000020  00000020  00000000  RWIX
  ECAP4                 00006a60   00000020  00000020  00000000  RWIX
  ECAP5                 00006a80   00000020  00000020  00000000  RWIX
  ECAP6                 00006aa0   00000020  00000020  00000000  RWIX
  EQEP1                 00006b00   00000040  00000040  00000000  RWIX
  EQEP2                 00006b40   00000040  00000040  00000000  RWIX
  GPIOCTRL              00006f80   00000040  0000002e  00000012  RWIX
  GPIODAT               00006fc0   00000020  00000020  00000000  RWIX
  GPIOINT               00006fe0   00000020  0000000a  00000016  RWIX
  SYSTEM                00007010   00000020  00000020  00000000  RWIX
  SPIA                  00007040   00000010  00000010  00000000  RWIX
  SCIA                  00007050   00000010  00000010  00000000  RWIX
  XINTRUPT              00007070   00000010  00000010  00000000  RWIX
  ADC                   00007100   00000020  0000001e  00000002  RWIX
  SCIB                  00007750   00000010  00000010  00000000  RWIX
  SCIC                  00007770   00000010  00000010  00000000  RWIX
  I2CA                  00007900   00000040  00000022  0000001e  RWIX
  RAML4                 0000c000   00001000  000004d6  00000b2a  RWIX
  RAML5                 0000d000   00001000  00000240  00000dc0  RWIX
  RAML6                 0000e000   00001000  00000000  00001000  RWIX
  RAML7                 0000f000   00001000  00000000  00001000  RWIX
  SRAM_1                00100000   000fffff  0008d000  00072fff  RWIX
  ZONE7B                0020fc00   00000400  00000000  00000400  RWIX
  CSM_PWL               0033fff8   00000008  00000008  00000000  RWIX
  PARTID                00380090   00000001  00000001  00000000  RWIX


SECTION ALLOCATION MAP

 output                                  attributes/
section   page    origin      length       input sections
--------  ----  ----------  ----------   ----------------
.cinit     0    00008000    000000c8     
                  00008000    00000080     MAIN.obj (.cinit)
                  00008080    00000026     timer.obj (.cinit)
                  000080a6    0000000e     rts2800_fpu32.lib : exit.obj (.cinit)
                  000080b4    00000008     audioCntrl.obj (.cinit)
                  000080bc    00000005     rts2800_fpu32.lib : _lock.obj (.cinit:__lock)
                  000080c1    00000005                       : _lock.obj (.cinit:__unlock)
                  000080c6    00000002     --HOLE-- [fill = 0]

ramfuncs   0    000080c8    00000004     
                  000080c8    00000004     DSP2833x_usDelay.obj (ramfuncs)

.text      0    00009000    00000efe     
                  00009000    000003e9     DSP2833x_DMA.obj (.text)
                  000093e9    00000316     DSP2833x_DefaultIsr.obj (.text:retain)
                  000096ff    0000022b     MAIN.obj (.text)
                  0000992a    00000124     MAIN.obj (.text:retain)
                  00009a4e    000000f8     DSP2833x_SysCtrl.obj (.text)
                  00009b46    00000088     rts2800_fpu32.lib : fs_div.obj (.text)
                  00009bce    00000079     analogToDigitalConverter.obj (.text)
                  00009c47    00000073     DSP2833x_CpuTimers.obj (.text)
                  00009cba    0000005d     digitalToAnalogConverter.obj (.text)
                  00009d17    00000058     rts2800_fpu32.lib : s_sinf.obj (.text)
                  00009d6f    00000056                       : boot.obj (.text)
                  00009dc5    00000046                       : cpy_tbl.obj (.text)
                  00009e0b    00000035     Sram.obj (.text)
                  00009e40    00000032     tremolo.obj (.text)
                  00009e72    00000029     rts2800_fpu32.lib : exit.obj (.text)
                  00009e9b    0000001c     timer.obj (.text:retain)
                  00009eb7    0000001a     rts2800_fpu32.lib : cpy_utils.obj (.text)
                  00009ed1    00000019                       : args_main.obj (.text)
                  00009eea    00000009                       : _lock.obj (.text)
                  00009ef3    00000008     audioCntrl.obj (.text)
                  00009efb    00000002     rts2800_fpu32.lib : pre_init.obj (.text)
                  00009efd    00000001                       : startup.obj (.text)

.pinit     0    00008000    00000000     UNINITIALIZED

.stack     1    00000400    00000300     UNINITIALIZED
                  00000400    00000300     --HOLE--

DevEmuRegsFile 
*          1    00000880    000000d0     UNINITIALIZED
                  00000880    000000d0     DSP2833x_GlobalVariableDefs.obj (DevEmuRegsFile)

FlashRegsFile 
*          1    00000a80    00000008     UNINITIALIZED
                  00000a80    00000008     DSP2833x_GlobalVariableDefs.obj (FlashRegsFile)

CsmRegsFile 
*          1    00000ae0    00000010     UNINITIALIZED
                  00000ae0    00000010     DSP2833x_GlobalVariableDefs.obj (CsmRegsFile)

AdcMirrorFile 
*          1    00000b00    00000010     UNINITIALIZED
                  00000b00    00000010     DSP2833x_GlobalVariableDefs.obj (AdcMirrorFile)

XintfRegsFile 
*          1    00000b20    0000001e     UNINITIALIZED
                  00000b20    0000001e     DSP2833x_GlobalVariableDefs.obj (XintfRegsFile)

CpuTimer0RegsFile 
*          1    00000c00    00000008     UNINITIALIZED
                  00000c00    00000008     DSP2833x_GlobalVariableDefs.obj (CpuTimer0RegsFile)

CpuTimer1RegsFile 
*          1    00000c08    00000008     UNINITIALIZED
                  00000c08    00000008     DSP2833x_GlobalVariableDefs.obj (CpuTimer1RegsFile)

CpuTimer2RegsFile 
*          1    00000c10    00000008     UNINITIALIZED
                  00000c10    00000008     DSP2833x_GlobalVariableDefs.obj (CpuTimer2RegsFile)

PieCtrlRegsFile 
*          1    00000ce0    0000001a     UNINITIALIZED
                  00000ce0    0000001a     DSP2833x_GlobalVariableDefs.obj (PieCtrlRegsFile)

ECanaMOTSRegsFile 
*          1    00006080    00000040     UNINITIALIZED
                  00006080    00000040     DSP2833x_GlobalVariableDefs.obj (ECanaMOTSRegsFile)

ECanaMOTORegsFile 
*          1    000060c0    00000040     UNINITIALIZED
                  000060c0    00000040     DSP2833x_GlobalVariableDefs.obj (ECanaMOTORegsFile)

ECanbMOTSRegsFile 
*          1    00006280    00000040     UNINITIALIZED
                  00006280    00000040     DSP2833x_GlobalVariableDefs.obj (ECanbMOTSRegsFile)

ECanbMOTORegsFile 
*          1    000062c0    00000040     UNINITIALIZED
                  000062c0    00000040     DSP2833x_GlobalVariableDefs.obj (ECanbMOTORegsFile)

.ebss      1    0000c400    000000d6     UNINITIALIZED
                  0000c400    000000a4     MAIN.obj (.ebss)
                  0000c4a4    00000018     DSP2833x_CpuTimers.obj (.ebss)
                  0000c4bc    00000002     rts2800_fpu32.lib : _lock.obj (.ebss:__lock)
                  0000c4be    00000002                       : _lock.obj (.ebss:__unlock)
                  0000c4c0    0000000e     timer.obj (.ebss)
                  0000c4ce    00000006     rts2800_fpu32.lib : exit.obj (.ebss)
                  0000c4d4    00000002     audioCntrl.obj (.ebss)

.memory    1    00100000    0008d000     UNINITIALIZED
                  00100000    0008d000     MAIN.obj (.memory)

DMARAML4   1    0000c000    00000400     UNINITIALIZED
                  0000c000    00000400     MAIN.obj (DMARAML4)

DMARAML5   1    0000d000    00000240     UNINITIALIZED
                  0000d000    00000240     MAIN.obj (DMARAML5)

.reset     0    003fffc0    00000002     DSECT
                  003fffc0    00000002     rts2800_fpu32.lib : boot.obj (.reset)

csm_rsvd   0    0033ff80    00000000     DSECT

csmpasswds 
*          0    0033fff8    00000000     DSECT

.adc_cal   0    00380080    00000007     NOLOAD SECTION
                  00380080    00000007     DSP2833x_ADC_cal.obj (.adc_cal)

PieVectTableFile 
*          1    00000d00    00000100     UNINITIALIZED
                  00000d00    00000100     DSP2833x_GlobalVariableDefs.obj (PieVectTableFile)

DmaRegsFile 
*          1    00001000    000000e0     UNINITIALIZED
                  00001000    000000e0     DSP2833x_GlobalVariableDefs.obj (DmaRegsFile)

McbspaRegsFile 
*          1    00005000    00000025     UNINITIALIZED
                  00005000    00000025     DSP2833x_GlobalVariableDefs.obj (McbspaRegsFile)

McbspbRegsFile 
*          1    00005040    00000025     UNINITIALIZED
                  00005040    00000025     DSP2833x_GlobalVariableDefs.obj (McbspbRegsFile)

ECanaRegsFile 
*          1    00006000    00000034     UNINITIALIZED
                  00006000    00000034     DSP2833x_GlobalVariableDefs.obj (ECanaRegsFile)

ECanaLAMRegsFile 
*          1    00006040    00000040     UNINITIALIZED
                  00006040    00000040     DSP2833x_GlobalVariableDefs.obj (ECanaLAMRegsFile)

ECanaMboxesFile 
*          1    00006100    00000100     UNINITIALIZED
                  00006100    00000100     DSP2833x_GlobalVariableDefs.obj (ECanaMboxesFile)

ECanbRegsFile 
*          1    00006200    00000034     UNINITIALIZED
                  00006200    00000034     DSP2833x_GlobalVariableDefs.obj (ECanbRegsFile)

ECanbLAMRegsFile 
*          1    00006240    00000040     UNINITIALIZED
                  00006240    00000040     DSP2833x_GlobalVariableDefs.obj (ECanbLAMRegsFile)

ECanbMboxesFile 
*          1    00006300    00000100     UNINITIALIZED
                  00006300    00000100     DSP2833x_GlobalVariableDefs.obj (ECanbMboxesFile)

EPwm1RegsFile 
*          1    00006800    00000022     UNINITIALIZED
                  00006800    00000022     DSP2833x_GlobalVariableDefs.obj (EPwm1RegsFile)

EPwm2RegsFile 
*          1    00006840    00000022     UNINITIALIZED
                  00006840    00000022     DSP2833x_GlobalVariableDefs.obj (EPwm2RegsFile)

EPwm3RegsFile 
*          1    00006880    00000022     UNINITIALIZED
                  00006880    00000022     DSP2833x_GlobalVariableDefs.obj (EPwm3RegsFile)

EPwm4RegsFile 
*          1    000068c0    00000022     UNINITIALIZED
                  000068c0    00000022     DSP2833x_GlobalVariableDefs.obj (EPwm4RegsFile)

EPwm5RegsFile 
*          1    00006900    00000022     UNINITIALIZED
                  00006900    00000022     DSP2833x_GlobalVariableDefs.obj (EPwm5RegsFile)

EPwm6RegsFile 
*          1    00006940    00000022     UNINITIALIZED
                  00006940    00000022     DSP2833x_GlobalVariableDefs.obj (EPwm6RegsFile)

ECap1RegsFile 
*          1    00006a00    00000020     UNINITIALIZED
                  00006a00    00000020     DSP2833x_GlobalVariableDefs.obj (ECap1RegsFile)

ECap2RegsFile 
*          1    00006a20    00000020     UNINITIALIZED
                  00006a20    00000020     DSP2833x_GlobalVariableDefs.obj (ECap2RegsFile)

ECap3RegsFile 
*          1    00006a40    00000020     UNINITIALIZED
                  00006a40    00000020     DSP2833x_GlobalVariableDefs.obj (ECap3RegsFile)

ECap4RegsFile 
*          1    00006a60    00000020     UNINITIALIZED
                  00006a60    00000020     DSP2833x_GlobalVariableDefs.obj (ECap4RegsFile)

ECap5RegsFile 
*          1    00006a80    00000020     UNINITIALIZED
                  00006a80    00000020     DSP2833x_GlobalVariableDefs.obj (ECap5RegsFile)

ECap6RegsFile 
*          1    00006aa0    00000020     UNINITIALIZED
                  00006aa0    00000020     DSP2833x_GlobalVariableDefs.obj (ECap6RegsFile)

EQep1RegsFile 
*          1    00006b00    00000040     UNINITIALIZED
                  00006b00    00000040     DSP2833x_GlobalVariableDefs.obj (EQep1RegsFile)

EQep2RegsFile 
*          1    00006b40    00000040     UNINITIALIZED
                  00006b40    00000040     DSP2833x_GlobalVariableDefs.obj (EQep2RegsFile)

GpioCtrlRegsFile 
*          1    00006f80    0000002e     UNINITIALIZED
                  00006f80    0000002e     DSP2833x_GlobalVariableDefs.obj (GpioCtrlRegsFile)

GpioDataRegsFile 
*          1    00006fc0    00000020     UNINITIALIZED
                  00006fc0    00000020     DSP2833x_GlobalVariableDefs.obj (GpioDataRegsFile)

GpioIntRegsFile 
*          1    00006fe0    0000000a     UNINITIALIZED
                  00006fe0    0000000a     DSP2833x_GlobalVariableDefs.obj (GpioIntRegsFile)

SysCtrlRegsFile 
*          1    00007010    00000020     UNINITIALIZED
                  00007010    00000020     DSP2833x_GlobalVariableDefs.obj (SysCtrlRegsFile)

SpiaRegsFile 
*          1    00007040    00000010     UNINITIALIZED
                  00007040    00000010     DSP2833x_GlobalVariableDefs.obj (SpiaRegsFile)

SciaRegsFile 
*          1    00007050    00000010     UNINITIALIZED
                  00007050    00000010     DSP2833x_GlobalVariableDefs.obj (SciaRegsFile)

XIntruptRegsFile 
*          1    00007070    00000010     UNINITIALIZED
                  00007070    00000010     DSP2833x_GlobalVariableDefs.obj (XIntruptRegsFile)

AdcRegsFile 
*          1    00007100    0000001e     UNINITIALIZED
                  00007100    0000001e     DSP2833x_GlobalVariableDefs.obj (AdcRegsFile)

ScibRegsFile 
*          1    00007750    00000010     UNINITIALIZED
                  00007750    00000010     DSP2833x_GlobalVariableDefs.obj (ScibRegsFile)

ScicRegsFile 
*          1    00007770    00000010     UNINITIALIZED
                  00007770    00000010     DSP2833x_GlobalVariableDefs.obj (ScicRegsFile)

I2caRegsFile 
*          1    00007900    00000022     UNINITIALIZED
                  00007900    00000022     DSP2833x_GlobalVariableDefs.obj (I2caRegsFile)

CsmPwlFile 
*          1    0033fff8    00000008     UNINITIALIZED
                  0033fff8    00000008     DSP2833x_GlobalVariableDefs.obj (CsmPwlFile)

PartIdRegsFile 
*          1    00380090    00000001     UNINITIALIZED
                  00380090    00000001     DSP2833x_GlobalVariableDefs.obj (PartIdRegsFile)

MODULE SUMMARY

       Module                            code   ro data   rw data
       ------                            ----   -------   -------
    ./
       MAIN.obj                          847    0         579428 
    +--+---------------------------------+------+---------+---------+
       Total:                            847    0         579428 
                                                                 
    ./Common/
       DSP2833x_DMA.obj                  1001   0         0      
       DSP2833x_DefaultIsr.obj           790    0         0      
       DSP2833x_SysCtrl.obj              248    0         0      
       DSP2833x_CpuTimers.obj            115    0         24     
       DSP2833x_ADC_cal.obj              7      0         0      
       DSP2833x_usDelay.obj              4      0         0      
    +--+---------------------------------+------+---------+---------+
       Total:                            2165   0         24     
                                                                 
    ./Effects/
       tremolo.obj                       50     0         0      
    +--+---------------------------------+------+---------+---------+
       Total:                            50     0         0      
                                                                 
    ./Headers/
       DSP2833x_GlobalVariableDefs.obj   0      0         2679   
    +--+---------------------------------+------+---------+---------+
       Total:                            0      0         2679   
                                                                 
    ./Peripherals/
       analogToDigitalConverter.obj      121    0         0      
       digitalToAnalogConverter.obj      93     0         0      
       timer.obj                         28     0         52     
       Sram.obj                          53     0         0      
       audioCntrl.obj                    8      0         10     
    +--+---------------------------------+------+---------+---------+
       Total:                            303    0         62     
                                                                 
    /Applications/ti/ccsv6/tools/compiler/c2000_15.12.3.LTS/lib/rts2800_fpu32.lib
       fs_div.obj                        136    0         0      
       s_sinf.obj                        88     0         0      
       boot.obj                          86     0         0      
       cpy_tbl.obj                       70     0         0      
       exit.obj                          41     0         20     
       cpy_utils.obj                     26     0         0      
       args_main.obj                     25     0         0      
       _lock.obj                         9      0         14     
       pre_init.obj                      2      0         0      
       startup.obj                       1      0         0      
    +--+---------------------------------+------+---------+---------+
       Total:                            484    0         34     
                                                                 
       Stack:                            0      0         768    
    +--+---------------------------------+------+---------+---------+
       Grand Total:                      3849   0         582995 


GLOBAL DATA SYMBOLS: SORTED BY DATA PAGE

address     data page           name
--------    ----------------    ----
00000400      10 (00000400)     __stack

00000880      22 (00000880)     _DevEmuRegs

00000a80      2a (00000a80)     _FlashRegs

00000ae0      2b (00000ac0)     _CsmRegs

00000b00      2c (00000b00)     _AdcMirror
00000b20      2c (00000b00)     _XintfRegs

00000c00      30 (00000c00)     _CpuTimer0Regs
00000c08      30 (00000c00)     _CpuTimer1Regs
00000c10      30 (00000c00)     _CpuTimer2Regs

00000ce0      33 (00000cc0)     _PieCtrlRegs

00000d00      34 (00000d00)     _PieVectTable

00001000      40 (00001000)     _DmaRegs

00005000     140 (00005000)     _McbspaRegs

00005040     141 (00005040)     _McbspbRegs

00006000     180 (00006000)     _ECanaRegs

00006040     181 (00006040)     _ECanaLAMRegs

00006080     182 (00006080)     _ECanaMOTSRegs

000060c0     183 (000060c0)     _ECanaMOTORegs

00006100     184 (00006100)     _ECanaMboxes

00006200     188 (00006200)     _ECanbRegs

00006240     189 (00006240)     _ECanbLAMRegs

00006280     18a (00006280)     _ECanbMOTSRegs

000062c0     18b (000062c0)     _ECanbMOTORegs

00006300     18c (00006300)     _ECanbMboxes

00006800     1a0 (00006800)     _EPwm1Regs

00006840     1a1 (00006840)     _EPwm2Regs

00006880     1a2 (00006880)     _EPwm3Regs

000068c0     1a3 (000068c0)     _EPwm4Regs

00006900     1a4 (00006900)     _EPwm5Regs

00006940     1a5 (00006940)     _EPwm6Regs

00006a00     1a8 (00006a00)     _ECap1Regs
00006a20     1a8 (00006a00)     _ECap2Regs

00006a40     1a9 (00006a40)     _ECap3Regs
00006a60     1a9 (00006a40)     _ECap4Regs

00006a80     1aa (00006a80)     _ECap5Regs
00006aa0     1aa (00006a80)     _ECap6Regs

00006b00     1ac (00006b00)     _EQep1Regs

00006b40     1ad (00006b40)     _EQep2Regs

00006f80     1be (00006f80)     _GpioCtrlRegs

00006fc0     1bf (00006fc0)     _GpioDataRegs
00006fe0     1bf (00006fc0)     _GpioIntRegs

00007010     1c0 (00007000)     _SysCtrlRegs

00007040     1c1 (00007040)     _SpiaRegs
00007050     1c1 (00007040)     _SciaRegs
00007070     1c1 (00007040)     _XIntruptRegs

00007100     1c4 (00007100)     _AdcRegs

00007750     1dd (00007740)     _ScibRegs
00007770     1dd (00007740)     _ScicRegs

00007900     1e4 (00007900)     _I2caRegs

0000c000     300 (0000c000)     _pong_1

0000c200     308 (0000c200)     _ping_1

0000c400     310 (0000c400)     _recording1
0000c401     310 (0000c400)     _ringModRate
0000c402     310 (0000c400)     _ringModCounter
0000c403     310 (0000c400)     _tremolo_time
0000c404     310 (0000c400)     _recording2
0000c405     310 (0000c400)     _noiseGate_release_time_b
0000c406     310 (0000c400)     _noiseGate_release_time_a
0000c407     310 (0000c400)     _noiseGate_sample_counter
0000c408     310 (0000c400)     _tremolo_counter
0000c409     310 (0000c400)     _noiseGate_threshold
0000c40a     310 (0000c400)     _loop1Clicks
0000c40b     310 (0000c400)     _taps
0000c40c     310 (0000c400)     _ready
0000c40d     310 (0000c400)     _rxBufferIndex
0000c40e     310 (0000c400)     _program_state
0000c410     310 (0000c400)     _loopIndex
0000c412     310 (0000c400)     _loopLength
0000c414     310 (0000c400)     _var
0000c416     310 (0000c400)     _delaySizeInSamples
0000c418     310 (0000c400)     _tapsIndex
0000c41a     310 (0000c400)     _delayBufferCurr
0000c41c     310 (0000c400)     _ringModDepth
0000c41e     310 (0000c400)     _ringModBias
0000c420     310 (0000c400)     _delayBufferPrev

0000c440     311 (0000c440)     _rxBuffer

0000c4a4     312 (0000c480)     _CpuTimer1
0000c4ac     312 (0000c480)     _CpuTimer2
0000c4b4     312 (0000c480)     _CpuTimer0
0000c4bc     312 (0000c480)     __lock
0000c4be     312 (0000c480)     __unlock

0000c4c0     313 (0000c4c0)     _startAgain
0000c4c1     313 (0000c4c0)     _temp
0000c4c2     313 (0000c4c0)     _l
0000c4c4     313 (0000c4c0)     _i
0000c4c6     313 (0000c4c0)     _interruptTimerFlag
0000c4c8     313 (0000c4c0)     _p
0000c4ca     313 (0000c4c0)     _mixedSample
0000c4cc     313 (0000c4c0)     _t
0000c4ce     313 (0000c4c0)     ___TI_enable_exit_profile_output
0000c4d0     313 (0000c4c0)     ___TI_cleanup_ptr
0000c4d2     313 (0000c4c0)     ___TI_dtors_ptr
0000c4d4     313 (0000c4c0)     _stateFlag
0000c4d5     313 (0000c4c0)     _reset

0000d000     340 (0000d000)     _garbage

0000d040     341 (0000d040)     _pong_2

0000d140     345 (0000d140)     _ping_2

00100000    4000 (00100000)     _inputBuffer

00110000    4400 (00110000)     _loop1

0014e800    53a0 (0014e800)     _loop2

0033fff8    cfff (0033ffc0)     _CsmPwl

00380090    e002 (00380080)     _PartIdRegs


GLOBAL SYMBOLS: SORTED ALPHABETICALLY BY Name 

page  address   name                            
----  -------   ----                            
0     00009000  .text                           
0     00009e72  C$$EXIT                         
0     00009b46  FS$$DIV                         
0     000094cf  _ADCINT_ISR                     
0     00380080  _ADC_cal                        
1     00000b00  _AdcMirror                      
1     00007100  _AdcRegs                        
0     00009c80  _ConfigCpuTimer                 
1     0000c4b4  _CpuTimer0                      
1     00000c00  _CpuTimer0Regs                  
1     0000c4a4  _CpuTimer1                      
1     00000c08  _CpuTimer1Regs                  
1     0000c4ac  _CpuTimer2                      
1     00000c10  _CpuTimer2Regs                  
1     0033fff8  _CsmPwl                         
1     00000ae0  _CsmRegs                        
0     00009b15  _CsmUnlock                      
0     000093fd  _DATALOG_ISR                    
0     000095f1  _DINTCH1_ISR                    
0     000095fb  _DINTCH2_ISR                    
0     00009605  _DINTCH3_ISR                    
0     0000960f  _DINTCH4_ISR                    
0     00009619  _DINTCH5_ISR                    
0     00009623  _DINTCH6_ISR                    
0     0000900b  _DMACH1AddrConfig               
0     0000901b  _DMACH1BurstConfig              
0     0000904e  _DMACH1ModeConfig               
0     0000902b  _DMACH1TransferConfig           
0     0000903b  _DMACH1WrapConfig               
0     000090b0  _DMACH2AddrConfig               
0     000090c0  _DMACH2BurstConfig              
0     000090f3  _DMACH2ModeConfig               
0     000090d0  _DMACH2TransferConfig           
0     000090e0  _DMACH2WrapConfig               
0     00009155  _DMACH3AddrConfig               
0     00009165  _DMACH3BurstConfig              
0     00009198  _DMACH3ModeConfig               
0     00009175  _DMACH3TransferConfig           
0     00009185  _DMACH3WrapConfig               
0     000091fa  _DMACH4AddrConfig               
0     0000920a  _DMACH4BurstConfig              
0     0000923d  _DMACH4ModeConfig               
0     0000921a  _DMACH4TransferConfig           
0     0000922a  _DMACH4WrapConfig               
0     0000929f  _DMACH5AddrConfig               
0     000092af  _DMACH5BurstConfig              
0     000092e2  _DMACH5ModeConfig               
0     000092bf  _DMACH5TransferConfig           
0     000092cf  _DMACH5WrapConfig               
0     00009344  _DMACH6AddrConfig               
0     00009354  _DMACH6BurstConfig              
0     00009387  _DMACH6ModeConfig               
0     00009364  _DMACH6TransferConfig           
0     00009374  _DMACH6WrapConfig               
0     00009000  _DMAInitialize                  
0     000099c3  _DMA_CH2                        
0     000099b0  _DMA_CH3                        
0     000080c8  _DSP28x_usDelay                 
1     00000880  _DevEmuRegs                     
0     00009a61  _DisableDog                     
1     00001000  _DmaRegs                        
0     0000967d  _ECAN0INTA_ISR                  
0     00009691  _ECAN0INTB_ISR                  
0     00009687  _ECAN1INTA_ISR                  
0     0000969b  _ECAN1INTB_ISR                  
0     00009565  _ECAP1_INT_ISR                  
0     0000956f  _ECAP2_INT_ISR                  
0     00009579  _ECAP3_INT_ISR                  
0     00009583  _ECAP4_INT_ISR                  
0     0000958d  _ECAP5_INT_ISR                  
0     00009597  _ECAP6_INT_ISR                  
1     00006040  _ECanaLAMRegs                   
1     000060c0  _ECanaMOTORegs                  
1     00006080  _ECanaMOTSRegs                  
1     00006100  _ECanaMboxes                    
1     00006000  _ECanaRegs                      
1     00006240  _ECanbLAMRegs                   
1     000062c0  _ECanbMOTORegs                  
1     00006280  _ECanbMOTSRegs                  
1     00006300  _ECanbMboxes                    
1     00006200  _ECanbRegs                      
1     00006a00  _ECap1Regs                      
1     00006a20  _ECap2Regs                      
1     00006a40  _ECap3Regs                      
1     00006a60  _ECap4Regs                      
1     00006a80  _ECap5Regs                      
1     00006aa0  _ECap6Regs                      
0     00009411  _EMUINT_ISR                     
0     00009529  _EPWM1_INT_ISR                  
0     000094ed  _EPWM1_TZINT_ISR                
0     00009533  _EPWM2_INT_ISR                  
0     000094f7  _EPWM2_TZINT_ISR                
0     0000953d  _EPWM3_INT_ISR                  
0     00009501  _EPWM3_TZINT_ISR                
0     00009547  _EPWM4_INT_ISR                  
0     0000950b  _EPWM4_TZINT_ISR                
0     00009551  _EPWM5_INT_ISR                  
0     00009515  _EPWM5_TZINT_ISR                
0     0000955b  _EPWM6_INT_ISR                  
0     0000951f  _EPWM6_TZINT_ISR                
1     00006800  _EPwm1Regs                      
1     00006840  _EPwm2Regs                      
1     00006880  _EPwm3Regs                      
1     000068c0  _EPwm4Regs                      
1     00006900  _EPwm5Regs                      
1     00006940  _EPwm6Regs                      
0     000095a1  _EQEP1_INT_ISR                  
0     000095ab  _EQEP2_INT_ISR                  
1     00006b00  _EQep1Regs                      
1     00006b40  _EQep2Regs                      
1     00000a80  _FlashRegs                      
1     00006f80  _GpioCtrlRegs                   
1     00006fc0  _GpioDataRegs                   
1     00006fe0  _GpioIntRegs                    
0     0000962d  _I2CINT1A_ISR                   
0     00009637  _I2CINT2A_ISR                   
1     00007900  _I2caRegs                       
0     00009425  _ILLEGAL_ISR                    
0     000093e9  _INT13_ISR                      
0     000093f3  _INT14_ISR                      
0     00009c47  _InitCpuTimers                  
0     00009aba  _InitPeripheralClocks           
0     00009a69  _InitPll                        
0     00009a4e  _InitSysCtrl                    
0     0000988e  _Init_DMA                       
0     00009827  _Init_Timer1                    
0     000096e1  _LUF_ISR                        
0     000096d7  _LVF_ISR                        
0     00009991  _MRB_ISR                        
0     000095dd  _MRINTA_ISR                     
0     000095c9  _MRINTB_ISR                     
0     000095e7  _MXINTA_ISR                     
0     000095d3  _MXINTB_ISR                     
1     00005000  _McbspaRegs                     
1     00005040  _McbspbRegs                     
0     0000941b  _NMI_ISR                        
0     000096eb  _PIE_RESERVED                   
1     00380090  _PartIdRegs                     
1     00000ce0  _PieCtrlRegs                    
1     00000d00  _PieVectTable                   
0     00009407  _RTOSINT_ISR                    
0     00009655  _SCIRXINTA_ISR                  
0     00009669  _SCIRXINTB_ISR                  
0     00009641  _SCIRXINTC_ISR                  
0     0000965f  _SCITXINTA_ISR                  
0     00009673  _SCITXINTB_ISR                  
0     0000964b  _SCITXINTC_ISR                  
0     000094a7  _SEQ1INT_ISR                    
0     000094b1  _SEQ2INT_ISR                    
0     000095b5  _SPIRXINTA_ISR                  
0     000095bf  _SPITXINTA_ISR                  
1     00007050  _SciaRegs                       
1     00007750  _ScibRegs                       
1     00007770  _ScicRegs                       
0     00009a57  _ServiceDog                     
1     00007040  _SpiaRegs                       
0     00009e0b  _Sram_init                      
0     000090a8  _StartDMACH1                    
0     0000914d  _StartDMACH2                    
0     000091f2  _StartDMACH3                    
0     00009297  _StartDMACH4                    
0     0000933c  _StartDMACH5                    
0     000093e1  _StartDMACH6                    
1     00007010  _SysCtrlRegs                    
0     000094d9  _TINT0_ISR                      
0     0000992a  _Timer1_ISR                     
0     00009489  _USER10_ISR                     
0     00009493  _USER11_ISR                     
0     0000949d  _USER12_ISR                     
0     0000942f  _USER1_ISR                      
0     00009439  _USER2_ISR                      
0     00009443  _USER3_ISR                      
0     0000944d  _USER4_ISR                      
0     00009457  _USER5_ISR                      
0     00009461  _USER6_ISR                      
0     0000946b  _USER7_ISR                      
0     00009475  _USER8_ISR                      
0     0000947f  _USER9_ISR                      
0     000094e3  _WAKEINT_ISR                    
0     000094bb  _XINT1_ISR                      
0     000094c5  _XINT2_ISR                      
0     000096a5  _XINT3_ISR                      
0     000096af  _XINT4_ISR                      
0     000096b9  _XINT5_ISR                      
0     000096c3  _XINT6_ISR                      
0     000096cd  _XINT7_ISR                      
1     00007070  _XIntruptRegs                   
1     00000b20  _XintfRegs                      
1     00000700  __STACK_END                     
abs   00000300  __STACK_SIZE                    
1     0000c4d0  ___TI_cleanup_ptr               
1     0000c4d2  ___TI_dtors_ptr                 
1     0000c4ce  ___TI_enable_exit_profile_output
abs   ffffffff  ___TI_pprof_out_hndl            
abs   ffffffff  ___TI_prof_data_size            
abs   ffffffff  ___TI_prof_data_start           
abs   ffffffff  ___binit__                      
abs   ffffffff  ___c_args__                     
0     00008000  ___cinit__                      
0     00009efe  ___etext__                      
abs   ffffffff  ___pinit__                      
0     00009000  ___text__                       
0     00009ed1  __args_main                     
1     0000c4bc  __lock                          
0     00009ef2  __nop                           
0     00009eee  __register_lock                 
0     00009eea  __register_unlock               
1     00000400  __stack                         
0     00009efd  __system_post_cinit             
0     00009efb  __system_pre_init               
1     0000c4be  __unlock                        
0     00009e72  _abort                          
0     00009bce  _analogToDigitalConverter_init  
0     00009c27  _analogToDigitalConverter_send  
0     00009d6f  _c_int00                        
0     00009dc5  _copy_in                        
0     00009eb7  _ddcopy                         
1     0000c41a  _delayBufferCurr                
1     0000c420  _delayBufferPrev                
1     0000c416  _delaySizeInSamples             
0     00009cba  _digitalToAnalogConverter_init  
0     00009d0d  _digitalToAnalogConverter_send  
0     00009eb7  _dpcopy                         
0     00009e74  _exit                           
1     0000d000  _garbage                        
1     0000c4c4  _i                              
0     00009845  _init_ButtonInterrupt           
1     00100000  _inputBuffer                    
1     0000c4c6  _interruptTimerFlag             
1     0000c4c2  _l                              
1     00110000  _loop1                          
0     00009943  _loop1Click_ISR                 
1     0000c40a  _loop1Clicks                    
1     0014e800  _loop2                          
0     0000996a  _loop2Click_ISR                 
1     0000c410  _loopIndex                      
1     0000c412  _loopLength                     
0     000096ff  _main                           
0     00009779  _mainEffectsAndLoop             
1     0000c4ca  _mixedSample                    
1     0000c406  _noiseGate_release_time_a       
1     0000c405  _noiseGate_release_time_b       
1     0000c407  _noiseGate_sample_counter       
1     0000c409  _noiseGate_threshold            
1     0000c4c8  _p                              
0     00009eb7  _pdcopy                         
1     0000c200  _ping_1                         
1     0000d140  _ping_2                         
1     0000c000  _pong_1                         
1     0000d040  _pong_2                         
0     00009eb7  _ppcopy                         
1     0000c40e  _program_state                  
1     0000c40c  _ready                          
1     0000c400  _recording1                     
1     0000c404  _recording2                     
1     0000c4d5  _reset                          
1     0000c41e  _ringModBias                    
1     0000c402  _ringModCounter                 
1     0000c41c  _ringModDepth                   
1     0000c401  _ringModRate                    
0     000096f5  _rsvd_ISR                       
1     0000c440  _rxBuffer                       
1     0000c40d  _rxBufferIndex                  
0     00009e9b  _setFlag                        
0     00009d17  _sin                            
0     00009d17  _sinf                           
1     0000c4c0  _startAgain                     
1     0000c4d4  _stateFlag                      
1     0000c4cc  _t                              
1     0000c40b  _taps                           
1     0000c418  _tapsIndex                      
0     00009a28  _taps_ISR                       
1     0000c4c1  _temp                           
0     00009e40  _tremolo                        
1     0000c408  _tremolo_counter                
1     0000c403  _tremolo_time                   
0     00009ef3  _useGpio                        
1     0000c414  _var                            
abs   ffffffff  binit                           
0     00008000  cinit                           
0     00009efe  etext                           
abs   ffffffff  pinit                           


GLOBAL SYMBOLS: SORTED BY Symbol Address 

page  address   name                            
----  -------   ----                            
0     00008000  ___cinit__                      
0     00008000  cinit                           
0     000080c8  _DSP28x_usDelay                 
0     00009000  .text                           
0     00009000  _DMAInitialize                  
0     00009000  ___text__                       
0     0000900b  _DMACH1AddrConfig               
0     0000901b  _DMACH1BurstConfig              
0     0000902b  _DMACH1TransferConfig           
0     0000903b  _DMACH1WrapConfig               
0     0000904e  _DMACH1ModeConfig               
0     000090a8  _StartDMACH1                    
0     000090b0  _DMACH2AddrConfig               
0     000090c0  _DMACH2BurstConfig              
0     000090d0  _DMACH2TransferConfig           
0     000090e0  _DMACH2WrapConfig               
0     000090f3  _DMACH2ModeConfig               
0     0000914d  _StartDMACH2                    
0     00009155  _DMACH3AddrConfig               
0     00009165  _DMACH3BurstConfig              
0     00009175  _DMACH3TransferConfig           
0     00009185  _DMACH3WrapConfig               
0     00009198  _DMACH3ModeConfig               
0     000091f2  _StartDMACH3                    
0     000091fa  _DMACH4AddrConfig               
0     0000920a  _DMACH4BurstConfig              
0     0000921a  _DMACH4TransferConfig           
0     0000922a  _DMACH4WrapConfig               
0     0000923d  _DMACH4ModeConfig               
0     00009297  _StartDMACH4                    
0     0000929f  _DMACH5AddrConfig               
0     000092af  _DMACH5BurstConfig              
0     000092bf  _DMACH5TransferConfig           
0     000092cf  _DMACH5WrapConfig               
0     000092e2  _DMACH5ModeConfig               
0     0000933c  _StartDMACH5                    
0     00009344  _DMACH6AddrConfig               
0     00009354  _DMACH6BurstConfig              
0     00009364  _DMACH6TransferConfig           
0     00009374  _DMACH6WrapConfig               
0     00009387  _DMACH6ModeConfig               
0     000093e1  _StartDMACH6                    
0     000093e9  _INT13_ISR                      
0     000093f3  _INT14_ISR                      
0     000093fd  _DATALOG_ISR                    
0     00009407  _RTOSINT_ISR                    
0     00009411  _EMUINT_ISR                     
0     0000941b  _NMI_ISR                        
0     00009425  _ILLEGAL_ISR                    
0     0000942f  _USER1_ISR                      
0     00009439  _USER2_ISR                      
0     00009443  _USER3_ISR                      
0     0000944d  _USER4_ISR                      
0     00009457  _USER5_ISR                      
0     00009461  _USER6_ISR                      
0     0000946b  _USER7_ISR                      
0     00009475  _USER8_ISR                      
0     0000947f  _USER9_ISR                      
0     00009489  _USER10_ISR                     
0     00009493  _USER11_ISR                     
0     0000949d  _USER12_ISR                     
0     000094a7  _SEQ1INT_ISR                    
0     000094b1  _SEQ2INT_ISR                    
0     000094bb  _XINT1_ISR                      
0     000094c5  _XINT2_ISR                      
0     000094cf  _ADCINT_ISR                     
0     000094d9  _TINT0_ISR                      
0     000094e3  _WAKEINT_ISR                    
0     000094ed  _EPWM1_TZINT_ISR                
0     000094f7  _EPWM2_TZINT_ISR                
0     00009501  _EPWM3_TZINT_ISR                
0     0000950b  _EPWM4_TZINT_ISR                
0     00009515  _EPWM5_TZINT_ISR                
0     0000951f  _EPWM6_TZINT_ISR                
0     00009529  _EPWM1_INT_ISR                  
0     00009533  _EPWM2_INT_ISR                  
0     0000953d  _EPWM3_INT_ISR                  
0     00009547  _EPWM4_INT_ISR                  
0     00009551  _EPWM5_INT_ISR                  
0     0000955b  _EPWM6_INT_ISR                  
0     00009565  _ECAP1_INT_ISR                  
0     0000956f  _ECAP2_INT_ISR                  
0     00009579  _ECAP3_INT_ISR                  
0     00009583  _ECAP4_INT_ISR                  
0     0000958d  _ECAP5_INT_ISR                  
0     00009597  _ECAP6_INT_ISR                  
0     000095a1  _EQEP1_INT_ISR                  
0     000095ab  _EQEP2_INT_ISR                  
0     000095b5  _SPIRXINTA_ISR                  
0     000095bf  _SPITXINTA_ISR                  
0     000095c9  _MRINTB_ISR                     
0     000095d3  _MXINTB_ISR                     
0     000095dd  _MRINTA_ISR                     
0     000095e7  _MXINTA_ISR                     
0     000095f1  _DINTCH1_ISR                    
0     000095fb  _DINTCH2_ISR                    
0     00009605  _DINTCH3_ISR                    
0     0000960f  _DINTCH4_ISR                    
0     00009619  _DINTCH5_ISR                    
0     00009623  _DINTCH6_ISR                    
0     0000962d  _I2CINT1A_ISR                   
0     00009637  _I2CINT2A_ISR                   
0     00009641  _SCIRXINTC_ISR                  
0     0000964b  _SCITXINTC_ISR                  
0     00009655  _SCIRXINTA_ISR                  
0     0000965f  _SCITXINTA_ISR                  
0     00009669  _SCIRXINTB_ISR                  
0     00009673  _SCITXINTB_ISR                  
0     0000967d  _ECAN0INTA_ISR                  
0     00009687  _ECAN1INTA_ISR                  
0     00009691  _ECAN0INTB_ISR                  
0     0000969b  _ECAN1INTB_ISR                  
0     000096a5  _XINT3_ISR                      
0     000096af  _XINT4_ISR                      
0     000096b9  _XINT5_ISR                      
0     000096c3  _XINT6_ISR                      
0     000096cd  _XINT7_ISR                      
0     000096d7  _LVF_ISR                        
0     000096e1  _LUF_ISR                        
0     000096eb  _PIE_RESERVED                   
0     000096f5  _rsvd_ISR                       
0     000096ff  _main                           
0     00009779  _mainEffectsAndLoop             
0     00009827  _Init_Timer1                    
0     00009845  _init_ButtonInterrupt           
0     0000988e  _Init_DMA                       
0     0000992a  _Timer1_ISR                     
0     00009943  _loop1Click_ISR                 
0     0000996a  _loop2Click_ISR                 
0     00009991  _MRB_ISR                        
0     000099b0  _DMA_CH3                        
0     000099c3  _DMA_CH2                        
0     00009a28  _taps_ISR                       
0     00009a4e  _InitSysCtrl                    
0     00009a57  _ServiceDog                     
0     00009a61  _DisableDog                     
0     00009a69  _InitPll                        
0     00009aba  _InitPeripheralClocks           
0     00009b15  _CsmUnlock                      
0     00009b46  FS$$DIV                         
0     00009bce  _analogToDigitalConverter_init  
0     00009c27  _analogToDigitalConverter_send  
0     00009c47  _InitCpuTimers                  
0     00009c80  _ConfigCpuTimer                 
0     00009cba  _digitalToAnalogConverter_init  
0     00009d0d  _digitalToAnalogConverter_send  
0     00009d17  _sin                            
0     00009d17  _sinf                           
0     00009d6f  _c_int00                        
0     00009dc5  _copy_in                        
0     00009e0b  _Sram_init                      
0     00009e40  _tremolo                        
0     00009e72  C$$EXIT                         
0     00009e72  _abort                          
0     00009e74  _exit                           
0     00009e9b  _setFlag                        
0     00009eb7  _ddcopy                         
0     00009eb7  _dpcopy                         
0     00009eb7  _pdcopy                         
0     00009eb7  _ppcopy                         
0     00009ed1  __args_main                     
0     00009eea  __register_unlock               
0     00009eee  __register_lock                 
0     00009ef2  __nop                           
0     00009ef3  _useGpio                        
0     00009efb  __system_pre_init               
0     00009efd  __system_post_cinit             
0     00009efe  ___etext__                      
0     00009efe  etext                           
0     00380080  _ADC_cal                        
1     00000400  __stack                         
1     00000700  __STACK_END                     
1     00000880  _DevEmuRegs                     
1     00000a80  _FlashRegs                      
1     00000ae0  _CsmRegs                        
1     00000b00  _AdcMirror                      
1     00000b20  _XintfRegs                      
1     00000c00  _CpuTimer0Regs                  
1     00000c08  _CpuTimer1Regs                  
1     00000c10  _CpuTimer2Regs                  
1     00000ce0  _PieCtrlRegs                    
1     00000d00  _PieVectTable                   
1     00001000  _DmaRegs                        
1     00005000  _McbspaRegs                     
1     00005040  _McbspbRegs                     
1     00006000  _ECanaRegs                      
1     00006040  _ECanaLAMRegs                   
1     00006080  _ECanaMOTSRegs                  
1     000060c0  _ECanaMOTORegs                  
1     00006100  _ECanaMboxes                    
1     00006200  _ECanbRegs                      
1     00006240  _ECanbLAMRegs                   
1     00006280  _ECanbMOTSRegs                  
1     000062c0  _ECanbMOTORegs                  
1     00006300  _ECanbMboxes                    
1     00006800  _EPwm1Regs                      
1     00006840  _EPwm2Regs                      
1     00006880  _EPwm3Regs                      
1     000068c0  _EPwm4Regs                      
1     00006900  _EPwm5Regs                      
1     00006940  _EPwm6Regs                      
1     00006a00  _ECap1Regs                      
1     00006a20  _ECap2Regs                      
1     00006a40  _ECap3Regs                      
1     00006a60  _ECap4Regs                      
1     00006a80  _ECap5Regs                      
1     00006aa0  _ECap6Regs                      
1     00006b00  _EQep1Regs                      
1     00006b40  _EQep2Regs                      
1     00006f80  _GpioCtrlRegs                   
1     00006fc0  _GpioDataRegs                   
1     00006fe0  _GpioIntRegs                    
1     00007010  _SysCtrlRegs                    
1     00007040  _SpiaRegs                       
1     00007050  _SciaRegs                       
1     00007070  _XIntruptRegs                   
1     00007100  _AdcRegs                        
1     00007750  _ScibRegs                       
1     00007770  _ScicRegs                       
1     00007900  _I2caRegs                       
1     0000c000  _pong_1                         
1     0000c200  _ping_1                         
1     0000c400  _recording1                     
1     0000c401  _ringModRate                    
1     0000c402  _ringModCounter                 
1     0000c403  _tremolo_time                   
1     0000c404  _recording2                     
1     0000c405  _noiseGate_release_time_b       
1     0000c406  _noiseGate_release_time_a       
1     0000c407  _noiseGate_sample_counter       
1     0000c408  _tremolo_counter                
1     0000c409  _noiseGate_threshold            
1     0000c40a  _loop1Clicks                    
1     0000c40b  _taps                           
1     0000c40c  _ready                          
1     0000c40d  _rxBufferIndex                  
1     0000c40e  _program_state                  
1     0000c410  _loopIndex                      
1     0000c412  _loopLength                     
1     0000c414  _var                            
1     0000c416  _delaySizeInSamples             
1     0000c418  _tapsIndex                      
1     0000c41a  _delayBufferCurr                
1     0000c41c  _ringModDepth                   
1     0000c41e  _ringModBias                    
1     0000c420  _delayBufferPrev                
1     0000c440  _rxBuffer                       
1     0000c4a4  _CpuTimer1                      
1     0000c4ac  _CpuTimer2                      
1     0000c4b4  _CpuTimer0                      
1     0000c4bc  __lock                          
1     0000c4be  __unlock                        
1     0000c4c0  _startAgain                     
1     0000c4c1  _temp                           
1     0000c4c2  _l                              
1     0000c4c4  _i                              
1     0000c4c6  _interruptTimerFlag             
1     0000c4c8  _p                              
1     0000c4ca  _mixedSample                    
1     0000c4cc  _t                              
1     0000c4ce  ___TI_enable_exit_profile_output
1     0000c4d0  ___TI_cleanup_ptr               
1     0000c4d2  ___TI_dtors_ptr                 
1     0000c4d4  _stateFlag                      
1     0000c4d5  _reset                          
1     0000d000  _garbage                        
1     0000d040  _pong_2                         
1     0000d140  _ping_2                         
1     00100000  _inputBuffer                    
1     00110000  _loop1                          
1     0014e800  _loop2                          
1     0033fff8  _CsmPwl                         
1     00380090  _PartIdRegs                     
abs   00000300  __STACK_SIZE                    
abs   ffffffff  ___TI_pprof_out_hndl            
abs   ffffffff  ___TI_prof_data_size            
abs   ffffffff  ___TI_prof_data_start           
abs   ffffffff  ___binit__                      
abs   ffffffff  ___c_args__                     
abs   ffffffff  ___pinit__                      
abs   ffffffff  binit                           
abs   ffffffff  pinit                           

[282 symbols]
