<?xml version="1.0"?>
<link_info>
   <banner>TMS320C2000 Linker Unix v15.12.3.LTS</banner>
   <copyright>Copyright (c) 1996-2015 Texas Instruments Incorporated</copyright>
   <link_time>0x5978ae04</link_time>
   <link_errors>0x0</link_errors>
   <output_file>MAIN.out</output_file>
   <entry_point>
      <name>_c_int00</name>
      <address>0x9d75</address>
   </entry_point>
   <input_file_list>
      <input_file id="fl-2">
         <path>./</path>
         <kind>object</kind>
         <file>MAIN.obj</file>
         <name>MAIN.obj</name>
      </input_file>
      <input_file id="fl-3">
         <path>./Common/</path>
         <kind>object</kind>
         <file>DSP2833x_ADC_cal.obj</file>
         <name>DSP2833x_ADC_cal.obj</name>
      </input_file>
      <input_file id="fl-4">
         <path>./Common/</path>
         <kind>object</kind>
         <file>DSP2833x_CpuTimers.obj</file>
         <name>DSP2833x_CpuTimers.obj</name>
      </input_file>
      <input_file id="fl-5">
         <path>./Common/</path>
         <kind>object</kind>
         <file>DSP2833x_DMA.obj</file>
         <name>DSP2833x_DMA.obj</name>
      </input_file>
      <input_file id="fl-6">
         <path>./Common/</path>
         <kind>object</kind>
         <file>DSP2833x_DefaultIsr.obj</file>
         <name>DSP2833x_DefaultIsr.obj</name>
      </input_file>
      <input_file id="fl-7">
         <path>./Common/</path>
         <kind>object</kind>
         <file>DSP2833x_I2C.obj</file>
         <name>DSP2833x_I2C.obj</name>
      </input_file>
      <input_file id="fl-8">
         <path>./Common/</path>
         <kind>object</kind>
         <file>DSP2833x_Mcbsp.obj</file>
         <name>DSP2833x_Mcbsp.obj</name>
      </input_file>
      <input_file id="fl-9">
         <path>./Common/</path>
         <kind>object</kind>
         <file>DSP2833x_MemCopy.obj</file>
         <name>DSP2833x_MemCopy.obj</name>
      </input_file>
      <input_file id="fl-a">
         <path>./Common/</path>
         <kind>object</kind>
         <file>DSP2833x_PieCtrl.obj</file>
         <name>DSP2833x_PieCtrl.obj</name>
      </input_file>
      <input_file id="fl-b">
         <path>./Common/</path>
         <kind>object</kind>
         <file>DSP2833x_PieVect.obj</file>
         <name>DSP2833x_PieVect.obj</name>
      </input_file>
      <input_file id="fl-c">
         <path>./Common/</path>
         <kind>object</kind>
         <file>DSP2833x_Sci.obj</file>
         <name>DSP2833x_Sci.obj</name>
      </input_file>
      <input_file id="fl-d">
         <path>./Common/</path>
         <kind>object</kind>
         <file>DSP2833x_Spi.obj</file>
         <name>DSP2833x_Spi.obj</name>
      </input_file>
      <input_file id="fl-e">
         <path>./Common/</path>
         <kind>object</kind>
         <file>DSP2833x_SysCtrl.obj</file>
         <name>DSP2833x_SysCtrl.obj</name>
      </input_file>
      <input_file id="fl-f">
         <path>./Common/</path>
         <kind>object</kind>
         <file>DSP2833x_Xintf.obj</file>
         <name>DSP2833x_Xintf.obj</name>
      </input_file>
      <input_file id="fl-10">
         <path>./Common/</path>
         <kind>object</kind>
         <file>DSP2833x_usDelay.obj</file>
         <name>DSP2833x_usDelay.obj</name>
      </input_file>
      <input_file id="fl-11">
         <path>./Effects/</path>
         <kind>object</kind>
         <file>noise_gate.obj</file>
         <name>noise_gate.obj</name>
      </input_file>
      <input_file id="fl-12">
         <path>./Effects/</path>
         <kind>object</kind>
         <file>oldPhaser.obj</file>
         <name>oldPhaser.obj</name>
      </input_file>
      <input_file id="fl-13">
         <path>./Effects/</path>
         <kind>object</kind>
         <file>ringmod.obj</file>
         <name>ringmod.obj</name>
      </input_file>
      <input_file id="fl-14">
         <path>./Effects/</path>
         <kind>object</kind>
         <file>squares.obj</file>
         <name>squares.obj</name>
      </input_file>
      <input_file id="fl-15">
         <path>./Effects/</path>
         <kind>object</kind>
         <file>tremolo.obj</file>
         <name>tremolo.obj</name>
      </input_file>
      <input_file id="fl-16">
         <path>./Headers/</path>
         <kind>object</kind>
         <file>DSP2833x_GlobalVariableDefs.obj</file>
         <name>DSP2833x_GlobalVariableDefs.obj</name>
      </input_file>
      <input_file id="fl-17">
         <path>./Peripherals/</path>
         <kind>object</kind>
         <file>Sram.obj</file>
         <name>Sram.obj</name>
      </input_file>
      <input_file id="fl-18">
         <path>./Peripherals/</path>
         <kind>object</kind>
         <file>analogToDigitalConverter.obj</file>
         <name>analogToDigitalConverter.obj</name>
      </input_file>
      <input_file id="fl-19">
         <path>./Peripherals/</path>
         <kind>object</kind>
         <file>audioCntrl.obj</file>
         <name>audioCntrl.obj</name>
      </input_file>
      <input_file id="fl-1a">
         <path>./Peripherals/</path>
         <kind>object</kind>
         <file>digitalToAnalogConverter.obj</file>
         <name>digitalToAnalogConverter.obj</name>
      </input_file>
      <input_file id="fl-1b">
         <path>./Peripherals/</path>
         <kind>object</kind>
         <file>timer.obj</file>
         <name>timer.obj</name>
      </input_file>
      <input_file id="fl-26">
         <path>/Applications/ti/ccsv6/tools/compiler/c2000_15.12.3.LTS/lib/</path>
         <kind>archive</kind>
         <file>rts2800_fpu32.lib</file>
         <name>boot.obj</name>
      </input_file>
      <input_file id="fl-27">
         <path>/Applications/ti/ccsv6/tools/compiler/c2000_15.12.3.LTS/lib/</path>
         <kind>archive</kind>
         <file>rts2800_fpu32.lib</file>
         <name>cpy_tbl.obj</name>
      </input_file>
      <input_file id="fl-28">
         <path>/Applications/ti/ccsv6/tools/compiler/c2000_15.12.3.LTS/lib/</path>
         <kind>archive</kind>
         <file>rts2800_fpu32.lib</file>
         <name>cpy_utils.obj</name>
      </input_file>
      <input_file id="fl-29">
         <path>/Applications/ti/ccsv6/tools/compiler/c2000_15.12.3.LTS/lib/</path>
         <kind>archive</kind>
         <file>rts2800_fpu32.lib</file>
         <name>exit.obj</name>
      </input_file>
      <input_file id="fl-2a">
         <path>/Applications/ti/ccsv6/tools/compiler/c2000_15.12.3.LTS/lib/</path>
         <kind>archive</kind>
         <file>rts2800_fpu32.lib</file>
         <name>fs_div.obj</name>
      </input_file>
      <input_file id="fl-2b">
         <path>/Applications/ti/ccsv6/tools/compiler/c2000_15.12.3.LTS/lib/</path>
         <kind>archive</kind>
         <file>rts2800_fpu32.lib</file>
         <name>pre_init.obj</name>
      </input_file>
      <input_file id="fl-2c">
         <path>/Applications/ti/ccsv6/tools/compiler/c2000_15.12.3.LTS/lib/</path>
         <kind>archive</kind>
         <file>rts2800_fpu32.lib</file>
         <name>s_cosf.obj</name>
      </input_file>
      <input_file id="fl-2d">
         <path>/Applications/ti/ccsv6/tools/compiler/c2000_15.12.3.LTS/lib/</path>
         <kind>archive</kind>
         <file>rts2800_fpu32.lib</file>
         <name>s_sinf.obj</name>
      </input_file>
      <input_file id="fl-2e">
         <path>/Applications/ti/ccsv6/tools/compiler/c2000_15.12.3.LTS/lib/</path>
         <kind>archive</kind>
         <file>rts2800_fpu32.lib</file>
         <name>s_tanf.obj</name>
      </input_file>
      <input_file id="fl-2f">
         <path>/Applications/ti/ccsv6/tools/compiler/c2000_15.12.3.LTS/lib/</path>
         <kind>archive</kind>
         <file>rts2800_fpu32.lib</file>
         <name>startup.obj</name>
      </input_file>
      <input_file id="fl-30">
         <path>/Applications/ti/ccsv6/tools/compiler/c2000_15.12.3.LTS/lib/</path>
         <kind>archive</kind>
         <file>rts2800_fpu32.lib</file>
         <name>_lock.obj</name>
      </input_file>
      <input_file id="fl-31">
         <path>/Applications/ti/ccsv6/tools/compiler/c2000_15.12.3.LTS/lib/</path>
         <kind>archive</kind>
         <file>rts2800_fpu32.lib</file>
         <name>args_main.obj</name>
      </input_file>
   </input_file_list>
   <object_component_list>
      <object_component id="oc-9c">
         <name>ramfuncs</name>
         <load_address>0x811c</load_address>
         <run_address>0x811c</run_address>
         <size>0x4</size>
         <input_file_ref idref="fl-10"/>
      </object_component>
      <object_component id="oc-152">
         <name>.text</name>
         <load_address>0x9000</load_address>
         <run_address>0x9000</run_address>
         <size>0x3e9</size>
         <input_file_ref idref="fl-5"/>
      </object_component>
      <object_component id="oc-6a">
         <name>.text:retain</name>
         <load_address>0x93e9</load_address>
         <run_address>0x93e9</run_address>
         <size>0x316</size>
         <input_file_ref idref="fl-6"/>
      </object_component>
      <object_component id="oc-153">
         <name>.text</name>
         <load_address>0x96ff</load_address>
         <run_address>0x96ff</run_address>
         <size>0x230</size>
         <input_file_ref idref="fl-2"/>
      </object_component>
      <object_component id="oc-54">
         <name>.text:retain</name>
         <load_address>0x992f</load_address>
         <run_address>0x992f</run_address>
         <size>0x125</size>
         <input_file_ref idref="fl-2"/>
      </object_component>
      <object_component id="oc-156">
         <name>.text</name>
         <load_address>0x9a54</load_address>
         <run_address>0x9a54</run_address>
         <size>0xf8</size>
         <input_file_ref idref="fl-e"/>
      </object_component>
      <object_component id="oc-125">
         <name>.text</name>
         <load_address>0x9b4c</load_address>
         <run_address>0x9b4c</run_address>
         <size>0x88</size>
         <input_file_ref idref="fl-2a"/>
      </object_component>
      <object_component id="oc-158">
         <name>.text</name>
         <load_address>0x9bd4</load_address>
         <run_address>0x9bd4</run_address>
         <size>0x79</size>
         <input_file_ref idref="fl-18"/>
      </object_component>
      <object_component id="oc-15c">
         <name>.text</name>
         <load_address>0x9c4d</load_address>
         <run_address>0x9c4d</run_address>
         <size>0x73</size>
         <input_file_ref idref="fl-4"/>
      </object_component>
      <object_component id="oc-159">
         <name>.text</name>
         <load_address>0x9cc0</load_address>
         <run_address>0x9cc0</run_address>
         <size>0x5d</size>
         <input_file_ref idref="fl-1a"/>
      </object_component>
      <object_component id="oc-15f">
         <name>.text</name>
         <load_address>0x9d1d</load_address>
         <run_address>0x9d1d</run_address>
         <size>0x58</size>
         <input_file_ref idref="fl-2d"/>
      </object_component>
      <object_component id="oc-4d">
         <name>.text</name>
         <load_address>0x9d75</load_address>
         <run_address>0x9d75</run_address>
         <size>0x56</size>
         <input_file_ref idref="fl-26"/>
      </object_component>
      <object_component id="oc-14e">
         <name>.text</name>
         <load_address>0x9dcb</load_address>
         <run_address>0x9dcb</run_address>
         <size>0x46</size>
         <input_file_ref idref="fl-27"/>
      </object_component>
      <object_component id="oc-157">
         <name>.text</name>
         <load_address>0x9e11</load_address>
         <run_address>0x9e11</run_address>
         <size>0x35</size>
         <input_file_ref idref="fl-17"/>
      </object_component>
      <object_component id="oc-15b">
         <name>.text</name>
         <load_address>0x9e46</load_address>
         <run_address>0x9e46</run_address>
         <size>0x32</size>
         <input_file_ref idref="fl-15"/>
      </object_component>
      <object_component id="oc-151">
         <name>.text</name>
         <load_address>0x9e78</load_address>
         <run_address>0x9e78</run_address>
         <size>0x29</size>
         <input_file_ref idref="fl-29"/>
      </object_component>
      <object_component id="oc-109">
         <name>.text:retain</name>
         <load_address>0x9ea1</load_address>
         <run_address>0x9ea1</run_address>
         <size>0x1c</size>
         <input_file_ref idref="fl-1b"/>
      </object_component>
      <object_component id="oc-119">
         <name>.text</name>
         <load_address>0x9ebd</load_address>
         <run_address>0x9ebd</run_address>
         <size>0x1a</size>
         <input_file_ref idref="fl-28"/>
      </object_component>
      <object_component id="oc-150">
         <name>.text</name>
         <load_address>0x9ed7</load_address>
         <run_address>0x9ed7</run_address>
         <size>0x19</size>
         <input_file_ref idref="fl-31"/>
      </object_component>
      <object_component id="oc-15d">
         <name>.text</name>
         <load_address>0x9ef0</load_address>
         <run_address>0x9ef0</run_address>
         <size>0x9</size>
         <input_file_ref idref="fl-30"/>
      </object_component>
      <object_component id="oc-15a">
         <name>.text</name>
         <load_address>0x9ef9</load_address>
         <run_address>0x9ef9</run_address>
         <size>0x8</size>
         <input_file_ref idref="fl-19"/>
      </object_component>
      <object_component id="oc-14d">
         <name>.text</name>
         <load_address>0x9f01</load_address>
         <run_address>0x9f01</run_address>
         <size>0x2</size>
         <input_file_ref idref="fl-2b"/>
      </object_component>
      <object_component id="oc-14f">
         <name>.text</name>
         <load_address>0x9f03</load_address>
         <run_address>0x9f03</run_address>
         <size>0x1</size>
         <input_file_ref idref="fl-2f"/>
      </object_component>
      <object_component id="oc-4f">
         <name>.cinit</name>
         <load_address>0x8000</load_address>
         <run_address>0x8000</run_address>
         <size>0x80</size>
         <input_file_ref idref="fl-2"/>
      </object_component>
      <object_component id="oc-a7">
         <name>.cinit</name>
         <load_address>0x8080</load_address>
         <run_address>0x8080</run_address>
         <size>0x54</size>
         <input_file_ref idref="fl-12"/>
      </object_component>
      <object_component id="oc-107">
         <name>.cinit</name>
         <load_address>0x80d4</load_address>
         <run_address>0x80d4</run_address>
         <size>0x26</size>
         <input_file_ref idref="fl-1b"/>
      </object_component>
      <object_component id="oc-11f">
         <name>.cinit</name>
         <load_address>0x80fa</load_address>
         <run_address>0x80fa</run_address>
         <size>0xe</size>
         <input_file_ref idref="fl-29"/>
      </object_component>
      <object_component id="oc-fb">
         <name>.cinit</name>
         <load_address>0x8108</load_address>
         <run_address>0x8108</run_address>
         <size>0x8</size>
         <input_file_ref idref="fl-19"/>
      </object_component>
      <object_component id="oc-155">
         <name>.cinit:__lock</name>
         <load_address>0x8110</load_address>
         <run_address>0x8110</run_address>
         <size>0x5</size>
         <input_file_ref idref="fl-30"/>
      </object_component>
      <object_component id="oc-15e">
         <name>.cinit:__unlock</name>
         <load_address>0x8115</load_address>
         <run_address>0x8115</run_address>
         <size>0x5</size>
         <input_file_ref idref="fl-30"/>
      </object_component>
      <object_component id="oc-53">
         <name>.memory</name>
         <uninitialized>true</uninitialized>
         <run_address>0x100000</run_address>
         <size>0x8d000</size>
         <input_file_ref idref="fl-2"/>
      </object_component>
      <object_component id="oc-10e">
         <name>.stack</name>
         <uninitialized>true</uninitialized>
         <run_address>0x400</run_address>
         <size>0x0</size>
         <input_file_ref idref="fl-26"/>
      </object_component>
      <object_component id="oc-1b8">
         <name>.stack</name>
         <uninitialized>true</uninitialized>
         <run_address>0x400</run_address>
         <size>0x0</size>
      </object_component>
      <object_component id="oc-50">
         <name>.ebss</name>
         <uninitialized>true</uninitialized>
         <run_address>0xc400</run_address>
         <size>0xa4</size>
         <input_file_ref idref="fl-2"/>
      </object_component>
      <object_component id="oc-5f">
         <name>.ebss</name>
         <uninitialized>true</uninitialized>
         <run_address>0xc4a4</run_address>
         <size>0x18</size>
         <input_file_ref idref="fl-4"/>
      </object_component>
      <object_component id="oc-a8">
         <name>.ebss</name>
         <uninitialized>true</uninitialized>
         <run_address>0xc4c0</run_address>
         <size>0x34</size>
         <input_file_ref idref="fl-12"/>
      </object_component>
      <object_component id="oc-fc">
         <name>.ebss</name>
         <uninitialized>true</uninitialized>
         <run_address>0xc4fa</run_address>
         <size>0x2</size>
         <input_file_ref idref="fl-19"/>
      </object_component>
      <object_component id="oc-108">
         <name>.ebss</name>
         <uninitialized>true</uninitialized>
         <run_address>0xc500</run_address>
         <size>0xe</size>
         <input_file_ref idref="fl-1b"/>
      </object_component>
      <object_component id="oc-120">
         <name>.ebss</name>
         <uninitialized>true</uninitialized>
         <run_address>0xc4f4</run_address>
         <size>0x6</size>
         <input_file_ref idref="fl-29"/>
      </object_component>
      <object_component id="oc-160">
         <name>.ebss:__unlock</name>
         <uninitialized>true</uninitialized>
         <run_address>0xc4be</run_address>
         <size>0x2</size>
         <input_file_ref idref="fl-30"/>
      </object_component>
      <object_component id="oc-154">
         <name>.ebss:__lock</name>
         <uninitialized>true</uninitialized>
         <run_address>0xc4bc</run_address>
         <size>0x2</size>
         <input_file_ref idref="fl-30"/>
      </object_component>
      <object_component id="oc-52">
         <name>DMARAML4</name>
         <uninitialized>true</uninitialized>
         <run_address>0xc000</run_address>
         <size>0x400</size>
         <input_file_ref idref="fl-2"/>
      </object_component>
      <object_component id="oc-51">
         <name>DMARAML5</name>
         <uninitialized>true</uninitialized>
         <run_address>0xd000</run_address>
         <size>0x240</size>
         <input_file_ref idref="fl-2"/>
      </object_component>
      <object_component id="oc-10f">
         <name>.reset</name>
         <load_address>0x3fffc0</load_address>
         <run_address>0x3fffc0</run_address>
         <size>0x2</size>
         <input_file_ref idref="fl-26"/>
      </object_component>
      <object_component id="oc-59">
         <name>.adc_cal</name>
         <load_address>0x380080</load_address>
         <run_address>0x380080</run_address>
         <size>0x7</size>
         <input_file_ref idref="fl-3"/>
      </object_component>
      <object_component id="oc-ee">
         <name>PieVectTableFile</name>
         <uninitialized>true</uninitialized>
         <run_address>0xd00</run_address>
         <size>0x100</size>
         <input_file_ref idref="fl-16"/>
      </object_component>
      <object_component id="oc-ea">
         <name>DevEmuRegsFile</name>
         <uninitialized>true</uninitialized>
         <run_address>0x880</run_address>
         <size>0xd0</size>
         <input_file_ref idref="fl-16"/>
      </object_component>
      <object_component id="oc-c0">
         <name>FlashRegsFile</name>
         <uninitialized>true</uninitialized>
         <run_address>0xa80</run_address>
         <size>0x8</size>
         <input_file_ref idref="fl-16"/>
      </object_component>
      <object_component id="oc-c8">
         <name>CsmRegsFile</name>
         <uninitialized>true</uninitialized>
         <run_address>0xae0</run_address>
         <size>0x10</size>
         <input_file_ref idref="fl-16"/>
      </object_component>
      <object_component id="oc-c9">
         <name>AdcMirrorFile</name>
         <uninitialized>true</uninitialized>
         <run_address>0xb00</run_address>
         <size>0x10</size>
         <input_file_ref idref="fl-16"/>
      </object_component>
      <object_component id="oc-cd">
         <name>XintfRegsFile</name>
         <uninitialized>true</uninitialized>
         <run_address>0xb20</run_address>
         <size>0x1e</size>
         <input_file_ref idref="fl-16"/>
      </object_component>
      <object_component id="oc-c1">
         <name>CpuTimer0RegsFile</name>
         <uninitialized>true</uninitialized>
         <run_address>0xc00</run_address>
         <size>0x8</size>
         <input_file_ref idref="fl-16"/>
      </object_component>
      <object_component id="oc-c2">
         <name>CpuTimer1RegsFile</name>
         <uninitialized>true</uninitialized>
         <run_address>0xc08</run_address>
         <size>0x8</size>
         <input_file_ref idref="fl-16"/>
      </object_component>
      <object_component id="oc-be">
         <name>CpuTimer2RegsFile</name>
         <uninitialized>true</uninitialized>
         <run_address>0xc10</run_address>
         <size>0x8</size>
         <input_file_ref idref="fl-16"/>
      </object_component>
      <object_component id="oc-cb">
         <name>PieCtrlRegsFile</name>
         <uninitialized>true</uninitialized>
         <run_address>0xce0</run_address>
         <size>0x1a</size>
         <input_file_ref idref="fl-16"/>
      </object_component>
      <object_component id="oc-eb">
         <name>DmaRegsFile</name>
         <uninitialized>true</uninitialized>
         <run_address>0x1000</run_address>
         <size>0xe0</size>
         <input_file_ref idref="fl-16"/>
      </object_component>
      <object_component id="oc-de">
         <name>McbspaRegsFile</name>
         <uninitialized>true</uninitialized>
         <run_address>0x5000</run_address>
         <size>0x25</size>
         <input_file_ref idref="fl-16"/>
      </object_component>
      <object_component id="oc-dd">
         <name>McbspbRegsFile</name>
         <uninitialized>true</uninitialized>
         <run_address>0x5040</run_address>
         <size>0x25</size>
         <input_file_ref idref="fl-16"/>
      </object_component>
      <object_component id="oc-e0">
         <name>ECanaRegsFile</name>
         <uninitialized>true</uninitialized>
         <run_address>0x6000</run_address>
         <size>0x34</size>
         <input_file_ref idref="fl-16"/>
      </object_component>
      <object_component id="oc-e4">
         <name>ECanaLAMRegsFile</name>
         <uninitialized>true</uninitialized>
         <run_address>0x6040</run_address>
         <size>0x40</size>
         <input_file_ref idref="fl-16"/>
      </object_component>
      <object_component id="oc-ed">
         <name>ECanaMboxesFile</name>
         <uninitialized>true</uninitialized>
         <run_address>0x6100</run_address>
         <size>0x100</size>
         <input_file_ref idref="fl-16"/>
      </object_component>
      <object_component id="oc-e5">
         <name>ECanaMOTSRegsFile</name>
         <uninitialized>true</uninitialized>
         <run_address>0x6080</run_address>
         <size>0x40</size>
         <input_file_ref idref="fl-16"/>
      </object_component>
      <object_component id="oc-e2">
         <name>ECanaMOTORegsFile</name>
         <uninitialized>true</uninitialized>
         <run_address>0x60c0</run_address>
         <size>0x40</size>
         <input_file_ref idref="fl-16"/>
      </object_component>
      <object_component id="oc-e1">
         <name>ECanbRegsFile</name>
         <uninitialized>true</uninitialized>
         <run_address>0x6200</run_address>
         <size>0x34</size>
         <input_file_ref idref="fl-16"/>
      </object_component>
      <object_component id="oc-e9">
         <name>ECanbLAMRegsFile</name>
         <uninitialized>true</uninitialized>
         <run_address>0x6240</run_address>
         <size>0x40</size>
         <input_file_ref idref="fl-16"/>
      </object_component>
      <object_component id="oc-ec">
         <name>ECanbMboxesFile</name>
         <uninitialized>true</uninitialized>
         <run_address>0x6300</run_address>
         <size>0x100</size>
         <input_file_ref idref="fl-16"/>
      </object_component>
      <object_component id="oc-e3">
         <name>ECanbMOTSRegsFile</name>
         <uninitialized>true</uninitialized>
         <run_address>0x6280</run_address>
         <size>0x40</size>
         <input_file_ref idref="fl-16"/>
      </object_component>
      <object_component id="oc-e6">
         <name>ECanbMOTORegsFile</name>
         <uninitialized>true</uninitialized>
         <run_address>0x62c0</run_address>
         <size>0x40</size>
         <input_file_ref idref="fl-16"/>
      </object_component>
      <object_component id="oc-db">
         <name>EPwm1RegsFile</name>
         <uninitialized>true</uninitialized>
         <run_address>0x6800</run_address>
         <size>0x22</size>
         <input_file_ref idref="fl-16"/>
      </object_component>
      <object_component id="oc-d6">
         <name>EPwm2RegsFile</name>
         <uninitialized>true</uninitialized>
         <run_address>0x6840</run_address>
         <size>0x22</size>
         <input_file_ref idref="fl-16"/>
      </object_component>
      <object_component id="oc-d7">
         <name>EPwm3RegsFile</name>
         <uninitialized>true</uninitialized>
         <run_address>0x6880</run_address>
         <size>0x22</size>
         <input_file_ref idref="fl-16"/>
      </object_component>
      <object_component id="oc-dc">
         <name>EPwm4RegsFile</name>
         <uninitialized>true</uninitialized>
         <run_address>0x68c0</run_address>
         <size>0x22</size>
         <input_file_ref idref="fl-16"/>
      </object_component>
      <object_component id="oc-d9">
         <name>EPwm5RegsFile</name>
         <uninitialized>true</uninitialized>
         <run_address>0x6900</run_address>
         <size>0x22</size>
         <input_file_ref idref="fl-16"/>
      </object_component>
      <object_component id="oc-da">
         <name>EPwm6RegsFile</name>
         <uninitialized>true</uninitialized>
         <run_address>0x6940</run_address>
         <size>0x22</size>
         <input_file_ref idref="fl-16"/>
      </object_component>
      <object_component id="oc-d0">
         <name>ECap1RegsFile</name>
         <uninitialized>true</uninitialized>
         <run_address>0x6a00</run_address>
         <size>0x20</size>
         <input_file_ref idref="fl-16"/>
      </object_component>
      <object_component id="oc-d1">
         <name>ECap2RegsFile</name>
         <uninitialized>true</uninitialized>
         <run_address>0x6a20</run_address>
         <size>0x20</size>
         <input_file_ref idref="fl-16"/>
      </object_component>
      <object_component id="oc-ce">
         <name>ECap3RegsFile</name>
         <uninitialized>true</uninitialized>
         <run_address>0x6a40</run_address>
         <size>0x20</size>
         <input_file_ref idref="fl-16"/>
      </object_component>
      <object_component id="oc-cf">
         <name>ECap4RegsFile</name>
         <uninitialized>true</uninitialized>
         <run_address>0x6a60</run_address>
         <size>0x20</size>
         <input_file_ref idref="fl-16"/>
      </object_component>
      <object_component id="oc-d4">
         <name>ECap5RegsFile</name>
         <uninitialized>true</uninitialized>
         <run_address>0x6a80</run_address>
         <size>0x20</size>
         <input_file_ref idref="fl-16"/>
      </object_component>
      <object_component id="oc-d5">
         <name>ECap6RegsFile</name>
         <uninitialized>true</uninitialized>
         <run_address>0x6aa0</run_address>
         <size>0x20</size>
         <input_file_ref idref="fl-16"/>
      </object_component>
      <object_component id="oc-e7">
         <name>EQep1RegsFile</name>
         <uninitialized>true</uninitialized>
         <run_address>0x6b00</run_address>
         <size>0x40</size>
         <input_file_ref idref="fl-16"/>
      </object_component>
      <object_component id="oc-e8">
         <name>EQep2RegsFile</name>
         <uninitialized>true</uninitialized>
         <run_address>0x6b40</run_address>
         <size>0x40</size>
         <input_file_ref idref="fl-16"/>
      </object_component>
      <object_component id="oc-df">
         <name>GpioCtrlRegsFile</name>
         <uninitialized>true</uninitialized>
         <run_address>0x6f80</run_address>
         <size>0x2e</size>
         <input_file_ref idref="fl-16"/>
      </object_component>
      <object_component id="oc-d2">
         <name>GpioDataRegsFile</name>
         <uninitialized>true</uninitialized>
         <run_address>0x6fc0</run_address>
         <size>0x20</size>
         <input_file_ref idref="fl-16"/>
      </object_component>
      <object_component id="oc-c3">
         <name>GpioIntRegsFile</name>
         <uninitialized>true</uninitialized>
         <run_address>0x6fe0</run_address>
         <size>0xa</size>
         <input_file_ref idref="fl-16"/>
      </object_component>
      <object_component id="oc-d3">
         <name>SysCtrlRegsFile</name>
         <uninitialized>true</uninitialized>
         <run_address>0x7010</run_address>
         <size>0x20</size>
         <input_file_ref idref="fl-16"/>
      </object_component>
      <object_component id="oc-c4">
         <name>SpiaRegsFile</name>
         <uninitialized>true</uninitialized>
         <run_address>0x7040</run_address>
         <size>0x10</size>
         <input_file_ref idref="fl-16"/>
      </object_component>
      <object_component id="oc-c7">
         <name>SciaRegsFile</name>
         <uninitialized>true</uninitialized>
         <run_address>0x7050</run_address>
         <size>0x10</size>
         <input_file_ref idref="fl-16"/>
      </object_component>
      <object_component id="oc-ca">
         <name>XIntruptRegsFile</name>
         <uninitialized>true</uninitialized>
         <run_address>0x7070</run_address>
         <size>0x10</size>
         <input_file_ref idref="fl-16"/>
      </object_component>
      <object_component id="oc-cc">
         <name>AdcRegsFile</name>
         <uninitialized>true</uninitialized>
         <run_address>0x7100</run_address>
         <size>0x1e</size>
         <input_file_ref idref="fl-16"/>
      </object_component>
      <object_component id="oc-c5">
         <name>ScibRegsFile</name>
         <uninitialized>true</uninitialized>
         <run_address>0x7750</run_address>
         <size>0x10</size>
         <input_file_ref idref="fl-16"/>
      </object_component>
      <object_component id="oc-c6">
         <name>ScicRegsFile</name>
         <uninitialized>true</uninitialized>
         <run_address>0x7770</run_address>
         <size>0x10</size>
         <input_file_ref idref="fl-16"/>
      </object_component>
      <object_component id="oc-d8">
         <name>I2caRegsFile</name>
         <uninitialized>true</uninitialized>
         <run_address>0x7900</run_address>
         <size>0x22</size>
         <input_file_ref idref="fl-16"/>
      </object_component>
      <object_component id="oc-bf">
         <name>CsmPwlFile</name>
         <uninitialized>true</uninitialized>
         <run_address>0x33fff8</run_address>
         <size>0x8</size>
         <input_file_ref idref="fl-16"/>
      </object_component>
      <object_component id="oc-bd">
         <name>PartIdRegsFile</name>
         <uninitialized>true</uninitialized>
         <run_address>0x380090</run_address>
         <size>0x1</size>
         <input_file_ref idref="fl-16"/>
      </object_component>
      <object_component id="oc-4e">
         <name>.debug_info</name>
         <load_address>0x0</load_address>
         <run_address>0x0</run_address>
         <size>0x886e</size>
         <input_file_ref idref="fl-2"/>
      </object_component>
      <object_component id="oc-5a">
         <name>.debug_info</name>
         <load_address>0x886e</load_address>
         <run_address>0x886e</run_address>
         <size>0x100</size>
         <input_file_ref idref="fl-3"/>
      </object_component>
      <object_component id="oc-5e">
         <name>.debug_info</name>
         <load_address>0x896e</load_address>
         <run_address>0x896e</run_address>
         <size>0x9ca</size>
         <input_file_ref idref="fl-4"/>
      </object_component>
      <object_component id="oc-64">
         <name>.debug_info</name>
         <load_address>0x9338</load_address>
         <run_address>0x9338</run_address>
         <size>0x3dc2</size>
         <input_file_ref idref="fl-5"/>
      </object_component>
      <object_component id="oc-69">
         <name>.debug_info</name>
         <load_address>0xd0fa</load_address>
         <run_address>0xd0fa</run_address>
         <size>0x247f</size>
         <input_file_ref idref="fl-6"/>
      </object_component>
      <object_component id="oc-6f">
         <name>.debug_info</name>
         <load_address>0xf579</load_address>
         <run_address>0xf579</run_address>
         <size>0x1bb1</size>
         <input_file_ref idref="fl-7"/>
      </object_component>
      <object_component id="oc-74">
         <name>.debug_info</name>
         <load_address>0x1112a</load_address>
         <run_address>0x1112a</run_address>
         <size>0x49d1</size>
         <input_file_ref idref="fl-8"/>
      </object_component>
      <object_component id="oc-79">
         <name>.debug_info</name>
         <load_address>0x15afb</load_address>
         <run_address>0x15afb</run_address>
         <size>0x37d</size>
         <input_file_ref idref="fl-9"/>
      </object_component>
      <object_component id="oc-7e">
         <name>.debug_info</name>
         <load_address>0x15e78</load_address>
         <run_address>0x15e78</run_address>
         <size>0xa8e</size>
         <input_file_ref idref="fl-a"/>
      </object_component>
      <object_component id="oc-83">
         <name>.debug_info</name>
         <load_address>0x16906</load_address>
         <run_address>0x16906</run_address>
         <size>0x2213</size>
         <input_file_ref idref="fl-b"/>
      </object_component>
      <object_component id="oc-88">
         <name>.debug_info</name>
         <load_address>0x18b19</load_address>
         <run_address>0x18b19</run_address>
         <size>0x1bb1</size>
         <input_file_ref idref="fl-c"/>
      </object_component>
      <object_component id="oc-8d">
         <name>.debug_info</name>
         <load_address>0x1a6ca</load_address>
         <run_address>0x1a6ca</run_address>
         <size>0x1bb1</size>
         <input_file_ref idref="fl-d"/>
      </object_component>
      <object_component id="oc-92">
         <name>.debug_info</name>
         <load_address>0x1c27b</load_address>
         <run_address>0x1c27b</run_address>
         <size>0x20c5</size>
         <input_file_ref idref="fl-e"/>
      </object_component>
      <object_component id="oc-97">
         <name>.debug_info</name>
         <load_address>0x1e340</load_address>
         <run_address>0x1e340</run_address>
         <size>0x2169</size>
         <input_file_ref idref="fl-f"/>
      </object_component>
      <object_component id="oc-9d">
         <name>.debug_info</name>
         <load_address>0x204a9</load_address>
         <run_address>0x204a9</run_address>
         <size>0x101</size>
         <input_file_ref idref="fl-10"/>
      </object_component>
      <object_component id="oc-a1">
         <name>.debug_info</name>
         <load_address>0x205aa</load_address>
         <run_address>0x205aa</run_address>
         <size>0x46a</size>
         <input_file_ref idref="fl-11"/>
      </object_component>
      <object_component id="oc-a6">
         <name>.debug_info</name>
         <load_address>0x20a14</load_address>
         <run_address>0x20a14</run_address>
         <size>0x6bf</size>
         <input_file_ref idref="fl-12"/>
      </object_component>
      <object_component id="oc-ad">
         <name>.debug_info</name>
         <load_address>0x210d3</load_address>
         <run_address>0x210d3</run_address>
         <size>0x413</size>
         <input_file_ref idref="fl-13"/>
      </object_component>
      <object_component id="oc-b2">
         <name>.debug_info</name>
         <load_address>0x214e6</load_address>
         <run_address>0x214e6</run_address>
         <size>0x389</size>
         <input_file_ref idref="fl-14"/>
      </object_component>
      <object_component id="oc-b7">
         <name>.debug_info</name>
         <load_address>0x2186f</load_address>
         <run_address>0x2186f</run_address>
         <size>0x4c5</size>
         <input_file_ref idref="fl-15"/>
      </object_component>
      <object_component id="oc-bc">
         <name>.debug_info</name>
         <load_address>0x21d34</load_address>
         <run_address>0x21d34</run_address>
         <size>0x1342a</size>
         <input_file_ref idref="fl-16"/>
      </object_component>
      <object_component id="oc-f0">
         <name>.debug_info</name>
         <load_address>0x3515e</load_address>
         <run_address>0x3515e</run_address>
         <size>0x2d5b</size>
         <input_file_ref idref="fl-17"/>
      </object_component>
      <object_component id="oc-f5">
         <name>.debug_info</name>
         <load_address>0x37eb9</load_address>
         <run_address>0x37eb9</run_address>
         <size>0x5775</size>
         <input_file_ref idref="fl-18"/>
      </object_component>
      <object_component id="oc-fa">
         <name>.debug_info</name>
         <load_address>0x3d62e</load_address>
         <run_address>0x3d62e</run_address>
         <size>0x1c51</size>
         <input_file_ref idref="fl-19"/>
      </object_component>
      <object_component id="oc-101">
         <name>.debug_info</name>
         <load_address>0x3f27f</load_address>
         <run_address>0x3f27f</run_address>
         <size>0x5743</size>
         <input_file_ref idref="fl-1a"/>
      </object_component>
      <object_component id="oc-106">
         <name>.debug_info</name>
         <load_address>0x449c2</load_address>
         <run_address>0x449c2</run_address>
         <size>0x2a4d</size>
         <input_file_ref idref="fl-1b"/>
      </object_component>
      <object_component id="oc-110">
         <name>.debug_info</name>
         <load_address>0x4740f</load_address>
         <run_address>0x4740f</run_address>
         <size>0x16c</size>
         <input_file_ref idref="fl-26"/>
      </object_component>
      <object_component id="oc-114">
         <name>.debug_info</name>
         <load_address>0x4757b</load_address>
         <run_address>0x4757b</run_address>
         <size>0x628</size>
         <input_file_ref idref="fl-27"/>
      </object_component>
      <object_component id="oc-11a">
         <name>.debug_info</name>
         <load_address>0x47ba3</load_address>
         <run_address>0x47ba3</run_address>
         <size>0x113</size>
         <input_file_ref idref="fl-28"/>
      </object_component>
      <object_component id="oc-11e">
         <name>.debug_info</name>
         <load_address>0x47cb6</load_address>
         <run_address>0x47cb6</run_address>
         <size>0x5ac</size>
         <input_file_ref idref="fl-29"/>
      </object_component>
      <object_component id="oc-126">
         <name>.debug_info</name>
         <load_address>0x48262</load_address>
         <run_address>0x48262</run_address>
         <size>0x10d</size>
         <input_file_ref idref="fl-2a"/>
      </object_component>
      <object_component id="oc-12a">
         <name>.debug_info</name>
         <load_address>0x4836f</load_address>
         <run_address>0x4836f</run_address>
         <size>0x3e3</size>
         <input_file_ref idref="fl-2b"/>
      </object_component>
      <object_component id="oc-12f">
         <name>.debug_info</name>
         <load_address>0x48752</load_address>
         <run_address>0x48752</run_address>
         <size>0x39d</size>
         <input_file_ref idref="fl-2c"/>
      </object_component>
      <object_component id="oc-134">
         <name>.debug_info</name>
         <load_address>0x48aef</load_address>
         <run_address>0x48aef</run_address>
         <size>0x435</size>
         <input_file_ref idref="fl-2d"/>
      </object_component>
      <object_component id="oc-139">
         <name>.debug_info</name>
         <load_address>0x48f24</load_address>
         <run_address>0x48f24</run_address>
         <size>0x389</size>
         <input_file_ref idref="fl-2e"/>
      </object_component>
      <object_component id="oc-13e">
         <name>.debug_info</name>
         <load_address>0x492ad</load_address>
         <run_address>0x492ad</run_address>
         <size>0x3e0</size>
         <input_file_ref idref="fl-2f"/>
      </object_component>
      <object_component id="oc-143">
         <name>.debug_info</name>
         <load_address>0x4968d</load_address>
         <run_address>0x4968d</run_address>
         <size>0x502</size>
         <input_file_ref idref="fl-30"/>
      </object_component>
      <object_component id="oc-148">
         <name>.debug_info</name>
         <load_address>0x49b8f</load_address>
         <run_address>0x49b8f</run_address>
         <size>0x4cf</size>
         <input_file_ref idref="fl-31"/>
      </object_component>
      <object_component id="oc-1b9">
         <name>.debug_info</name>
         <load_address>0x4a05e</load_address>
         <run_address>0x4a05e</run_address>
         <size>0xab</size>
      </object_component>
      <object_component id="oc-55">
         <name>.debug_frame</name>
         <load_address>0x0</load_address>
         <run_address>0x0</run_address>
         <size>0x2ac</size>
         <input_file_ref idref="fl-2"/>
      </object_component>
      <object_component id="oc-60">
         <name>.debug_frame</name>
         <load_address>0x2ac</load_address>
         <run_address>0x2ac</run_address>
         <size>0xbc</size>
         <input_file_ref idref="fl-4"/>
      </object_component>
      <object_component id="oc-65">
         <name>.debug_frame</name>
         <load_address>0x368</load_address>
         <run_address>0x368</run_address>
         <size>0x44f</size>
         <input_file_ref idref="fl-5"/>
      </object_component>
      <object_component id="oc-6b">
         <name>.debug_frame</name>
         <load_address>0x7b7</load_address>
         <run_address>0x7b7</run_address>
         <size>0xbf7</size>
         <input_file_ref idref="fl-6"/>
      </object_component>
      <object_component id="oc-70">
         <name>.debug_frame</name>
         <load_address>0x13ae</load_address>
         <run_address>0x13ae</run_address>
         <size>0x8c</size>
         <input_file_ref idref="fl-7"/>
      </object_component>
      <object_component id="oc-75">
         <name>.debug_frame</name>
         <load_address>0x143a</load_address>
         <run_address>0x143a</run_address>
         <size>0x8c</size>
         <input_file_ref idref="fl-8"/>
      </object_component>
      <object_component id="oc-7a">
         <name>.debug_frame</name>
         <load_address>0x14c6</load_address>
         <run_address>0x14c6</run_address>
         <size>0x8c</size>
         <input_file_ref idref="fl-9"/>
      </object_component>
      <object_component id="oc-7f">
         <name>.debug_frame</name>
         <load_address>0x1552</load_address>
         <run_address>0x1552</run_address>
         <size>0x8c</size>
         <input_file_ref idref="fl-a"/>
      </object_component>
      <object_component id="oc-84">
         <name>.debug_frame</name>
         <load_address>0x15de</load_address>
         <run_address>0x15de</run_address>
         <size>0x8c</size>
         <input_file_ref idref="fl-b"/>
      </object_component>
      <object_component id="oc-89">
         <name>.debug_frame</name>
         <load_address>0x166a</load_address>
         <run_address>0x166a</run_address>
         <size>0x8c</size>
         <input_file_ref idref="fl-c"/>
      </object_component>
      <object_component id="oc-8e">
         <name>.debug_frame</name>
         <load_address>0x16f6</load_address>
         <run_address>0x16f6</run_address>
         <size>0x8c</size>
         <input_file_ref idref="fl-d"/>
      </object_component>
      <object_component id="oc-93">
         <name>.debug_frame</name>
         <load_address>0x1782</load_address>
         <run_address>0x1782</run_address>
         <size>0x118</size>
         <input_file_ref idref="fl-e"/>
      </object_component>
      <object_component id="oc-98">
         <name>.debug_frame</name>
         <load_address>0x189a</load_address>
         <run_address>0x189a</run_address>
         <size>0x8c</size>
         <input_file_ref idref="fl-f"/>
      </object_component>
      <object_component id="oc-a2">
         <name>.debug_frame</name>
         <load_address>0x1926</load_address>
         <run_address>0x1926</run_address>
         <size>0x8c</size>
         <input_file_ref idref="fl-11"/>
      </object_component>
      <object_component id="oc-a9">
         <name>.debug_frame</name>
         <load_address>0x19b2</load_address>
         <run_address>0x19b2</run_address>
         <size>0x8c</size>
         <input_file_ref idref="fl-12"/>
      </object_component>
      <object_component id="oc-ae">
         <name>.debug_frame</name>
         <load_address>0x1a3e</load_address>
         <run_address>0x1a3e</run_address>
         <size>0x8c</size>
         <input_file_ref idref="fl-13"/>
      </object_component>
      <object_component id="oc-b3">
         <name>.debug_frame</name>
         <load_address>0x1aca</load_address>
         <run_address>0x1aca</run_address>
         <size>0x8c</size>
         <input_file_ref idref="fl-14"/>
      </object_component>
      <object_component id="oc-b8">
         <name>.debug_frame</name>
         <load_address>0x1b56</load_address>
         <run_address>0x1b56</run_address>
         <size>0xa7</size>
         <input_file_ref idref="fl-15"/>
      </object_component>
      <object_component id="oc-f1">
         <name>.debug_frame</name>
         <load_address>0x1bfd</load_address>
         <run_address>0x1bfd</run_address>
         <size>0xa1</size>
         <input_file_ref idref="fl-17"/>
      </object_component>
      <object_component id="oc-f6">
         <name>.debug_frame</name>
         <load_address>0x1c9e</load_address>
         <run_address>0x1c9e</run_address>
         <size>0xbd</size>
         <input_file_ref idref="fl-18"/>
      </object_component>
      <object_component id="oc-fd">
         <name>.debug_frame</name>
         <load_address>0x1d5b</load_address>
         <run_address>0x1d5b</run_address>
         <size>0xa1</size>
         <input_file_ref idref="fl-19"/>
      </object_component>
      <object_component id="oc-102">
         <name>.debug_frame</name>
         <load_address>0x1dfc</load_address>
         <run_address>0x1dfc</run_address>
         <size>0xbd</size>
         <input_file_ref idref="fl-1a"/>
      </object_component>
      <object_component id="oc-10a">
         <name>.debug_frame</name>
         <load_address>0x1eb9</load_address>
         <run_address>0x1eb9</run_address>
         <size>0xbd</size>
         <input_file_ref idref="fl-1b"/>
      </object_component>
      <object_component id="oc-115">
         <name>.debug_frame</name>
         <load_address>0x1f76</load_address>
         <run_address>0x1f76</run_address>
         <size>0xba</size>
         <input_file_ref idref="fl-27"/>
      </object_component>
      <object_component id="oc-121">
         <name>.debug_frame</name>
         <load_address>0x2030</load_address>
         <run_address>0x2030</run_address>
         <size>0xbf</size>
         <input_file_ref idref="fl-29"/>
      </object_component>
      <object_component id="oc-12b">
         <name>.debug_frame</name>
         <load_address>0x20ef</load_address>
         <run_address>0x20ef</run_address>
         <size>0xa1</size>
         <input_file_ref idref="fl-2b"/>
      </object_component>
      <object_component id="oc-130">
         <name>.debug_frame</name>
         <load_address>0x2190</load_address>
         <run_address>0x2190</run_address>
         <size>0x8c</size>
         <input_file_ref idref="fl-2c"/>
      </object_component>
      <object_component id="oc-135">
         <name>.debug_frame</name>
         <load_address>0x221c</load_address>
         <run_address>0x221c</run_address>
         <size>0xa8</size>
         <input_file_ref idref="fl-2d"/>
      </object_component>
      <object_component id="oc-13a">
         <name>.debug_frame</name>
         <load_address>0x22c4</load_address>
         <run_address>0x22c4</run_address>
         <size>0x8c</size>
         <input_file_ref idref="fl-2e"/>
      </object_component>
      <object_component id="oc-13f">
         <name>.debug_frame</name>
         <load_address>0x2350</load_address>
         <run_address>0x2350</run_address>
         <size>0xa1</size>
         <input_file_ref idref="fl-2f"/>
      </object_component>
      <object_component id="oc-144">
         <name>.debug_frame</name>
         <load_address>0x23f1</load_address>
         <run_address>0x23f1</run_address>
         <size>0xcb</size>
         <input_file_ref idref="fl-30"/>
      </object_component>
      <object_component id="oc-149">
         <name>.debug_frame</name>
         <load_address>0x24bc</load_address>
         <run_address>0x24bc</run_address>
         <size>0xa1</size>
         <input_file_ref idref="fl-31"/>
      </object_component>
      <object_component id="oc-56">
         <name>.debug_line</name>
         <load_address>0x0</load_address>
         <run_address>0x0</run_address>
         <size>0x2b0</size>
         <input_file_ref idref="fl-2"/>
      </object_component>
      <object_component id="oc-5b">
         <name>.debug_line</name>
         <load_address>0x2b0</load_address>
         <run_address>0x2b0</run_address>
         <size>0x50</size>
         <input_file_ref idref="fl-3"/>
      </object_component>
      <object_component id="oc-61">
         <name>.debug_line</name>
         <load_address>0x300</load_address>
         <run_address>0x300</run_address>
         <size>0x8c</size>
         <input_file_ref idref="fl-4"/>
      </object_component>
      <object_component id="oc-66">
         <name>.debug_line</name>
         <load_address>0x38c</load_address>
         <run_address>0x38c</run_address>
         <size>0x50f</size>
         <input_file_ref idref="fl-5"/>
      </object_component>
      <object_component id="oc-6c">
         <name>.debug_line</name>
         <load_address>0x89b</load_address>
         <run_address>0x89b</run_address>
         <size>0x759</size>
         <input_file_ref idref="fl-6"/>
      </object_component>
      <object_component id="oc-71">
         <name>.debug_line</name>
         <load_address>0xff4</load_address>
         <run_address>0xff4</run_address>
         <size>0x39</size>
         <input_file_ref idref="fl-7"/>
      </object_component>
      <object_component id="oc-76">
         <name>.debug_line</name>
         <load_address>0x102d</load_address>
         <run_address>0x102d</run_address>
         <size>0x3b</size>
         <input_file_ref idref="fl-8"/>
      </object_component>
      <object_component id="oc-7b">
         <name>.debug_line</name>
         <load_address>0x1068</load_address>
         <run_address>0x1068</run_address>
         <size>0x3d</size>
         <input_file_ref idref="fl-9"/>
      </object_component>
      <object_component id="oc-80">
         <name>.debug_line</name>
         <load_address>0x10a5</load_address>
         <run_address>0x10a5</run_address>
         <size>0x3d</size>
         <input_file_ref idref="fl-a"/>
      </object_component>
      <object_component id="oc-85">
         <name>.debug_line</name>
         <load_address>0x10e2</load_address>
         <run_address>0x10e2</run_address>
         <size>0x3d</size>
         <input_file_ref idref="fl-b"/>
      </object_component>
      <object_component id="oc-8a">
         <name>.debug_line</name>
         <load_address>0x111f</load_address>
         <run_address>0x111f</run_address>
         <size>0x39</size>
         <input_file_ref idref="fl-c"/>
      </object_component>
      <object_component id="oc-8f">
         <name>.debug_line</name>
         <load_address>0x1158</load_address>
         <run_address>0x1158</run_address>
         <size>0x39</size>
         <input_file_ref idref="fl-d"/>
      </object_component>
      <object_component id="oc-94">
         <name>.debug_line</name>
         <load_address>0x1191</load_address>
         <run_address>0x1191</run_address>
         <size>0x149</size>
         <input_file_ref idref="fl-e"/>
      </object_component>
      <object_component id="oc-99">
         <name>.debug_line</name>
         <load_address>0x12da</load_address>
         <run_address>0x12da</run_address>
         <size>0x3b</size>
         <input_file_ref idref="fl-f"/>
      </object_component>
      <object_component id="oc-9e">
         <name>.debug_line</name>
         <load_address>0x1315</load_address>
         <run_address>0x1315</run_address>
         <size>0x52</size>
         <input_file_ref idref="fl-10"/>
      </object_component>
      <object_component id="oc-a3">
         <name>.debug_line</name>
         <load_address>0x1367</load_address>
         <run_address>0x1367</run_address>
         <size>0x38</size>
         <input_file_ref idref="fl-11"/>
      </object_component>
      <object_component id="oc-aa">
         <name>.debug_line</name>
         <load_address>0x139f</load_address>
         <run_address>0x139f</run_address>
         <size>0x37</size>
         <input_file_ref idref="fl-12"/>
      </object_component>
      <object_component id="oc-af">
         <name>.debug_line</name>
         <load_address>0x13d6</load_address>
         <run_address>0x13d6</run_address>
         <size>0x35</size>
         <input_file_ref idref="fl-13"/>
      </object_component>
      <object_component id="oc-b4">
         <name>.debug_line</name>
         <load_address>0x140b</load_address>
         <run_address>0x140b</run_address>
         <size>0x35</size>
         <input_file_ref idref="fl-14"/>
      </object_component>
      <object_component id="oc-b9">
         <name>.debug_line</name>
         <load_address>0x1440</load_address>
         <run_address>0x1440</run_address>
         <size>0x5d</size>
         <input_file_ref idref="fl-15"/>
      </object_component>
      <object_component id="oc-f2">
         <name>.debug_line</name>
         <load_address>0x149d</load_address>
         <run_address>0x149d</run_address>
         <size>0x59</size>
         <input_file_ref idref="fl-17"/>
      </object_component>
      <object_component id="oc-f7">
         <name>.debug_line</name>
         <load_address>0x14f6</load_address>
         <run_address>0x14f6</run_address>
         <size>0xa4</size>
         <input_file_ref idref="fl-18"/>
      </object_component>
      <object_component id="oc-fe">
         <name>.debug_line</name>
         <load_address>0x159a</load_address>
         <run_address>0x159a</run_address>
         <size>0x54</size>
         <input_file_ref idref="fl-19"/>
      </object_component>
      <object_component id="oc-103">
         <name>.debug_line</name>
         <load_address>0x15ee</load_address>
         <run_address>0x15ee</run_address>
         <size>0x93</size>
         <input_file_ref idref="fl-1a"/>
      </object_component>
      <object_component id="oc-10b">
         <name>.debug_line</name>
         <load_address>0x1681</load_address>
         <run_address>0x1681</run_address>
         <size>0x50</size>
         <input_file_ref idref="fl-1b"/>
      </object_component>
      <object_component id="oc-111">
         <name>.debug_line</name>
         <load_address>0x16d1</load_address>
         <run_address>0x16d1</run_address>
         <size>0x7e</size>
         <input_file_ref idref="fl-26"/>
      </object_component>
      <object_component id="oc-116">
         <name>.debug_line</name>
         <load_address>0x174f</load_address>
         <run_address>0x174f</run_address>
         <size>0x6a</size>
         <input_file_ref idref="fl-27"/>
      </object_component>
      <object_component id="oc-11b">
         <name>.debug_line</name>
         <load_address>0x17b9</load_address>
         <run_address>0x17b9</run_address>
         <size>0x50</size>
         <input_file_ref idref="fl-28"/>
      </object_component>
      <object_component id="oc-122">
         <name>.debug_line</name>
         <load_address>0x1809</load_address>
         <run_address>0x1809</run_address>
         <size>0x65</size>
         <input_file_ref idref="fl-29"/>
      </object_component>
      <object_component id="oc-127">
         <name>.debug_line</name>
         <load_address>0x186e</load_address>
         <run_address>0x186e</run_address>
         <size>0xad</size>
         <input_file_ref idref="fl-2a"/>
      </object_component>
      <object_component id="oc-12c">
         <name>.debug_line</name>
         <load_address>0x191b</load_address>
         <run_address>0x191b</run_address>
         <size>0x3e</size>
         <input_file_ref idref="fl-2b"/>
      </object_component>
      <object_component id="oc-131">
         <name>.debug_line</name>
         <load_address>0x1959</load_address>
         <run_address>0x1959</run_address>
         <size>0x29</size>
         <input_file_ref idref="fl-2c"/>
      </object_component>
      <object_component id="oc-136">
         <name>.debug_line</name>
         <load_address>0x1982</load_address>
         <run_address>0x1982</run_address>
         <size>0x63</size>
         <input_file_ref idref="fl-2d"/>
      </object_component>
      <object_component id="oc-13b">
         <name>.debug_line</name>
         <load_address>0x19e5</load_address>
         <run_address>0x19e5</run_address>
         <size>0x29</size>
         <input_file_ref idref="fl-2e"/>
      </object_component>
      <object_component id="oc-140">
         <name>.debug_line</name>
         <load_address>0x1a0e</load_address>
         <run_address>0x1a0e</run_address>
         <size>0x3a</size>
         <input_file_ref idref="fl-2f"/>
      </object_component>
      <object_component id="oc-145">
         <name>.debug_line</name>
         <load_address>0x1a48</load_address>
         <run_address>0x1a48</run_address>
         <size>0x5e</size>
         <input_file_ref idref="fl-30"/>
      </object_component>
      <object_component id="oc-14a">
         <name>.debug_line</name>
         <load_address>0x1aa6</load_address>
         <run_address>0x1aa6</run_address>
         <size>0x55</size>
         <input_file_ref idref="fl-31"/>
      </object_component>
      <object_component id="oc-57">
         <name>.debug_abbrev</name>
         <load_address>0x0</load_address>
         <run_address>0x0</run_address>
         <size>0x1ee</size>
         <input_file_ref idref="fl-2"/>
      </object_component>
      <object_component id="oc-5c">
         <name>.debug_abbrev</name>
         <load_address>0x1ee</load_address>
         <run_address>0x1ee</run_address>
         <size>0x2f</size>
         <input_file_ref idref="fl-3"/>
      </object_component>
      <object_component id="oc-62">
         <name>.debug_abbrev</name>
         <load_address>0x21d</load_address>
         <run_address>0x21d</run_address>
         <size>0xfd</size>
         <input_file_ref idref="fl-4"/>
      </object_component>
      <object_component id="oc-67">
         <name>.debug_abbrev</name>
         <load_address>0x31a</load_address>
         <run_address>0x31a</run_address>
         <size>0x128</size>
         <input_file_ref idref="fl-5"/>
      </object_component>
      <object_component id="oc-6d">
         <name>.debug_abbrev</name>
         <load_address>0x442</load_address>
         <run_address>0x442</run_address>
         <size>0xa8</size>
         <input_file_ref idref="fl-6"/>
      </object_component>
      <object_component id="oc-72">
         <name>.debug_abbrev</name>
         <load_address>0x4ea</load_address>
         <run_address>0x4ea</run_address>
         <size>0xdc</size>
         <input_file_ref idref="fl-7"/>
      </object_component>
      <object_component id="oc-77">
         <name>.debug_abbrev</name>
         <load_address>0x5c6</load_address>
         <run_address>0x5c6</run_address>
         <size>0x11f</size>
         <input_file_ref idref="fl-8"/>
      </object_component>
      <object_component id="oc-7c">
         <name>.debug_abbrev</name>
         <load_address>0x6e5</load_address>
         <run_address>0x6e5</run_address>
         <size>0x93</size>
         <input_file_ref idref="fl-9"/>
      </object_component>
      <object_component id="oc-81">
         <name>.debug_abbrev</name>
         <load_address>0x778</load_address>
         <run_address>0x778</run_address>
         <size>0xc8</size>
         <input_file_ref idref="fl-a"/>
      </object_component>
      <object_component id="oc-86">
         <name>.debug_abbrev</name>
         <load_address>0x840</load_address>
         <run_address>0x840</run_address>
         <size>0x116</size>
         <input_file_ref idref="fl-b"/>
      </object_component>
      <object_component id="oc-8b">
         <name>.debug_abbrev</name>
         <load_address>0x956</load_address>
         <run_address>0x956</run_address>
         <size>0xea</size>
         <input_file_ref idref="fl-c"/>
      </object_component>
      <object_component id="oc-90">
         <name>.debug_abbrev</name>
         <load_address>0xa40</load_address>
         <run_address>0xa40</run_address>
         <size>0xea</size>
         <input_file_ref idref="fl-d"/>
      </object_component>
      <object_component id="oc-95">
         <name>.debug_abbrev</name>
         <load_address>0xb2a</load_address>
         <run_address>0xb2a</run_address>
         <size>0x1a2</size>
         <input_file_ref idref="fl-e"/>
      </object_component>
      <object_component id="oc-9a">
         <name>.debug_abbrev</name>
         <load_address>0xccc</load_address>
         <run_address>0xccc</run_address>
         <size>0x138</size>
         <input_file_ref idref="fl-f"/>
      </object_component>
      <object_component id="oc-9f">
         <name>.debug_abbrev</name>
         <load_address>0xe04</load_address>
         <run_address>0xe04</run_address>
         <size>0x2f</size>
         <input_file_ref idref="fl-10"/>
      </object_component>
      <object_component id="oc-a4">
         <name>.debug_abbrev</name>
         <load_address>0xe33</load_address>
         <run_address>0xe33</run_address>
         <size>0xc3</size>
         <input_file_ref idref="fl-11"/>
      </object_component>
      <object_component id="oc-ab">
         <name>.debug_abbrev</name>
         <load_address>0xef6</load_address>
         <run_address>0xef6</run_address>
         <size>0xd3</size>
         <input_file_ref idref="fl-12"/>
      </object_component>
      <object_component id="oc-b0">
         <name>.debug_abbrev</name>
         <load_address>0xfc9</load_address>
         <run_address>0xfc9</run_address>
         <size>0xc3</size>
         <input_file_ref idref="fl-13"/>
      </object_component>
      <object_component id="oc-b5">
         <name>.debug_abbrev</name>
         <load_address>0x108c</load_address>
         <run_address>0x108c</run_address>
         <size>0xb3</size>
         <input_file_ref idref="fl-14"/>
      </object_component>
      <object_component id="oc-ba">
         <name>.debug_abbrev</name>
         <load_address>0x113f</load_address>
         <run_address>0x113f</run_address>
         <size>0xc3</size>
         <input_file_ref idref="fl-15"/>
      </object_component>
      <object_component id="oc-ef">
         <name>.debug_abbrev</name>
         <load_address>0x1202</load_address>
         <run_address>0x1202</run_address>
         <size>0xb7</size>
         <input_file_ref idref="fl-16"/>
      </object_component>
      <object_component id="oc-f3">
         <name>.debug_abbrev</name>
         <load_address>0x12b9</load_address>
         <run_address>0x12b9</run_address>
         <size>0xdc</size>
         <input_file_ref idref="fl-17"/>
      </object_component>
      <object_component id="oc-f8">
         <name>.debug_abbrev</name>
         <load_address>0x1395</load_address>
         <run_address>0x1395</run_address>
         <size>0x138</size>
         <input_file_ref idref="fl-18"/>
      </object_component>
      <object_component id="oc-ff">
         <name>.debug_abbrev</name>
         <load_address>0x14cd</load_address>
         <run_address>0x14cd</run_address>
         <size>0xec</size>
         <input_file_ref idref="fl-19"/>
      </object_component>
      <object_component id="oc-104">
         <name>.debug_abbrev</name>
         <load_address>0x15b9</load_address>
         <run_address>0x15b9</run_address>
         <size>0x11d</size>
         <input_file_ref idref="fl-1a"/>
      </object_component>
      <object_component id="oc-10c">
         <name>.debug_abbrev</name>
         <load_address>0x16d6</load_address>
         <run_address>0x16d6</run_address>
         <size>0x180</size>
         <input_file_ref idref="fl-1b"/>
      </object_component>
      <object_component id="oc-112">
         <name>.debug_abbrev</name>
         <load_address>0x1856</load_address>
         <run_address>0x1856</run_address>
         <size>0x46</size>
         <input_file_ref idref="fl-26"/>
      </object_component>
      <object_component id="oc-117">
         <name>.debug_abbrev</name>
         <load_address>0x189c</load_address>
         <run_address>0x189c</run_address>
         <size>0xfa</size>
         <input_file_ref idref="fl-27"/>
      </object_component>
      <object_component id="oc-11c">
         <name>.debug_abbrev</name>
         <load_address>0x1996</load_address>
         <run_address>0x1996</run_address>
         <size>0x32</size>
         <input_file_ref idref="fl-28"/>
      </object_component>
      <object_component id="oc-123">
         <name>.debug_abbrev</name>
         <load_address>0x19c8</load_address>
         <run_address>0x19c8</run_address>
         <size>0x142</size>
         <input_file_ref idref="fl-29"/>
      </object_component>
      <object_component id="oc-128">
         <name>.debug_abbrev</name>
         <load_address>0x1b0a</load_address>
         <run_address>0x1b0a</run_address>
         <size>0x38</size>
         <input_file_ref idref="fl-2a"/>
      </object_component>
      <object_component id="oc-12d">
         <name>.debug_abbrev</name>
         <load_address>0x1b42</load_address>
         <run_address>0x1b42</run_address>
         <size>0x68</size>
         <input_file_ref idref="fl-2b"/>
      </object_component>
      <object_component id="oc-132">
         <name>.debug_abbrev</name>
         <load_address>0x1baa</load_address>
         <run_address>0x1baa</run_address>
         <size>0x9d</size>
         <input_file_ref idref="fl-2c"/>
      </object_component>
      <object_component id="oc-137">
         <name>.debug_abbrev</name>
         <load_address>0x1c47</load_address>
         <run_address>0x1c47</run_address>
         <size>0x9d</size>
         <input_file_ref idref="fl-2d"/>
      </object_component>
      <object_component id="oc-13c">
         <name>.debug_abbrev</name>
         <load_address>0x1ce4</load_address>
         <run_address>0x1ce4</run_address>
         <size>0xa2</size>
         <input_file_ref idref="fl-2e"/>
      </object_component>
      <object_component id="oc-141">
         <name>.debug_abbrev</name>
         <load_address>0x1d86</load_address>
         <run_address>0x1d86</run_address>
         <size>0x66</size>
         <input_file_ref idref="fl-2f"/>
      </object_component>
      <object_component id="oc-146">
         <name>.debug_abbrev</name>
         <load_address>0x1dec</load_address>
         <run_address>0x1dec</run_address>
         <size>0xb2</size>
         <input_file_ref idref="fl-30"/>
      </object_component>
      <object_component id="oc-14b">
         <name>.debug_abbrev</name>
         <load_address>0x1e9e</load_address>
         <run_address>0x1e9e</run_address>
         <size>0xfe</size>
         <input_file_ref idref="fl-31"/>
      </object_component>
      <object_component id="oc-1ba">
         <name>.debug_abbrev</name>
         <load_address>0x1f9c</load_address>
         <run_address>0x1f9c</run_address>
         <size>0xf</size>
      </object_component>
      <object_component id="oc-58">
         <name>.debug_aranges</name>
         <load_address>0x0</load_address>
         <run_address>0x0</run_address>
         <size>0x78</size>
         <input_file_ref idref="fl-2"/>
      </object_component>
      <object_component id="oc-5d">
         <name>.debug_aranges</name>
         <load_address>0x78</load_address>
         <run_address>0x78</run_address>
         <size>0x20</size>
         <input_file_ref idref="fl-3"/>
      </object_component>
      <object_component id="oc-63">
         <name>.debug_aranges</name>
         <load_address>0x98</load_address>
         <run_address>0x98</run_address>
         <size>0x28</size>
         <input_file_ref idref="fl-4"/>
      </object_component>
      <object_component id="oc-68">
         <name>.debug_aranges</name>
         <load_address>0xc0</load_address>
         <run_address>0xc0</run_address>
         <size>0x140</size>
         <input_file_ref idref="fl-5"/>
      </object_component>
      <object_component id="oc-6e">
         <name>.debug_aranges</name>
         <load_address>0x200</load_address>
         <run_address>0x200</run_address>
         <size>0x290</size>
         <input_file_ref idref="fl-6"/>
      </object_component>
      <object_component id="oc-73">
         <name>.debug_aranges</name>
         <load_address>0x490</load_address>
         <run_address>0x490</run_address>
         <size>0x18</size>
         <input_file_ref idref="fl-7"/>
      </object_component>
      <object_component id="oc-78">
         <name>.debug_aranges</name>
         <load_address>0x4a8</load_address>
         <run_address>0x4a8</run_address>
         <size>0x18</size>
         <input_file_ref idref="fl-8"/>
      </object_component>
      <object_component id="oc-7d">
         <name>.debug_aranges</name>
         <load_address>0x4c0</load_address>
         <run_address>0x4c0</run_address>
         <size>0x18</size>
         <input_file_ref idref="fl-9"/>
      </object_component>
      <object_component id="oc-82">
         <name>.debug_aranges</name>
         <load_address>0x4d8</load_address>
         <run_address>0x4d8</run_address>
         <size>0x18</size>
         <input_file_ref idref="fl-a"/>
      </object_component>
      <object_component id="oc-87">
         <name>.debug_aranges</name>
         <load_address>0x4f0</load_address>
         <run_address>0x4f0</run_address>
         <size>0x18</size>
         <input_file_ref idref="fl-b"/>
      </object_component>
      <object_component id="oc-8c">
         <name>.debug_aranges</name>
         <load_address>0x508</load_address>
         <run_address>0x508</run_address>
         <size>0x18</size>
         <input_file_ref idref="fl-c"/>
      </object_component>
      <object_component id="oc-91">
         <name>.debug_aranges</name>
         <load_address>0x520</load_address>
         <run_address>0x520</run_address>
         <size>0x18</size>
         <input_file_ref idref="fl-d"/>
      </object_component>
      <object_component id="oc-96">
         <name>.debug_aranges</name>
         <load_address>0x538</load_address>
         <run_address>0x538</run_address>
         <size>0x48</size>
         <input_file_ref idref="fl-e"/>
      </object_component>
      <object_component id="oc-9b">
         <name>.debug_aranges</name>
         <load_address>0x580</load_address>
         <run_address>0x580</run_address>
         <size>0x18</size>
         <input_file_ref idref="fl-f"/>
      </object_component>
      <object_component id="oc-a0">
         <name>.debug_aranges</name>
         <load_address>0x598</load_address>
         <run_address>0x598</run_address>
         <size>0x20</size>
         <input_file_ref idref="fl-10"/>
      </object_component>
      <object_component id="oc-a5">
         <name>.debug_aranges</name>
         <load_address>0x5b8</load_address>
         <run_address>0x5b8</run_address>
         <size>0x18</size>
         <input_file_ref idref="fl-11"/>
      </object_component>
      <object_component id="oc-ac">
         <name>.debug_aranges</name>
         <load_address>0x5d0</load_address>
         <run_address>0x5d0</run_address>
         <size>0x18</size>
         <input_file_ref idref="fl-12"/>
      </object_component>
      <object_component id="oc-b1">
         <name>.debug_aranges</name>
         <load_address>0x5e8</load_address>
         <run_address>0x5e8</run_address>
         <size>0x18</size>
         <input_file_ref idref="fl-13"/>
      </object_component>
      <object_component id="oc-b6">
         <name>.debug_aranges</name>
         <load_address>0x600</load_address>
         <run_address>0x600</run_address>
         <size>0x18</size>
         <input_file_ref idref="fl-14"/>
      </object_component>
      <object_component id="oc-bb">
         <name>.debug_aranges</name>
         <load_address>0x618</load_address>
         <run_address>0x618</run_address>
         <size>0x20</size>
         <input_file_ref idref="fl-15"/>
      </object_component>
      <object_component id="oc-f4">
         <name>.debug_aranges</name>
         <load_address>0x638</load_address>
         <run_address>0x638</run_address>
         <size>0x20</size>
         <input_file_ref idref="fl-17"/>
      </object_component>
      <object_component id="oc-f9">
         <name>.debug_aranges</name>
         <load_address>0x658</load_address>
         <run_address>0x658</run_address>
         <size>0x28</size>
         <input_file_ref idref="fl-18"/>
      </object_component>
      <object_component id="oc-100">
         <name>.debug_aranges</name>
         <load_address>0x680</load_address>
         <run_address>0x680</run_address>
         <size>0x20</size>
         <input_file_ref idref="fl-19"/>
      </object_component>
      <object_component id="oc-105">
         <name>.debug_aranges</name>
         <load_address>0x6a0</load_address>
         <run_address>0x6a0</run_address>
         <size>0x28</size>
         <input_file_ref idref="fl-1a"/>
      </object_component>
      <object_component id="oc-10d">
         <name>.debug_aranges</name>
         <load_address>0x6c8</load_address>
         <run_address>0x6c8</run_address>
         <size>0x20</size>
         <input_file_ref idref="fl-1b"/>
      </object_component>
      <object_component id="oc-113">
         <name>.debug_aranges</name>
         <load_address>0x6e8</load_address>
         <run_address>0x6e8</run_address>
         <size>0x20</size>
         <input_file_ref idref="fl-26"/>
      </object_component>
      <object_component id="oc-118">
         <name>.debug_aranges</name>
         <load_address>0x708</load_address>
         <run_address>0x708</run_address>
         <size>0x20</size>
         <input_file_ref idref="fl-27"/>
      </object_component>
      <object_component id="oc-11d">
         <name>.debug_aranges</name>
         <load_address>0x728</load_address>
         <run_address>0x728</run_address>
         <size>0x20</size>
         <input_file_ref idref="fl-28"/>
      </object_component>
      <object_component id="oc-124">
         <name>.debug_aranges</name>
         <load_address>0x748</load_address>
         <run_address>0x748</run_address>
         <size>0x28</size>
         <input_file_ref idref="fl-29"/>
      </object_component>
      <object_component id="oc-129">
         <name>.debug_aranges</name>
         <load_address>0x770</load_address>
         <run_address>0x770</run_address>
         <size>0x20</size>
         <input_file_ref idref="fl-2a"/>
      </object_component>
      <object_component id="oc-12e">
         <name>.debug_aranges</name>
         <load_address>0x790</load_address>
         <run_address>0x790</run_address>
         <size>0x20</size>
         <input_file_ref idref="fl-2b"/>
      </object_component>
      <object_component id="oc-133">
         <name>.debug_aranges</name>
         <load_address>0x7b0</load_address>
         <run_address>0x7b0</run_address>
         <size>0x18</size>
         <input_file_ref idref="fl-2c"/>
      </object_component>
      <object_component id="oc-138">
         <name>.debug_aranges</name>
         <load_address>0x7c8</load_address>
         <run_address>0x7c8</run_address>
         <size>0x20</size>
         <input_file_ref idref="fl-2d"/>
      </object_component>
      <object_component id="oc-13d">
         <name>.debug_aranges</name>
         <load_address>0x7e8</load_address>
         <run_address>0x7e8</run_address>
         <size>0x18</size>
         <input_file_ref idref="fl-2e"/>
      </object_component>
      <object_component id="oc-142">
         <name>.debug_aranges</name>
         <load_address>0x800</load_address>
         <run_address>0x800</run_address>
         <size>0x20</size>
         <input_file_ref idref="fl-2f"/>
      </object_component>
      <object_component id="oc-147">
         <name>.debug_aranges</name>
         <load_address>0x820</load_address>
         <run_address>0x820</run_address>
         <size>0x30</size>
         <input_file_ref idref="fl-30"/>
      </object_component>
      <object_component id="oc-14c">
         <name>.debug_aranges</name>
         <load_address>0x850</load_address>
         <run_address>0x850</run_address>
         <size>0x20</size>
         <input_file_ref idref="fl-31"/>
      </object_component>
   </object_component_list>
   <logical_group_list>
      <logical_group id="lg-2" display="no" color="cyan">
         <name>codestart</name>
         <run_address>0x0</run_address>
         <size>0x0</size>
         <contents>
         </contents>
      </logical_group>
      <logical_group id="lg-3" display="no" color="cyan">
         <name>ramfuncs</name>
         <load_address>0x811c</load_address>
         <run_address>0x811c</run_address>
         <size>0x4</size>
         <contents>
            <object_component_ref idref="oc-9c"/>
         </contents>
      </logical_group>
      <logical_group id="lg-4" display="no" color="cyan">
         <name>.TI.ramfunc</name>
         <run_address>0x0</run_address>
         <size>0x0</size>
         <contents>
         </contents>
      </logical_group>
      <logical_group id="lg-5" display="no" color="cyan">
         <name>.text</name>
         <load_address>0x9000</load_address>
         <run_address>0x9000</run_address>
         <size>0xf04</size>
         <contents>
            <object_component_ref idref="oc-152"/>
            <object_component_ref idref="oc-6a"/>
            <object_component_ref idref="oc-153"/>
            <object_component_ref idref="oc-54"/>
            <object_component_ref idref="oc-156"/>
            <object_component_ref idref="oc-125"/>
[...]
      </symbol>
      <symbol id="sm-205">
         <name>_rsvd_ISR</name>
         <value>0x96f5</value>
         <object_component_ref idref="oc-6a"/>
      </symbol>
      <symbol id="sm-206">
         <name>_ECAP5_INT_ISR</name>
         <value>0x958d</value>
         <object_component_ref idref="oc-6a"/>
      </symbol>
      <symbol id="sm-207">
         <name>_DINTCH2_ISR</name>
         <value>0x95fb</value>
         <object_component_ref idref="oc-6a"/>
      </symbol>
      <symbol id="sm-208">
         <name>_XINT5_ISR</name>
         <value>0x96b9</value>
         <object_component_ref idref="oc-6a"/>
      </symbol>
      <symbol id="sm-264">
         <name>_InitPll</name>
         <value>0x9a6f</value>
         <object_component_ref idref="oc-156"/>
      </symbol>
      <symbol id="sm-265">
         <name>_DisableDog</name>
         <value>0x9a67</value>
         <object_component_ref idref="oc-156"/>
      </symbol>
      <symbol id="sm-266">
         <name>_InitPeripheralClocks</name>
         <value>0x9ac0</value>
         <object_component_ref idref="oc-156"/>
      </symbol>
      <symbol id="sm-267">
         <name>_CsmUnlock</name>
         <value>0x9b1b</value>
         <object_component_ref idref="oc-156"/>
      </symbol>
      <symbol id="sm-268">
         <name>_ServiceDog</name>
         <value>0x9a5d</value>
         <object_component_ref idref="oc-156"/>
      </symbol>
      <symbol id="sm-269">
         <name>_InitSysCtrl</name>
         <value>0x9a54</value>
         <object_component_ref idref="oc-156"/>
      </symbol>
      <symbol id="sm-27f">
         <name>_DSP28x_usDelay</name>
         <value>0x811c</value>
         <object_component_ref idref="oc-9c"/>
      </symbol>
      <symbol id="sm-298">
         <name>_Vo</name>
         <value>0xc4c4</value>
         <object_component_ref idref="oc-a8"/>
      </symbol>
      <symbol id="sm-299">
         <name>_y1bdelay2</name>
         <value>0xc4ea</value>
         <object_component_ref idref="oc-a8"/>
      </symbol>
      <symbol id="sm-29a">
         <name>_y1bdelay</name>
         <value>0xc4e4</value>
         <object_component_ref idref="oc-a8"/>
      </symbol>
      <symbol id="sm-29b">
         <name>_y1ldelay</name>
         <value>0xc4e8</value>
         <object_component_ref idref="oc-a8"/>
      </symbol>
      <symbol id="sm-29c">
         <name>_inputdelay</name>
         <value>0xc4f0</value>
         <object_component_ref idref="oc-a8"/>
      </symbol>
      <symbol id="sm-29d">
         <name>_Y_Bdelay</name>
         <value>0xc4f2</value>
         <object_component_ref idref="oc-a8"/>
      </symbol>
      <symbol id="sm-29e">
         <name>_Y_Ldelay</name>
         <value>0xc4ec</value>
         <object_component_ref idref="oc-a8"/>
      </symbol>
      <symbol id="sm-29f">
         <name>_Ho</name>
         <value>0xc4c2</value>
         <object_component_ref idref="oc-a8"/>
      </symbol>
      <symbol id="sm-2a0">
         <name>_notch</name>
         <value>0xc4d6</value>
         <object_component_ref idref="oc-a8"/>
      </symbol>
      <symbol id="sm-2a1">
         <name>_F1</name>
         <value>0xc4ee</value>
         <object_component_ref idref="oc-a8"/>
      </symbol>
      <symbol id="sm-2a2">
         <name>_Y_l</name>
         <value>0xc4d2</value>
         <object_component_ref idref="oc-a8"/>
      </symbol>
      <symbol id="sm-2a3">
         <name>_Y_h</name>
         <value>0xc4d0</value>
         <object_component_ref idref="oc-a8"/>
      </symbol>
      <symbol id="sm-2a4">
         <name>_Y_N</name>
         <value>0xc4dc</value>
         <object_component_ref idref="oc-a8"/>
      </symbol>
      <symbol id="sm-2a5">
         <name>_Y_L</name>
         <value>0xc4d8</value>
         <object_component_ref idref="oc-a8"/>
      </symbol>
      <symbol id="sm-2a6">
         <name>_Y_H</name>
         <value>0xc4c8</value>
         <object_component_ref idref="oc-a8"/>
      </symbol>
      <symbol id="sm-2a7">
         <name>_Y_B</name>
         <value>0xc4de</value>
         <object_component_ref idref="oc-a8"/>
      </symbol>
      <symbol id="sm-2a8">
         <name>_phaserCounter</name>
         <value>0xc4c0</value>
         <object_component_ref idref="oc-a8"/>
      </symbol>
      <symbol id="sm-2a9">
         <name>_fs</name>
         <value>0xc4e0</value>
         <object_component_ref idref="oc-a8"/>
      </symbol>
      <symbol id="sm-2aa">
         <name>_fc</name>
         <value>0xc4e2</value>
         <object_component_ref idref="oc-a8"/>
      </symbol>
      <symbol id="sm-2ab">
         <name>_inputdelay2</name>
         <value>0xc4e6</value>
         <object_component_ref idref="oc-a8"/>
      </symbol>
      <symbol id="sm-2ac">
         <name>_ac</name>
         <value>0xc4ca</value>
         <object_component_ref idref="oc-a8"/>
      </symbol>
      <symbol id="sm-2ad">
         <name>_y1l</name>
         <value>0xc4ce</value>
         <object_component_ref idref="oc-a8"/>
      </symbol>
      <symbol id="sm-2ae">
         <name>_y1b</name>
         <value>0xc4c6</value>
         <object_component_ref idref="oc-a8"/>
      </symbol>
      <symbol id="sm-2af">
         <name>_d</name>
         <value>0xc4da</value>
         <object_component_ref idref="oc-a8"/>
      </symbol>
      <symbol id="sm-2b0">
         <name>_c</name>
         <value>0xc4cc</value>
         <object_component_ref idref="oc-a8"/>
      </symbol>
      <symbol id="sm-2b1">
         <name>_M_PI</name>
         <value>0xc4d4</value>
         <object_component_ref idref="oc-a8"/>
      </symbol>
      <symbol id="sm-2d4">
         <name>_tremolo</name>
         <value>0x9e46</value>
         <object_component_ref idref="oc-15b"/>
      </symbol>
      <symbol id="sm-33f">
         <name>_GpioCtrlRegs</name>
         <value>0x6f80</value>
         <object_component_ref idref="oc-df"/>
      </symbol>
      <symbol id="sm-340">
         <name>_PieVectTable</name>
         <value>0xd00</value>
         <object_component_ref idref="oc-ee"/>
      </symbol>
      <symbol id="sm-341">
         <name>_ECap4Regs</name>
         <value>0x6a60</value>
         <object_component_ref idref="oc-cf"/>
      </symbol>
      <symbol id="sm-342">
         <name>_CsmRegs</name>
         <value>0xae0</value>
         <object_component_ref idref="oc-c8"/>
      </symbol>
      <symbol id="sm-343">
         <name>_ECanaLAMRegs</name>
         <value>0x6040</value>
         <object_component_ref idref="oc-e4"/>
      </symbol>
      <symbol id="sm-344">
         <name>_ECanbMOTORegs</name>
         <value>0x62c0</value>
         <object_component_ref idref="oc-e6"/>
      </symbol>
      <symbol id="sm-345">
         <name>_EPwm4Regs</name>
         <value>0x68c0</value>
         <object_component_ref idref="oc-dc"/>
      </symbol>
      <symbol id="sm-346">
         <name>_ECap5Regs</name>
         <value>0x6a80</value>
         <object_component_ref idref="oc-d4"/>
      </symbol>
      <symbol id="sm-347">
         <name>_CpuTimer1Regs</name>
         <value>0xc08</value>
         <object_component_ref idref="oc-c2"/>
      </symbol>
      <symbol id="sm-348">
         <name>_SysCtrlRegs</name>
         <value>0x7010</value>
         <object_component_ref idref="oc-d3"/>
      </symbol>
      <symbol id="sm-349">
         <name>_EPwm5Regs</name>
         <value>0x6900</value>
         <object_component_ref idref="oc-d9"/>
      </symbol>
      <symbol id="sm-34a">
         <name>_SpiaRegs</name>
         <value>0x7040</value>
         <object_component_ref idref="oc-c4"/>
      </symbol>
      <symbol id="sm-34b">
         <name>_ECanaMOTSRegs</name>
         <value>0x6080</value>
         <object_component_ref idref="oc-e5"/>
      </symbol>
      <symbol id="sm-34c">
         <name>_ECap6Regs</name>
         <value>0x6aa0</value>
         <object_component_ref idref="oc-d5"/>
      </symbol>
      <symbol id="sm-34d">
         <name>_DmaRegs</name>
         <value>0x1000</value>
         <object_component_ref idref="oc-eb"/>
      </symbol>
      <symbol id="sm-34e">
         <name>_FlashRegs</name>
         <value>0xa80</value>
         <object_component_ref idref="oc-c0"/>
      </symbol>
      <symbol id="sm-34f">
         <name>_CpuTimer0Regs</name>
         <value>0xc00</value>
         <object_component_ref idref="oc-c1"/>
      </symbol>
      <symbol id="sm-350">
         <name>_DevEmuRegs</name>
         <value>0x880</value>
         <object_component_ref idref="oc-ea"/>
      </symbol>
      <symbol id="sm-351">
         <name>_McbspbRegs</name>
         <value>0x5040</value>
         <object_component_ref idref="oc-dd"/>
      </symbol>
      <symbol id="sm-352">
         <name>_EPwm6Regs</name>
         <value>0x6940</value>
         <object_component_ref idref="oc-da"/>
      </symbol>
      <symbol id="sm-353">
         <name>_SciaRegs</name>
         <value>0x7050</value>
         <object_component_ref idref="oc-c7"/>
      </symbol>
      <symbol id="sm-354">
         <name>_GpioDataRegs</name>
         <value>0x6fc0</value>
         <object_component_ref idref="oc-d2"/>
      </symbol>
      <symbol id="sm-355">
         <name>_CsmPwl</name>
         <value>0x33fff8</value>
         <object_component_ref idref="oc-bf"/>
      </symbol>
      <symbol id="sm-356">
         <name>_AdcRegs</name>
         <value>0x7100</value>
         <object_component_ref idref="oc-cc"/>
      </symbol>
      <symbol id="sm-357">
         <name>_XIntruptRegs</name>
         <value>0x7070</value>
         <object_component_ref idref="oc-ca"/>
      </symbol>
      <symbol id="sm-358">
         <name>_CpuTimer2Regs</name>
         <value>0xc10</value>
         <object_component_ref idref="oc-be"/>
      </symbol>
      <symbol id="sm-359">
         <name>_PieCtrlRegs</name>
         <value>0xce0</value>
         <object_component_ref idref="oc-cb"/>
      </symbol>
      <symbol id="sm-35a">
         <name>_ECanbMOTSRegs</name>
         <value>0x6280</value>
         <object_component_ref idref="oc-e3"/>
      </symbol>
      <symbol id="sm-35b">
         <name>_ECanaRegs</name>
         <value>0x6000</value>
         <object_component_ref idref="oc-e0"/>
      </symbol>
      <symbol id="sm-35c">
         <name>_AdcMirror</name>
         <value>0xb00</value>
         <object_component_ref idref="oc-c9"/>
      </symbol>
      <symbol id="sm-35d">
         <name>_ECanbMboxes</name>
         <value>0x6300</value>
         <object_component_ref idref="oc-ec"/>
      </symbol>
      <symbol id="sm-35e">
         <name>_XintfRegs</name>
         <value>0xb20</value>
         <object_component_ref idref="oc-cd"/>
      </symbol>
      <symbol id="sm-35f">
         <name>_ScicRegs</name>
         <value>0x7770</value>
         <object_component_ref idref="oc-c6"/>
      </symbol>
      <symbol id="sm-360">
         <name>_ECap1Regs</name>
         <value>0x6a00</value>
         <object_component_ref idref="oc-d0"/>
      </symbol>
      <symbol id="sm-361">
         <name>_EQep1Regs</name>
         <value>0x6b00</value>
         <object_component_ref idref="oc-e7"/>
      </symbol>
      <symbol id="sm-362">
         <name>_McbspaRegs</name>
         <value>0x5000</value>
         <object_component_ref idref="oc-de"/>
      </symbol>
      <symbol id="sm-363">
         <name>_EPwm1Regs</name>
         <value>0x6800</value>
         <object_component_ref idref="oc-db"/>
      </symbol>
      <symbol id="sm-364">
         <name>_ECanbRegs</name>
         <value>0x6200</value>
         <object_component_ref idref="oc-e1"/>
      </symbol>
      <symbol id="sm-365">
         <name>_ScibRegs</name>
         <value>0x7750</value>
         <object_component_ref idref="oc-c5"/>
      </symbol>
      <symbol id="sm-366">
         <name>_ECap2Regs</name>
         <value>0x6a20</value>
         <object_component_ref idref="oc-d1"/>
      </symbol>
      <symbol id="sm-367">
         <name>_GpioIntRegs</name>
         <value>0x6fe0</value>
         <object_component_ref idref="oc-c3"/>
      </symbol>
      <symbol id="sm-368">
         <name>_EQep2Regs</name>
         <value>0x6b40</value>
         <object_component_ref idref="oc-e8"/>
      </symbol>
      <symbol id="sm-369">
         <name>_PartIdRegs</name>
         <value>0x380090</value>
         <object_component_ref idref="oc-bd"/>
      </symbol>
      <symbol id="sm-36a">
         <name>_EPwm2Regs</name>
         <value>0x6840</value>
         <object_component_ref idref="oc-d6"/>
      </symbol>
      <symbol id="sm-36b">
         <name>_ECanaMboxes</name>
         <value>0x6100</value>
         <object_component_ref idref="oc-ed"/>
      </symbol>
      <symbol id="sm-36c">
         <name>_ECap3Regs</name>
         <value>0x6a40</value>
         <object_component_ref idref="oc-ce"/>
      </symbol>
      <symbol id="sm-36d">
         <name>_ECanaMOTORegs</name>
         <value>0x60c0</value>
         <object_component_ref idref="oc-e2"/>
      </symbol>
      <symbol id="sm-36e">
         <name>_EPwm3Regs</name>
         <value>0x6880</value>
         <object_component_ref idref="oc-d7"/>
      </symbol>
      <symbol id="sm-36f">
         <name>_ECanbLAMRegs</name>
         <value>0x6240</value>
         <object_component_ref idref="oc-e9"/>
      </symbol>
      <symbol id="sm-370">
         <name>_I2caRegs</name>
         <value>0x7900</value>
         <object_component_ref idref="oc-d8"/>
      </symbol>
      <symbol id="sm-37d">
         <name>_Sram_init</name>
         <value>0x9e11</value>
         <object_component_ref idref="oc-157"/>
      </symbol>
      <symbol id="sm-38b">
         <name>_analogToDigitalConverter_send</name>
         <value>0x9c2d</value>
         <object_component_ref idref="oc-158"/>
      </symbol>
      <symbol id="sm-38c">
         <name>_analogToDigitalConverter_init</name>
         <value>0x9bd4</value>
         <object_component_ref idref="oc-158"/>
      </symbol>
      <symbol id="sm-39d">
         <name>_useGpio</name>
         <value>0x9ef9</value>
         <object_component_ref idref="oc-15a"/>
      </symbol>
      <symbol id="sm-39e">
         <name>_stateFlag</name>
         <value>0xc4fa</value>
         <object_component_ref idref="oc-fc"/>
      </symbol>
      <symbol id="sm-39f">
         <name>_reset</name>
         <value>0xc4fb</value>
         <object_component_ref idref="oc-fc"/>
      </symbol>
      <symbol id="sm-3ac">
         <name>_digitalToAnalogConverter_send</name>
         <value>0x9d13</value>
         <object_component_ref idref="oc-159"/>
      </symbol>
      <symbol id="sm-3ad">
         <name>_digitalToAnalogConverter_init</name>
         <value>0x9cc0</value>
         <object_component_ref idref="oc-159"/>
      </symbol>
      <symbol id="sm-3be">
         <name>_setFlag</name>
         <value>0x9ea1</value>
         <object_component_ref idref="oc-109"/>
      </symbol>
      <symbol id="sm-3bf">
         <name>_interruptTimerFlag</name>
         <value>0xc506</value>
         <object_component_ref idref="oc-108"/>
      </symbol>
      <symbol id="sm-3c0">
         <name>_mixedSample</name>
         <value>0xc50a</value>
         <object_component_ref idref="oc-108"/>
      </symbol>
      <symbol id="sm-3c1">
         <name>_temp</name>
         <value>0xc501</value>
         <object_component_ref idref="oc-108"/>
      </symbol>
      <symbol id="sm-3c2">
         <name>_startAgain</name>
         <value>0xc500</value>
         <object_component_ref idref="oc-108"/>
      </symbol>
      <symbol id="sm-3c3">
         <name>_t</name>
         <value>0xc50c</value>
         <object_component_ref idref="oc-108"/>
      </symbol>
      <symbol id="sm-3c4">
         <name>_p</name>
         <value>0xc508</value>
         <object_component_ref idref="oc-108"/>
      </symbol>
      <symbol id="sm-3c5">
         <name>_l</name>
         <value>0xc502</value>
         <object_component_ref idref="oc-108"/>
      </symbol>
      <symbol id="sm-3c6">
         <name>_i</name>
         <value>0xc504</value>
         <object_component_ref idref="oc-108"/>
      </symbol>
      <symbol id="sm-3e3">
         <name>_c_int00</name>
         <value>0x9d75</value>
         <object_component_ref idref="oc-4d"/>
      </symbol>
      <symbol id="sm-3e4">
         <name>__stack</name>
         <value>0x400</value>
         <object_component_ref idref="oc-10e"/>
      </symbol>
      <symbol id="sm-3fa">
         <name>_copy_in</name>
         <value>0x9dcb</value>
         <object_component_ref idref="oc-14e"/>
      </symbol>
      <symbol id="sm-409">
         <name>_ppcopy</name>
         <value>0x9ebd</value>
         <object_component_ref idref="oc-119"/>
      </symbol>
      <symbol id="sm-40a">
         <name>_dpcopy</name>
         <value>0x9ebd</value>
         <object_component_ref idref="oc-119"/>
      </symbol>
      <symbol id="sm-40b">
         <name>_pdcopy</name>
         <value>0x9ebd</value>
         <object_component_ref idref="oc-119"/>
      </symbol>
      <symbol id="sm-40c">
         <name>_ddcopy</name>
         <value>0x9ebd</value>
         <object_component_ref idref="oc-119"/>
      </symbol>
      <symbol id="sm-421">
         <name>C$$EXIT</name>
         <value>0x9e78</value>
         <object_component_ref idref="oc-151"/>
      </symbol>
      <symbol id="sm-422">
         <name>_exit</name>
         <value>0x9e7a</value>
         <object_component_ref idref="oc-151"/>
      </symbol>
      <symbol id="sm-423">
         <name>___TI_cleanup_ptr</name>
         <value>0xc4f6</value>
         <object_component_ref idref="oc-120"/>
      </symbol>
      <symbol id="sm-424">
         <name>___TI_enable_exit_profile_output</name>
         <value>0xc4f4</value>
         <object_component_ref idref="oc-120"/>
      </symbol>
      <symbol id="sm-425">
         <name>_abort</name>
         <value>0x9e78</value>
         <object_component_ref idref="oc-151"/>
      </symbol>
      <symbol id="sm-426">
         <name>___TI_dtors_ptr</name>
         <value>0xc4f8</value>
         <object_component_ref idref="oc-120"/>
      </symbol>
      <symbol id="sm-437">
         <name>FS$$DIV</name>
         <value>0x9b4c</value>
         <object_component_ref idref="oc-125"/>
      </symbol>
      <symbol id="sm-444">
         <name>__system_pre_init</name>
         <value>0x9f01</value>
         <object_component_ref idref="oc-14d"/>
      </symbol>
      <symbol id="sm-45c">
         <name>_sin</name>
         <value>0x9d1d</value>
         <object_component_ref idref="oc-15f"/>
      </symbol>
      <symbol id="sm-45d">
         <name>_sinf</name>
         <value>0x9d1d</value>
         <object_component_ref idref="oc-15f"/>
      </symbol>
      <symbol id="sm-474">
         <name>__system_post_cinit</name>
         <value>0x9f03</value>
         <object_component_ref idref="oc-14f"/>
      </symbol>
      <symbol id="sm-489">
         <name>__unlock</name>
         <value>0xc4be</value>
         <object_component_ref idref="oc-160"/>
      </symbol>
      <symbol id="sm-48a">
         <name>__lock</name>
         <value>0xc4bc</value>
         <object_component_ref idref="oc-154"/>
      </symbol>
      <symbol id="sm-48b">
         <name>__register_lock</name>
         <value>0x9ef4</value>
         <object_component_ref idref="oc-15d"/>
      </symbol>
      <symbol id="sm-48c">
         <name>__nop</name>
         <value>0x9ef8</value>
         <object_component_ref idref="oc-15d"/>
      </symbol>
      <symbol id="sm-48d">
         <name>__register_unlock</name>
         <value>0x9ef0</value>
         <object_component_ref idref="oc-15d"/>
      </symbol>
      <symbol id="sm-49d">
         <name>__args_main</name>
         <value>0x9ed7</value>
         <object_component_ref idref="oc-150"/>
      </symbol>
   </symbol_table>
   <title>Link successful</title>
</link_info>
