<?xml version="1.0"?>
<link_info>
   <banner>TMS320C2000 Linker Unix v15.12.3.LTS</banner>
   <copyright>Copyright (c) 1996-2015 Texas Instruments Incorporated</copyright>
   <link_time>0x5979e0bc</link_time>
   <link_errors>0x0</link_errors>
   <output_file>MAIN.out</output_file>
   <entry_point>
      <name>_c_int00</name>
      <address>0x9cfe</address>
   </entry_point>
   <input_file_list>
      <input_file id="fl-2">
         <path>./</path>
         <kind>object</kind>
         <file>MAIN.obj</file>
         <name>MAIN.obj</name>
      </input_file>
      <input_file id="fl-3">
         <path>./Common/</path>
         <kind>object</kind>
         <file>DSP2833x_ADC_cal.obj</file>
         <name>DSP2833x_ADC_cal.obj</name>
      </input_file>
      <input_file id="fl-4">
         <path>./Common/</path>
         <kind>object</kind>
         <file>DSP2833x_CpuTimers.obj</file>
         <name>DSP2833x_CpuTimers.obj</name>
      </input_file>
      <input_file id="fl-5">
         <path>./Common/</path>
         <kind>object</kind>
         <file>DSP2833x_DMA.obj</file>
         <name>DSP2833x_DMA.obj</name>
      </input_file>
      <input_file id="fl-6">
         <path>./Common/</path>
         <kind>object</kind>
         <file>DSP2833x_DefaultIsr.obj</file>
         <name>DSP2833x_DefaultIsr.obj</name>
      </input_file>
      <input_file id="fl-7">
         <path>./Common/</path>
         <kind>object</kind>
         <file>DSP2833x_I2C.obj</file>
         <name>DSP2833x_I2C.obj</name>
      </input_file>
      <input_file id="fl-8">
         <path>./Common/</path>
         <kind>object</kind>
         <file>DSP2833x_Mcbsp.obj</file>
         <name>DSP2833x_Mcbsp.obj</name>
      </input_file>
      <input_file id="fl-9">
         <path>./Common/</path>
         <kind>object</kind>
         <file>DSP2833x_MemCopy.obj</file>
         <name>DSP2833x_MemCopy.obj</name>
      </input_file>
      <input_file id="fl-a">
         <path>./Common/</path>
         <kind>object</kind>
         <file>DSP2833x_PieCtrl.obj</file>
         <name>DSP2833x_PieCtrl.obj</name>
      </input_file>
      <input_file id="fl-b">
         <path>./Common/</path>
         <kind>object</kind>
         <file>DSP2833x_PieVect.obj</file>
         <name>DSP2833x_PieVect.obj</name>
      </input_file>
      <input_file id="fl-c">
         <path>./Common/</path>
         <kind>object</kind>
         <file>DSP2833x_Sci.obj</file>
         <name>DSP2833x_Sci.obj</name>
      </input_file>
      <input_file id="fl-d">
         <path>./Common/</path>
         <kind>object</kind>
         <file>DSP2833x_Spi.obj</file>
         <name>DSP2833x_Spi.obj</name>
      </input_file>
      <input_file id="fl-e">
         <path>./Common/</path>
         <kind>object</kind>
         <file>DSP2833x_SysCtrl.obj</file>
         <name>DSP2833x_SysCtrl.obj</name>
      </input_file>
      <input_file id="fl-f">
         <path>./Common/</path>
         <kind>object</kind>
         <file>DSP2833x_Xintf.obj</file>
         <name>DSP2833x_Xintf.obj</name>
      </input_file>
      <input_file id="fl-10">
         <path>./Common/</path>
         <kind>object</kind>
         <file>DSP2833x_usDelay.obj</file>
         <name>DSP2833x_usDelay.obj</name>
      </input_file>
      <input_file id="fl-11">
         <path>./Effects/</path>
         <kind>object</kind>
         <file>noiseGate.obj</file>
         <name>noiseGate.obj</name>
      </input_file>
      <input_file id="fl-12">
         <path>./Effects/</path>
         <kind>object</kind>
         <file>phaser.obj</file>
         <name>phaser.obj</name>
      </input_file>
      <input_file id="fl-13">
         <path>./Effects/</path>
         <kind>object</kind>
         <file>ringmod.obj</file>
         <name>ringmod.obj</name>
      </input_file>
      <input_file id="fl-14">
         <path>./Effects/</path>
         <kind>object</kind>
         <file>squares.obj</file>
         <name>squares.obj</name>
      </input_file>
      <input_file id="fl-15">
         <path>./Effects/</path>
         <kind>object</kind>
         <file>tremolo.obj</file>
         <name>tremolo.obj</name>
      </input_file>
      <input_file id="fl-16">
         <path>./Headers/</path>
         <kind>object</kind>
         <file>DSP2833x_GlobalVariableDefs.obj</file>
         <name>DSP2833x_GlobalVariableDefs.obj</name>
      </input_file>
      <input_file id="fl-17">
         <path>./Peripherals/</path>
         <kind>object</kind>
         <file>Sram.obj</file>
         <name>Sram.obj</name>
      </input_file>
      <input_file id="fl-18">
         <path>./Peripherals/</path>
         <kind>object</kind>
         <file>USARTinit.obj</file>
         <name>USARTinit.obj</name>
      </input_file>
      <input_file id="fl-19">
         <path>./Peripherals/</path>
         <kind>object</kind>
         <file>analogToDigitalConverter.obj</file>
         <name>analogToDigitalConverter.obj</name>
      </input_file>
      <input_file id="fl-1a">
         <path>./Peripherals/</path>
         <kind>object</kind>
         <file>audioCntrl.obj</file>
         <name>audioCntrl.obj</name>
      </input_file>
      <input_file id="fl-1b">
         <path>./Peripherals/</path>
         <kind>object</kind>
         <file>digitalToAnalogConverter.obj</file>
         <name>digitalToAnalogConverter.obj</name>
      </input_file>
      <input_file id="fl-1c">
         <path>./Peripherals/</path>
         <kind>object</kind>
         <file>timer.obj</file>
         <name>timer.obj</name>
      </input_file>
      <input_file id="fl-27">
         <path>/Applications/ti/ccsv6/tools/compiler/c2000_15.12.3.LTS/lib/</path>
         <kind>archive</kind>
         <file>rts2800_fpu32.lib</file>
         <name>boot.obj</name>
      </input_file>
      <input_file id="fl-28">
         <path>/Applications/ti/ccsv6/tools/compiler/c2000_15.12.3.LTS/lib/</path>
         <kind>archive</kind>
         <file>rts2800_fpu32.lib</file>
         <name>cpy_tbl.obj</name>
      </input_file>
      <input_file id="fl-29">
         <path>/Applications/ti/ccsv6/tools/compiler/c2000_15.12.3.LTS/lib/</path>
         <kind>archive</kind>
         <file>rts2800_fpu32.lib</file>
         <name>cpy_utils.obj</name>
      </input_file>
      <input_file id="fl-2a">
         <path>/Applications/ti/ccsv6/tools/compiler/c2000_15.12.3.LTS/lib/</path>
         <kind>archive</kind>
         <file>rts2800_fpu32.lib</file>
         <name>exit.obj</name>
      </input_file>
      <input_file id="fl-2b">
         <path>/Applications/ti/ccsv6/tools/compiler/c2000_15.12.3.LTS/lib/</path>
         <kind>archive</kind>
         <file>rts2800_fpu32.lib</file>
         <name>fs_div.obj</name>
      </input_file>
      <input_file id="fl-2c">
         <path>/Applications/ti/ccsv6/tools/compiler/c2000_15.12.3.LTS/lib/</path>
         <kind>archive</kind>
         <file>rts2800_fpu32.lib</file>
         <name>pre_init.obj</name>
      </input_file>
      <input_file id="fl-2d">
         <path>/Applications/ti/ccsv6/tools/compiler/c2000_15.12.3.LTS/lib/</path>
         <kind>archive</kind>
         <file>rts2800_fpu32.lib</file>
         <name>s_cosf.obj</name>
      </input_file>
      <input_file id="fl-2e">
         <path>/Applications/ti/ccsv6/tools/compiler/c2000_15.12.3.LTS/lib/</path>
         <kind>archive</kind>
         <file>rts2800_fpu32.lib</file>
         <name>s_sinf.obj</name>
      </input_file>
      <input_file id="fl-2f">
         <path>/Applications/ti/ccsv6/tools/compiler/c2000_15.12.3.LTS/lib/</path>
         <kind>archive</kind>
         <file>rts2800_fpu32.lib</file>
         <name>s_tanf.obj</name>
      </input_file>
      <input_file id="fl-30">
         <path>/Applications/ti/ccsv6/tools/compiler/c2000_15.12.3.LTS/lib/</path>
         <kind>archive</kind>
         <file>rts2800_fpu32.lib</file>
         <name>startup.obj</name>
      </input_file>
      <input_file id="fl-31">
         <path>/Applications/ti/ccsv6/tools/compiler/c2000_15.12.3.LTS/lib/</path>
         <kind>archive</kind>
         <file>rts2800_fpu32.lib</file>
         <name>_lock.obj</name>
      </input_file>
      <input_file id="fl-32">
         <path>/Applications/ti/ccsv6/tools/compiler/c2000_15.12.3.LTS/lib/</path>
         <kind>archive</kind>
         <file>rts2800_fpu32.lib</file>
         <name>args_main.obj</name>
      </input_file>
   </input_file_list>
   <object_component_list>
      <object_component id="oc-9c">
         <name>ramfuncs</name>
         <load_address>0x8134</load_address>
         <run_address>0x8134</run_address>
         <size>0x4</size>
         <input_file_ref idref="fl-10"/>
      </object_component>
      <object_component id="oc-158">
         <name>.text</name>
         <load_address>0x9000</load_address>
         <run_address>0x9000</run_address>
         <size>0x3e9</size>
         <input_file_ref idref="fl-5"/>
      </object_component>
      <object_component id="oc-6a">
         <name>.text:retain</name>
         <load_address>0x93e9</load_address>
         <run_address>0x93e9</run_address>
         <size>0x316</size>
         <input_file_ref idref="fl-6"/>
      </object_component>
      <object_component id="oc-159">
         <name>.text</name>
         <load_address>0x96ff</load_address>
         <run_address>0x96ff</run_address>
         <size>0x238</size>
         <input_file_ref idref="fl-2"/>
      </object_component>
      <object_component id="oc-54">
         <name>.text:retain</name>
         <load_address>0x9937</load_address>
         <run_address>0x9937</run_address>
         <size>0xfe</size>
         <input_file_ref idref="fl-2"/>
      </object_component>
      <object_component id="oc-15c">
         <name>.text</name>
         <load_address>0x9a35</load_address>
         <run_address>0x9a35</run_address>
         <size>0xf8</size>
         <input_file_ref idref="fl-e"/>
      </object_component>
      <object_component id="oc-12b">
         <name>.text</name>
         <load_address>0x9b2d</load_address>
         <run_address>0x9b2d</run_address>
         <size>0x88</size>
         <input_file_ref idref="fl-2b"/>
      </object_component>
      <object_component id="oc-15e">
         <name>.text</name>
         <load_address>0x9bb5</load_address>
         <run_address>0x9bb5</run_address>
         <size>0x79</size>
         <input_file_ref idref="fl-19"/>
      </object_component>
      <object_component id="oc-161">
         <name>.text</name>
         <load_address>0x9c2e</load_address>
         <run_address>0x9c2e</run_address>
         <size>0x73</size>
         <input_file_ref idref="fl-4"/>
      </object_component>
      <object_component id="oc-15f">
         <name>.text</name>
         <load_address>0x9ca1</load_address>
         <run_address>0x9ca1</run_address>
         <size>0x5d</size>
         <input_file_ref idref="fl-1b"/>
      </object_component>
      <object_component id="oc-4d">
         <name>.text</name>
         <load_address>0x9cfe</load_address>
         <run_address>0x9cfe</run_address>
         <size>0x56</size>
         <input_file_ref idref="fl-27"/>
      </object_component>
      <object_component id="oc-154">
         <name>.text</name>
         <load_address>0x9d54</load_address>
         <run_address>0x9d54</run_address>
         <size>0x46</size>
         <input_file_ref idref="fl-28"/>
      </object_component>
      <object_component id="oc-15d">
         <name>.text</name>
         <load_address>0x9d9a</load_address>
         <run_address>0x9d9a</run_address>
         <size>0x35</size>
         <input_file_ref idref="fl-17"/>
      </object_component>
      <object_component id="oc-f6">
         <name>.text:retain</name>
         <load_address>0x9dcf</load_address>
         <run_address>0x9dcf</run_address>
         <size>0x31</size>
         <input_file_ref idref="fl-18"/>
      </object_component>
      <object_component id="oc-157">
         <name>.text</name>
         <load_address>0x9e00</load_address>
         <run_address>0x9e00</run_address>
         <size>0x29</size>
         <input_file_ref idref="fl-2a"/>
      </object_component>
      <object_component id="oc-10f">
         <name>.text:retain</name>
         <load_address>0x9e29</load_address>
         <run_address>0x9e29</run_address>
         <size>0x1c</size>
         <input_file_ref idref="fl-1c"/>
      </object_component>
      <object_component id="oc-11f">
         <name>.text</name>
         <load_address>0x9e45</load_address>
         <run_address>0x9e45</run_address>
         <size>0x1a</size>
         <input_file_ref idref="fl-29"/>
      </object_component>
      <object_component id="oc-156">
         <name>.text</name>
         <load_address>0x9e5f</load_address>
         <run_address>0x9e5f</run_address>
         <size>0x19</size>
         <input_file_ref idref="fl-32"/>
      </object_component>
      <object_component id="oc-162">
         <name>.text</name>
         <load_address>0x9e78</load_address>
         <run_address>0x9e78</run_address>
         <size>0x9</size>
         <input_file_ref idref="fl-31"/>
      </object_component>
      <object_component id="oc-160">
         <name>.text</name>
         <load_address>0x9e81</load_address>
         <run_address>0x9e81</run_address>
         <size>0x8</size>
         <input_file_ref idref="fl-1a"/>
      </object_component>
      <object_component id="oc-153">
         <name>.text</name>
         <load_address>0x9e89</load_address>
         <run_address>0x9e89</run_address>
         <size>0x2</size>
         <input_file_ref idref="fl-2c"/>
      </object_component>
      <object_component id="oc-155">
         <name>.text</name>
         <load_address>0x9e8b</load_address>
         <run_address>0x9e8b</run_address>
         <size>0x1</size>
         <input_file_ref idref="fl-30"/>
      </object_component>
      <object_component id="oc-4f">
         <name>.cinit</name>
         <load_address>0x8000</load_address>
         <run_address>0x8000</run_address>
         <size>0x98</size>
         <input_file_ref idref="fl-2"/>
      </object_component>
      <object_component id="oc-a7">
         <name>.cinit</name>
         <load_address>0x8098</load_address>
         <run_address>0x8098</run_address>
         <size>0x54</size>
         <input_file_ref idref="fl-12"/>
      </object_component>
      <object_component id="oc-10d">
         <name>.cinit</name>
         <load_address>0x80ec</load_address>
         <run_address>0x80ec</run_address>
         <size>0x26</size>
         <input_file_ref idref="fl-1c"/>
      </object_component>
      <object_component id="oc-125">
         <name>.cinit</name>
         <load_address>0x8112</load_address>
         <run_address>0x8112</run_address>
         <size>0xe</size>
         <input_file_ref idref="fl-2a"/>
      </object_component>
      <object_component id="oc-101">
         <name>.cinit</name>
         <load_address>0x8120</load_address>
         <run_address>0x8120</run_address>
         <size>0x8</size>
         <input_file_ref idref="fl-1a"/>
      </object_component>
      <object_component id="oc-15b">
         <name>.cinit:__lock</name>
         <load_address>0x8128</load_address>
         <run_address>0x8128</run_address>
         <size>0x5</size>
         <input_file_ref idref="fl-31"/>
      </object_component>
      <object_component id="oc-163">
         <name>.cinit:__unlock</name>
         <load_address>0x812d</load_address>
         <run_address>0x812d</run_address>
         <size>0x5</size>
         <input_file_ref idref="fl-31"/>
      </object_component>
      <object_component id="oc-53">
         <name>.memory</name>
         <uninitialized>true</uninitialized>
         <run_address>0x100000</run_address>
         <size>0x8d000</size>
         <input_file_ref idref="fl-2"/>
      </object_component>
      <object_component id="oc-114">
         <name>.stack</name>
         <uninitialized>true</uninitialized>
         <run_address>0x400</run_address>
         <size>0x0</size>
         <input_file_ref idref="fl-27"/>
      </object_component>
      <object_component id="oc-1bc">
         <name>.stack</name>
         <uninitialized>true</uninitialized>
         <run_address>0x400</run_address>
         <size>0x0</size>
      </object_component>
      <object_component id="oc-50">
         <name>.ebss</name>
         <uninitialized>true</uninitialized>
         <run_address>0xc400</run_address>
         <size>0xa4</size>
         <input_file_ref idref="fl-2"/>
      </object_component>
      <object_component id="oc-5f">
         <name>.ebss</name>
         <uninitialized>true</uninitialized>
         <run_address>0xc4a4</run_address>
         <size>0x18</size>
         <input_file_ref idref="fl-4"/>
      </object_component>
      <object_component id="oc-a8">
         <name>.ebss</name>
         <uninitialized>true</uninitialized>
         <run_address>0xc4c0</run_address>
         <size>0x34</size>
         <input_file_ref idref="fl-12"/>
      </object_component>
      <object_component id="oc-102">
         <name>.ebss</name>
         <uninitialized>true</uninitialized>
         <run_address>0xc4fa</run_address>
         <size>0x2</size>
         <input_file_ref idref="fl-1a"/>
      </object_component>
      <object_component id="oc-10e">
         <name>.ebss</name>
         <uninitialized>true</uninitialized>
         <run_address>0xc500</run_address>
         <size>0xe</size>
         <input_file_ref idref="fl-1c"/>
      </object_component>
      <object_component id="oc-126">
         <name>.ebss</name>
         <uninitialized>true</uninitialized>
         <run_address>0xc4f4</run_address>
         <size>0x6</size>
         <input_file_ref idref="fl-2a"/>
      </object_component>
      <object_component id="oc-164">
         <name>.ebss:__unlock</name>
         <uninitialized>true</uninitialized>
         <run_address>0xc4be</run_address>
         <size>0x2</size>
         <input_file_ref idref="fl-31"/>
      </object_component>
      <object_component id="oc-15a">
         <name>.ebss:__lock</name>
         <uninitialized>true</uninitialized>
         <run_address>0xc4bc</run_address>
         <size>0x2</size>
         <input_file_ref idref="fl-31"/>
      </object_component>
      <object_component id="oc-52">
         <name>DMARAML4</name>
         <uninitialized>true</uninitialized>
         <run_address>0xc000</run_address>
         <size>0x400</size>
         <input_file_ref idref="fl-2"/>
      </object_component>
      <object_component id="oc-51">
         <name>DMARAML5</name>
         <uninitialized>true</uninitialized>
         <run_address>0xd000</run_address>
         <size>0x240</size>
         <input_file_ref idref="fl-2"/>
      </object_component>
      <object_component id="oc-115">
         <name>.reset</name>
         <load_address>0x3fffc0</load_address>
         <run_address>0x3fffc0</run_address>
         <size>0x2</size>
         <input_file_ref idref="fl-27"/>
      </object_component>
      <object_component id="oc-59">
         <name>.adc_cal</name>
         <load_address>0x380080</load_address>
         <run_address>0x380080</run_address>
         <size>0x7</size>
         <input_file_ref idref="fl-3"/>
      </object_component>
      <object_component id="oc-ee">
         <name>PieVectTableFile</name>
         <uninitialized>true</uninitialized>
         <run_address>0xd00</run_address>
         <size>0x100</size>
         <input_file_ref idref="fl-16"/>
      </object_component>
      <object_component id="oc-ea">
         <name>DevEmuRegsFile</name>
         <uninitialized>true</uninitialized>
         <run_address>0x880</run_address>
         <size>0xd0</size>
         <input_file_ref idref="fl-16"/>
      </object_component>
      <object_component id="oc-c0">
         <name>FlashRegsFile</name>
         <uninitialized>true</uninitialized>
         <run_address>0xa80</run_address>
         <size>0x8</size>
         <input_file_ref idref="fl-16"/>
      </object_component>
      <object_component id="oc-c8">
         <name>CsmRegsFile</name>
         <uninitialized>true</uninitialized>
         <run_address>0xae0</run_address>
         <size>0x10</size>
         <input_file_ref idref="fl-16"/>
      </object_component>
      <object_component id="oc-c9">
         <name>AdcMirrorFile</name>
         <uninitialized>true</uninitialized>
         <run_address>0xb00</run_address>
         <size>0x10</size>
         <input_file_ref idref="fl-16"/>
      </object_component>
      <object_component id="oc-cd">
         <name>XintfRegsFile</name>
         <uninitialized>true</uninitialized>
         <run_address>0xb20</run_address>
         <size>0x1e</size>
         <input_file_ref idref="fl-16"/>
      </object_component>
      <object_component id="oc-c1">
         <name>CpuTimer0RegsFile</name>
         <uninitialized>true</uninitialized>
         <run_address>0xc00</run_address>
         <size>0x8</size>
         <input_file_ref idref="fl-16"/>
      </object_component>
      <object_component id="oc-c2">
         <name>CpuTimer1RegsFile</name>
         <uninitialized>true</uninitialized>
         <run_address>0xc08</run_address>
         <size>0x8</size>
         <input_file_ref idref="fl-16"/>
      </object_component>
      <object_component id="oc-be">
         <name>CpuTimer2RegsFile</name>
         <uninitialized>true</uninitialized>
         <run_address>0xc10</run_address>
         <size>0x8</size>
         <input_file_ref idref="fl-16"/>
      </object_component>
      <object_component id="oc-cb">
         <name>PieCtrlRegsFile</name>
         <uninitialized>true</uninitialized>
         <run_address>0xce0</run_address>
         <size>0x1a</size>
         <input_file_ref idref="fl-16"/>
      </object_component>
      <object_component id="oc-eb">
         <name>DmaRegsFile</name>
         <uninitialized>true</uninitialized>
         <run_address>0x1000</run_address>
         <size>0xe0</size>
         <input_file_ref idref="fl-16"/>
      </object_component>
      <object_component id="oc-de">
         <name>McbspaRegsFile</name>
         <uninitialized>true</uninitialized>
         <run_address>0x5000</run_address>
         <size>0x25</size>
         <input_file_ref idref="fl-16"/>
      </object_component>
      <object_component id="oc-dd">
         <name>McbspbRegsFile</name>
         <uninitialized>true</uninitialized>
         <run_address>0x5040</run_address>
         <size>0x25</size>
         <input_file_ref idref="fl-16"/>
      </object_component>
      <object_component id="oc-e0">
         <name>ECanaRegsFile</name>
         <uninitialized>true</uninitialized>
         <run_address>0x6000</run_address>
         <size>0x34</size>
         <input_file_ref idref="fl-16"/>
      </object_component>
      <object_component id="oc-e4">
         <name>ECanaLAMRegsFile</name>
         <uninitialized>true</uninitialized>
         <run_address>0x6040</run_address>
         <size>0x40</size>
         <input_file_ref idref="fl-16"/>
      </object_component>
      <object_component id="oc-ed">
         <name>ECanaMboxesFile</name>
         <uninitialized>true</uninitialized>
         <run_address>0x6100</run_address>
         <size>0x100</size>
         <input_file_ref idref="fl-16"/>
      </object_component>
      <object_component id="oc-e5">
         <name>ECanaMOTSRegsFile</name>
         <uninitialized>true</uninitialized>
         <run_address>0x6080</run_address>
         <size>0x40</size>
         <input_file_ref idref="fl-16"/>
      </object_component>
      <object_component id="oc-e2">
         <name>ECanaMOTORegsFile</name>
         <uninitialized>true</uninitialized>
         <run_address>0x60c0</run_address>
         <size>0x40</size>
         <input_file_ref idref="fl-16"/>
      </object_component>
      <object_component id="oc-e1">
         <name>ECanbRegsFile</name>
         <uninitialized>true</uninitialized>
         <run_address>0x6200</run_address>
         <size>0x34</size>
         <input_file_ref idref="fl-16"/>
      </object_component>
      <object_component id="oc-e9">
         <name>ECanbLAMRegsFile</name>
         <uninitialized>true</uninitialized>
         <run_address>0x6240</run_address>
         <size>0x40</size>
         <input_file_ref idref="fl-16"/>
      </object_component>
      <object_component id="oc-ec">
         <name>ECanbMboxesFile</name>
         <uninitialized>true</uninitialized>
         <run_address>0x6300</run_address>
         <size>0x100</size>
         <input_file_ref idref="fl-16"/>
      </object_component>
      <object_component id="oc-e3">
         <name>ECanbMOTSRegsFile</name>
         <uninitialized>true</uninitialized>
         <run_address>0x6280</run_address>
         <size>0x40</size>
         <input_file_ref idref="fl-16"/>
      </object_component>
      <object_component id="oc-e6">
         <name>ECanbMOTORegsFile</name>
         <uninitialized>true</uninitialized>
         <run_address>0x62c0</run_address>
         <size>0x40</size>
         <input_file_ref idref="fl-16"/>
      </object_component>
      <object_component id="oc-db">
         <name>EPwm1RegsFile</name>
         <uninitialized>true</uninitialized>
         <run_address>0x6800</run_address>
         <size>0x22</size>
         <input_file_ref idref="fl-16"/>
      </object_component>
      <object_component id="oc-d6">
         <name>EPwm2RegsFile</name>
         <uninitialized>true</uninitialized>
         <run_address>0x6840</run_address>
         <size>0x22</size>
         <input_file_ref idref="fl-16"/>
      </object_component>
      <object_component id="oc-d7">
         <name>EPwm3RegsFile</name>
         <uninitialized>true</uninitialized>
         <run_address>0x6880</run_address>
         <size>0x22</size>
         <input_file_ref idref="fl-16"/>
      </object_component>
      <object_component id="oc-dc">
         <name>EPwm4RegsFile</name>
         <uninitialized>true</uninitialized>
         <run_address>0x68c0</run_address>
         <size>0x22</size>
         <input_file_ref idref="fl-16"/>
      </object_component>
      <object_component id="oc-d9">
         <name>EPwm5RegsFile</name>
         <uninitialized>true</uninitialized>
         <run_address>0x6900</run_address>
         <size>0x22</size>
         <input_file_ref idref="fl-16"/>
      </object_component>
      <object_component id="oc-da">
         <name>EPwm6RegsFile</name>
         <uninitialized>true</uninitialized>
         <run_address>0x6940</run_address>
         <size>0x22</size>
         <input_file_ref idref="fl-16"/>
      </object_component>
      <object_component id="oc-d0">
         <name>ECap1RegsFile</name>
         <uninitialized>true</uninitialized>
         <run_address>0x6a00</run_address>
         <size>0x20</size>
         <input_file_ref idref="fl-16"/>
      </object_component>
      <object_component id="oc-d1">
         <name>ECap2RegsFile</name>
         <uninitialized>true</uninitialized>
         <run_address>0x6a20</run_address>
         <size>0x20</size>
         <input_file_ref idref="fl-16"/>
      </object_component>
      <object_component id="oc-ce">
         <name>ECap3RegsFile</name>
         <uninitialized>true</uninitialized>
         <run_address>0x6a40</run_address>
         <size>0x20</size>
         <input_file_ref idref="fl-16"/>
      </object_component>
      <object_component id="oc-cf">
         <name>ECap4RegsFile</name>
         <uninitialized>true</uninitialized>
         <run_address>0x6a60</run_address>
         <size>0x20</size>
         <input_file_ref idref="fl-16"/>
      </object_component>
      <object_component id="oc-d4">
         <name>ECap5RegsFile</name>
         <uninitialized>true</uninitialized>
         <run_address>0x6a80</run_address>
         <size>0x20</size>
         <input_file_ref idref="fl-16"/>
      </object_component>
      <object_component id="oc-d5">
         <name>ECap6RegsFile</name>
         <uninitialized>true</uninitialized>
         <run_address>0x6aa0</run_address>
         <size>0x20</size>
         <input_file_ref idref="fl-16"/>
      </object_component>
      <object_component id="oc-e7">
         <name>EQep1RegsFile</name>
         <uninitialized>true</uninitialized>
         <run_address>0x6b00</run_address>
         <size>0x40</size>
         <input_file_ref idref="fl-16"/>
      </object_component>
      <object_component id="oc-e8">
         <name>EQep2RegsFile</name>
         <uninitialized>true</uninitialized>
         <run_address>0x6b40</run_address>
         <size>0x40</size>
         <input_file_ref idref="fl-16"/>
      </object_component>
      <object_component id="oc-df">
         <name>GpioCtrlRegsFile</name>
         <uninitialized>true</uninitialized>
         <run_address>0x6f80</run_address>
         <size>0x2e</size>
         <input_file_ref idref="fl-16"/>
      </object_component>
      <object_component id="oc-d2">
         <name>GpioDataRegsFile</name>
         <uninitialized>true</uninitialized>
         <run_address>0x6fc0</run_address>
         <size>0x20</size>
         <input_file_ref idref="fl-16"/>
      </object_component>
      <object_component id="oc-c3">
         <name>GpioIntRegsFile</name>
         <uninitialized>true</uninitialized>
         <run_address>0x6fe0</run_address>
         <size>0xa</size>
         <input_file_ref idref="fl-16"/>
      </object_component>
      <object_component id="oc-d3">
         <name>SysCtrlRegsFile</name>
         <uninitialized>true</uninitialized>
         <run_address>0x7010</run_address>
         <size>0x20</size>
         <input_file_ref idref="fl-16"/>
      </object_component>
      <object_component id="oc-c4">
         <name>SpiaRegsFile</name>
         <uninitialized>true</uninitialized>
         <run_address>0x7040</run_address>
         <size>0x10</size>
         <input_file_ref idref="fl-16"/>
      </object_component>
      <object_component id="oc-c7">
         <name>SciaRegsFile</name>
         <uninitialized>true</uninitialized>
         <run_address>0x7050</run_address>
         <size>0x10</size>
         <input_file_ref idref="fl-16"/>
      </object_component>
      <object_component id="oc-ca">
         <name>XIntruptRegsFile</name>
         <uninitialized>true</uninitialized>
         <run_address>0x7070</run_address>
         <size>0x10</size>
         <input_file_ref idref="fl-16"/>
      </object_component>
      <object_component id="oc-cc">
         <name>AdcRegsFile</name>
         <uninitialized>true</uninitialized>
         <run_address>0x7100</run_address>
         <size>0x1e</size>
         <input_file_ref idref="fl-16"/>
      </object_component>
      <object_component id="oc-c5">
         <name>ScibRegsFile</name>
         <uninitialized>true</uninitialized>
         <run_address>0x7750</run_address>
         <size>0x10</size>
         <input_file_ref idref="fl-16"/>
      </object_component>
      <object_component id="oc-c6">
         <name>ScicRegsFile</name>
         <uninitialized>true</uninitialized>
         <run_address>0x7770</run_address>
         <size>0x10</size>
         <input_file_ref idref="fl-16"/>
      </object_component>
      <object_component id="oc-d8">
         <name>I2caRegsFile</name>
         <uninitialized>true</uninitialized>
         <run_address>0x7900</run_address>
         <size>0x22</size>
         <input_file_ref idref="fl-16"/>
      </object_component>
      <object_component id="oc-bf">
         <name>CsmPwlFile</name>
         <uninitialized>true</uninitialized>
         <run_address>0x33fff8</run_address>
         <size>0x8</size>
         <input_file_ref idref="fl-16"/>
      </object_component>
      <object_component id="oc-bd">
         <name>PartIdRegsFile</name>
         <uninitialized>true</uninitialized>
         <run_address>0x380090</run_address>
         <size>0x1</size>
         <input_file_ref idref="fl-16"/>
      </object_component>
      <object_component id="oc-4e">
         <name>.debug_info</name>
         <load_address>0x0</load_address>
         <run_address>0x0</run_address>
         <size>0x88bc</size>
         <input_file_ref idref="fl-2"/>
      </object_component>
      <object_component id="oc-5a">
         <name>.debug_info</name>
         <load_address>0x88bc</load_address>
         <run_address>0x88bc</run_address>
         <size>0x100</size>
         <input_file_ref idref="fl-3"/>
      </object_component>
      <object_component id="oc-5e">
         <name>.debug_info</name>
         <load_address>0x89bc</load_address>
         <run_address>0x89bc</run_address>
         <size>0x9ca</size>
         <input_file_ref idref="fl-4"/>
      </object_component>
      <object_component id="oc-64">
         <name>.debug_info</name>
         <load_address>0x9386</load_address>
         <run_address>0x9386</run_address>
         <size>0x3dc2</size>
         <input_file_ref idref="fl-5"/>
      </object_component>
      <object_component id="oc-69">
         <name>.debug_info</name>
         <load_address>0xd148</load_address>
         <run_address>0xd148</run_address>
         <size>0x247f</size>
         <input_file_ref idref="fl-6"/>
      </object_component>
      <object_component id="oc-6f">
         <name>.debug_info</name>
         <load_address>0xf5c7</load_address>
         <run_address>0xf5c7</run_address>
         <size>0x1bb1</size>
         <input_file_ref idref="fl-7"/>
      </object_component>
      <object_component id="oc-74">
         <name>.debug_info</name>
         <load_address>0x11178</load_address>
         <run_address>0x11178</run_address>
         <size>0x49d1</size>
         <input_file_ref idref="fl-8"/>
      </object_component>
      <object_component id="oc-79">
         <name>.debug_info</name>
         <load_address>0x15b49</load_address>
         <run_address>0x15b49</run_address>
         <size>0x37d</size>
         <input_file_ref idref="fl-9"/>
      </object_component>
      <object_component id="oc-7e">
         <name>.debug_info</name>
         <load_address>0x15ec6</load_address>
         <run_address>0x15ec6</run_address>
         <size>0xa8e</size>
         <input_file_ref idref="fl-a"/>
      </object_component>
      <object_component id="oc-83">
         <name>.debug_info</name>
         <load_address>0x16954</load_address>
         <run_address>0x16954</run_address>
         <size>0x2213</size>
         <input_file_ref idref="fl-b"/>
      </object_component>
      <object_component id="oc-88">
         <name>.debug_info</name>
         <load_address>0x18b67</load_address>
         <run_address>0x18b67</run_address>
         <size>0x1bb1</size>
         <input_file_ref idref="fl-c"/>
      </object_component>
      <object_component id="oc-8d">
         <name>.debug_info</name>
         <load_address>0x1a718</load_address>
         <run_address>0x1a718</run_address>
         <size>0x1bb1</size>
         <input_file_ref idref="fl-d"/>
      </object_component>
      <object_component id="oc-92">
         <name>.debug_info</name>
         <load_address>0x1c2c9</load_address>
         <run_address>0x1c2c9</run_address>
         <size>0x20c5</size>
         <input_file_ref idref="fl-e"/>
      </object_component>
      <object_component id="oc-97">
         <name>.debug_info</name>
         <load_address>0x1e38e</load_address>
         <run_address>0x1e38e</run_address>
         <size>0x2169</size>
         <input_file_ref idref="fl-f"/>
      </object_component>
      <object_component id="oc-9d">
         <name>.debug_info</name>
         <load_address>0x204f7</load_address>
         <run_address>0x204f7</run_address>
         <size>0x101</size>
         <input_file_ref idref="fl-10"/>
      </object_component>
      <object_component id="oc-a1">
         <name>.debug_info</name>
         <load_address>0x205f8</load_address>
         <run_address>0x205f8</run_address>
         <size>0x469</size>
         <input_file_ref idref="fl-11"/>
      </object_component>
      <object_component id="oc-a6">
         <name>.debug_info</name>
         <load_address>0x20a61</load_address>
         <run_address>0x20a61</run_address>
         <size>0x6bc</size>
         <input_file_ref idref="fl-12"/>
      </object_component>
      <object_component id="oc-ad">
         <name>.debug_info</name>
         <load_address>0x2111d</load_address>
         <run_address>0x2111d</run_address>
         <size>0x413</size>
         <input_file_ref idref="fl-13"/>
      </object_component>
      <object_component id="oc-b2">
         <name>.debug_info</name>
         <load_address>0x21530</load_address>
         <run_address>0x21530</run_address>
         <size>0x389</size>
         <input_file_ref idref="fl-14"/>
      </object_component>
      <object_component id="oc-b7">
         <name>.debug_info</name>
         <load_address>0x218b9</load_address>
         <run_address>0x218b9</run_address>
         <size>0x3d5</size>
         <input_file_ref idref="fl-15"/>
      </object_component>
      <object_component id="oc-bc">
         <name>.debug_info</name>
         <load_address>0x21c8e</load_address>
         <run_address>0x21c8e</run_address>
         <size>0x1342a</size>
         <input_file_ref idref="fl-16"/>
      </object_component>
      <object_component id="oc-f0">
         <name>.debug_info</name>
         <load_address>0x350b8</load_address>
         <run_address>0x350b8</run_address>
         <size>0x2d5b</size>
         <input_file_ref idref="fl-17"/>
      </object_component>
      <object_component id="oc-f5">
         <name>.debug_info</name>
         <load_address>0x37e13</load_address>
         <run_address>0x37e13</run_address>
         <size>0x4d10</size>
         <input_file_ref idref="fl-18"/>
      </object_component>
      <object_component id="oc-fb">
         <name>.debug_info</name>
         <load_address>0x3cb23</load_address>
         <run_address>0x3cb23</run_address>
         <size>0x5775</size>
         <input_file_ref idref="fl-19"/>
      </object_component>
      <object_component id="oc-100">
         <name>.debug_info</name>
         <load_address>0x42298</load_address>
         <run_address>0x42298</run_address>
         <size>0x1c51</size>
         <input_file_ref idref="fl-1a"/>
      </object_component>
      <object_component id="oc-107">
         <name>.debug_info</name>
         <load_address>0x43ee9</load_address>
         <run_address>0x43ee9</run_address>
         <size>0x5743</size>
         <input_file_ref idref="fl-1b"/>
      </object_component>
      <object_component id="oc-10c">
         <name>.debug_info</name>
         <load_address>0x4962c</load_address>
         <run_address>0x4962c</run_address>
         <size>0x2a4d</size>
         <input_file_ref idref="fl-1c"/>
      </object_component>
      <object_component id="oc-116">
         <name>.debug_info</name>
         <load_address>0x4c079</load_address>
         <run_address>0x4c079</run_address>
         <size>0x16c</size>
         <input_file_ref idref="fl-27"/>
      </object_component>
      <object_component id="oc-11a">
         <name>.debug_info</name>
         <load_address>0x4c1e5</load_address>
         <run_address>0x4c1e5</run_address>
         <size>0x628</size>
         <input_file_ref idref="fl-28"/>
      </object_component>
      <object_component id="oc-120">
         <name>.debug_info</name>
         <load_address>0x4c80d</load_address>
         <run_address>0x4c80d</run_address>
         <size>0x113</size>
         <input_file_ref idref="fl-29"/>
      </object_component>
      <object_component id="oc-124">
         <name>.debug_info</name>
         <load_address>0x4c920</load_address>
         <run_address>0x4c920</run_address>
         <size>0x5ac</size>
         <input_file_ref idref="fl-2a"/>
      </object_component>
      <object_component id="oc-12c">
         <name>.debug_info</name>
         <load_address>0x4cecc</load_address>
         <run_address>0x4cecc</run_address>
         <size>0x10d</size>
         <input_file_ref idref="fl-2b"/>
      </object_component>
      <object_component id="oc-130">
         <name>.debug_info</name>
         <load_address>0x4cfd9</load_address>
         <run_address>0x4cfd9</run_address>
         <size>0x3e3</size>
         <input_file_ref idref="fl-2c"/>
      </object_component>
      <object_component id="oc-135">
         <name>.debug_info</name>
         <load_address>0x4d3bc</load_address>
         <run_address>0x4d3bc</run_address>
         <size>0x39d</size>
         <input_file_ref idref="fl-2d"/>
      </object_component>
      <object_component id="oc-13a">
         <name>.debug_info</name>
         <load_address>0x4d759</load_address>
         <run_address>0x4d759</run_address>
         <size>0x39d</size>
         <input_file_ref idref="fl-2e"/>
      </object_component>
      <object_component id="oc-13f">
         <name>.debug_info</name>
         <load_address>0x4daf6</load_address>
         <run_address>0x4daf6</run_address>
         <size>0x389</size>
         <input_file_ref idref="fl-2f"/>
      </object_component>
      <object_component id="oc-144">
         <name>.debug_info</name>
         <load_address>0x4de7f</load_address>
         <run_address>0x4de7f</run_address>
         <size>0x3e0</size>
         <input_file_ref idref="fl-30"/>
      </object_component>
      <object_component id="oc-149">
         <name>.debug_info</name>
         <load_address>0x4e25f</load_address>
         <run_address>0x4e25f</run_address>
         <size>0x502</size>
         <input_file_ref idref="fl-31"/>
      </object_component>
      <object_component id="oc-14e">
         <name>.debug_info</name>
         <load_address>0x4e761</load_address>
         <run_address>0x4e761</run_address>
         <size>0x4cf</size>
         <input_file_ref idref="fl-32"/>
      </object_component>
      <object_component id="oc-1bd">
         <name>.debug_info</name>
         <load_address>0x4ec30</load_address>
         <run_address>0x4ec30</run_address>
         <size>0xab</size>
      </object_component>
      <object_component id="oc-55">
         <name>.debug_frame</name>
         <load_address>0x0</load_address>
         <run_address>0x0</run_address>
         <size>0x27b</size>
         <input_file_ref idref="fl-2"/>
      </object_component>
      <object_component id="oc-60">
         <name>.debug_frame</name>
         <load_address>0x27b</load_address>
         <run_address>0x27b</run_address>
         <size>0xbc</size>
         <input_file_ref idref="fl-4"/>
      </object_component>
      <object_component id="oc-65">
         <name>.debug_frame</name>
         <load_address>0x337</load_address>
         <run_address>0x337</run_address>
         <size>0x44f</size>
         <input_file_ref idref="fl-5"/>
      </object_component>
      <object_component id="oc-6b">
         <name>.debug_frame</name>
         <load_address>0x786</load_address>
         <run_address>0x786</run_address>
         <size>0xbf7</size>
         <input_file_ref idref="fl-6"/>
      </object_component>
      <object_component id="oc-70">
         <name>.debug_frame</name>
         <load_address>0x137d</load_address>
         <run_address>0x137d</run_address>
         <size>0x8c</size>
         <input_file_ref idref="fl-7"/>
      </object_component>
      <object_component id="oc-75">
         <name>.debug_frame</name>
         <load_address>0x1409</load_address>
         <run_address>0x1409</run_address>
         <size>0x8c</size>
         <input_file_ref idref="fl-8"/>
      </object_component>
      <object_component id="oc-7a">
         <name>.debug_frame</name>
         <load_address>0x1495</load_address>
         <run_address>0x1495</run_address>
         <size>0x8c</size>
         <input_file_ref idref="fl-9"/>
      </object_component>
      <object_component id="oc-7f">
         <name>.debug_frame</name>
         <load_address>0x1521</load_address>
         <run_address>0x1521</run_address>
         <size>0x8c</size>
         <input_file_ref idref="fl-a"/>
      </object_component>
      <object_component id="oc-84">
         <name>.debug_frame</name>
         <load_address>0x15ad</load_address>
         <run_address>0x15ad</run_address>
         <size>0x8c</size>
         <input_file_ref idref="fl-b"/>
      </object_component>
      <object_component id="oc-89">
         <name>.debug_frame</name>
         <load_address>0x1639</load_address>
         <run_address>0x1639</run_address>
         <size>0x8c</size>
         <input_file_ref idref="fl-c"/>
      </object_component>
      <object_component id="oc-8e">
         <name>.debug_frame</name>
         <load_address>0x16c5</load_address>
         <run_address>0x16c5</run_address>
         <size>0x8c</size>
         <input_file_ref idref="fl-d"/>
      </object_component>
      <object_component id="oc-93">
         <name>.debug_frame</name>
         <load_address>0x1751</load_address>
         <run_address>0x1751</run_address>
         <size>0x118</size>
         <input_file_ref idref="fl-e"/>
      </object_component>
      <object_component id="oc-98">
         <name>.debug_frame</name>
         <load_address>0x1869</load_address>
         <run_address>0x1869</run_address>
         <size>0x8c</size>
         <input_file_ref idref="fl-f"/>
      </object_component>
      <object_component id="oc-a2">
         <name>.debug_frame</name>
         <load_address>0x18f5</load_address>
         <run_address>0x18f5</run_address>
         <size>0x8c</size>
         <input_file_ref idref="fl-11"/>
      </object_component>
      <object_component id="oc-a9">
         <name>.debug_frame</name>
         <load_address>0x1981</load_address>
         <run_address>0x1981</run_address>
         <size>0x8c</size>
         <input_file_ref idref="fl-12"/>
      </object_component>
      <object_component id="oc-ae">
         <name>.debug_frame</name>
         <load_address>0x1a0d</load_address>
         <run_address>0x1a0d</run_address>
         <size>0x8c</size>
         <input_file_ref idref="fl-13"/>
      </object_component>
      <object_component id="oc-b3">
         <name>.debug_frame</name>
         <load_address>0x1a99</load_address>
         <run_address>0x1a99</run_address>
         <size>0x8c</size>
         <input_file_ref idref="fl-14"/>
      </object_component>
      <object_component id="oc-b8">
         <name>.debug_frame</name>
         <load_address>0x1b25</load_address>
         <run_address>0x1b25</run_address>
         <size>0x8c</size>
         <input_file_ref idref="fl-15"/>
      </object_component>
      <object_component id="oc-f1">
         <name>.debug_frame</name>
         <load_address>0x1bb1</load_address>
         <run_address>0x1bb1</run_address>
         <size>0xa1</size>
         <input_file_ref idref="fl-17"/>
      </object_component>
      <object_component id="oc-f7">
         <name>.debug_frame</name>
         <load_address>0x1c52</load_address>
         <run_address>0x1c52</run_address>
         <size>0xd4</size>
         <input_file_ref idref="fl-18"/>
      </object_component>
      <object_component id="oc-fc">
         <name>.debug_frame</name>
         <load_address>0x1d26</load_address>
         <run_address>0x1d26</run_address>
         <size>0xbd</size>
         <input_file_ref idref="fl-19"/>
      </object_component>
      <object_component id="oc-103">
         <name>.debug_frame</name>
         <load_address>0x1de3</load_address>
         <run_address>0x1de3</run_address>
         <size>0xa1</size>
         <input_file_ref idref="fl-1a"/>
      </object_component>
      <object_component id="oc-108">
         <name>.debug_frame</name>
         <load_address>0x1e84</load_address>
         <run_address>0x1e84</run_address>
         <size>0xbd</size>
         <input_file_ref idref="fl-1b"/>
      </object_component>
      <object_component id="oc-110">
         <name>.debug_frame</name>
         <load_address>0x1f41</load_address>
         <run_address>0x1f41</run_address>
         <size>0xbd</size>
         <input_file_ref idref="fl-1c"/>
      </object_component>
      <object_component id="oc-11b">
         <name>.debug_frame</name>
         <load_address>0x1ffe</load_address>
         <run_address>0x1ffe</run_address>
         <size>0xba</size>
         <input_file_ref idref="fl-28"/>
      </object_component>
      <object_component id="oc-127">
         <name>.debug_frame</name>
         <load_address>0x20b8</load_address>
         <run_address>0x20b8</run_address>
         <size>0xbf</size>
         <input_file_ref idref="fl-2a"/>
      </object_component>
      <object_component id="oc-131">
         <name>.debug_frame</name>
         <load_address>0x2177</load_address>
         <run_address>0x2177</run_address>
         <size>0xa1</size>
         <input_file_ref idref="fl-2c"/>
      </object_component>
      <object_component id="oc-136">
         <name>.debug_frame</name>
         <load_address>0x2218</load_address>
         <run_address>0x2218</run_address>
         <size>0x8c</size>
         <input_file_ref idref="fl-2d"/>
      </object_component>
      <object_component id="oc-13b">
         <name>.debug_frame</name>
         <load_address>0x22a4</load_address>
         <run_address>0x22a4</run_address>
         <size>0x8c</size>
         <input_file_ref idref="fl-2e"/>
      </object_component>
      <object_component id="oc-140">
         <name>.debug_frame</name>
         <load_address>0x2330</load_address>
         <run_address>0x2330</run_address>
         <size>0x8c</size>
         <input_file_ref idref="fl-2f"/>
      </object_component>
      <object_component id="oc-145">
         <name>.debug_frame</name>
         <load_address>0x23bc</load_address>
         <run_address>0x23bc</run_address>
         <size>0xa1</size>
         <input_file_ref idref="fl-30"/>
      </object_component>
      <object_component id="oc-14a">
         <name>.debug_frame</name>
         <load_address>0x245d</load_address>
         <run_address>0x245d</run_address>
         <size>0xcb</size>
         <input_file_ref idref="fl-31"/>
      </object_component>
      <object_component id="oc-14f">
         <name>.debug_frame</name>
         <load_address>0x2528</load_address>
         <run_address>0x2528</run_address>
         <size>0xa1</size>
         <input_file_ref idref="fl-32"/>
      </object_component>
      <object_component id="oc-56">
         <name>.debug_line</name>
         <load_address>0x0</load_address>
         <run_address>0x0</run_address>
         <size>0x299</size>
         <input_file_ref idref="fl-2"/>
      </object_component>
      <object_component id="oc-5b">
         <name>.debug_line</name>
         <load_address>0x299</load_address>
         <run_address>0x299</run_address>
         <size>0x50</size>
         <input_file_ref idref="fl-3"/>
      </object_component>
      <object_component id="oc-61">
         <name>.debug_line</name>
         <load_address>0x2e9</load_address>
         <run_address>0x2e9</run_address>
         <size>0x8c</size>
         <input_file_ref idref="fl-4"/>
      </object_component>
      <object_component id="oc-66">
         <name>.debug_line</name>
         <load_address>0x375</load_address>
         <run_address>0x375</run_address>
         <size>0x50f</size>
         <input_file_ref idref="fl-5"/>
      </object_component>
      <object_component id="oc-6c">
         <name>.debug_line</name>
         <load_address>0x884</load_address>
         <run_address>0x884</run_address>
         <size>0x759</size>
         <input_file_ref idref="fl-6"/>
      </object_component>
      <object_component id="oc-71">
         <name>.debug_line</name>
         <load_address>0xfdd</load_address>
         <run_address>0xfdd</run_address>
         <size>0x39</size>
         <input_file_ref idref="fl-7"/>
      </object_component>
      <object_component id="oc-76">
         <name>.debug_line</name>
         <load_address>0x1016</load_address>
         <run_address>0x1016</run_address>
         <size>0x3b</size>
         <input_file_ref idref="fl-8"/>
      </object_component>
      <object_component id="oc-7b">
         <name>.debug_line</name>
         <load_address>0x1051</load_address>
         <run_address>0x1051</run_address>
         <size>0x3d</size>
         <input_file_ref idref="fl-9"/>
      </object_component>
      <object_component id="oc-80">
         <name>.debug_line</name>
         <load_address>0x108e</load_address>
         <run_address>0x108e</run_address>
         <size>0x3d</size>
         <input_file_ref idref="fl-a"/>
      </object_component>
      <object_component id="oc-85">
         <name>.debug_line</name>
         <load_address>0x10cb</load_address>
         <run_address>0x10cb</run_address>
         <size>0x3d</size>
         <input_file_ref idref="fl-b"/>
      </object_component>
      <object_component id="oc-8a">
         <name>.debug_line</name>
         <load_address>0x1108</load_address>
         <run_address>0x1108</run_address>
         <size>0x39</size>
         <input_file_ref idref="fl-c"/>
      </object_component>
      <object_component id="oc-8f">
         <name>.debug_line</name>
         <load_address>0x1141</load_address>
         <run_address>0x1141</run_address>
         <size>0x39</size>
         <input_file_ref idref="fl-d"/>
      </object_component>
      <object_component id="oc-94">
         <name>.debug_line</name>
         <load_address>0x117a</load_address>
         <run_address>0x117a</run_address>
         <size>0x149</size>
         <input_file_ref idref="fl-e"/>
      </object_component>
      <object_component id="oc-99">
         <name>.debug_line</name>
         <load_address>0x12c3</load_address>
         <run_address>0x12c3</run_address>
         <size>0x3b</size>
         <input_file_ref idref="fl-f"/>
      </object_component>
      <object_component id="oc-9e">
         <name>.debug_line</name>
         <load_address>0x12fe</load_address>
         <run_address>0x12fe</run_address>
         <size>0x52</size>
         <input_file_ref idref="fl-10"/>
      </object_component>
      <object_component id="oc-a3">
         <name>.debug_line</name>
         <load_address>0x1350</load_address>
         <run_address>0x1350</run_address>
         <size>0x37</size>
         <input_file_ref idref="fl-11"/>
      </object_component>
      <object_component id="oc-aa">
         <name>.debug_line</name>
         <load_address>0x1387</load_address>
         <run_address>0x1387</run_address>
         <size>0x34</size>
         <input_file_ref idref="fl-12"/>
      </object_component>
      <object_component id="oc-af">
         <name>.debug_line</name>
         <load_address>0x13bb</load_address>
         <run_address>0x13bb</run_address>
         <size>0x35</size>
         <input_file_ref idref="fl-13"/>
      </object_component>
      <object_component id="oc-b4">
         <name>.debug_line</name>
         <load_address>0x13f0</load_address>
         <run_address>0x13f0</run_address>
         <size>0x35</size>
         <input_file_ref idref="fl-14"/>
      </object_component>
      <object_component id="oc-b9">
         <name>.debug_line</name>
         <load_address>0x1425</load_address>
         <run_address>0x1425</run_address>
         <size>0x35</size>
         <input_file_ref idref="fl-15"/>
      </object_component>
      <object_component id="oc-f2">
         <name>.debug_line</name>
         <load_address>0x145a</load_address>
         <run_address>0x145a</run_address>
         <size>0x59</size>
         <input_file_ref idref="fl-17"/>
      </object_component>
      <object_component id="oc-f8">
         <name>.debug_line</name>
         <load_address>0x14b3</load_address>
         <run_address>0x14b3</run_address>
         <size>0x5b</size>
         <input_file_ref idref="fl-18"/>
      </object_component>
      <object_component id="oc-fd">
         <name>.debug_line</name>
         <load_address>0x150e</load_address>
         <run_address>0x150e</run_address>
         <size>0xa4</size>
         <input_file_ref idref="fl-19"/>
      </object_component>
      <object_component id="oc-104">
         <name>.debug_line</name>
         <load_address>0x15b2</load_address>
         <run_address>0x15b2</run_address>
         <size>0x54</size>
         <input_file_ref idref="fl-1a"/>
      </object_component>
      <object_component id="oc-109">
         <name>.debug_line</name>
         <load_address>0x1606</load_address>
         <run_address>0x1606</run_address>
         <size>0x93</size>
         <input_file_ref idref="fl-1b"/>
      </object_component>
      <object_component id="oc-111">
         <name>.debug_line</name>
         <load_address>0x1699</load_address>
         <run_address>0x1699</run_address>
         <size>0x50</size>
         <input_file_ref idref="fl-1c"/>
      </object_component>
      <object_component id="oc-117">
         <name>.debug_line</name>
         <load_address>0x16e9</load_address>
         <run_address>0x16e9</run_address>
         <size>0x7e</size>
         <input_file_ref idref="fl-27"/>
      </object_component>
      <object_component id="oc-11c">
         <name>.debug_line</name>
         <load_address>0x1767</load_address>
         <run_address>0x1767</run_address>
         <size>0x6a</size>
         <input_file_ref idref="fl-28"/>
      </object_component>
      <object_component id="oc-121">
         <name>.debug_line</name>
         <load_address>0x17d1</load_address>
         <run_address>0x17d1</run_address>
         <size>0x50</size>
         <input_file_ref idref="fl-29"/>
      </object_component>
      <object_component id="oc-128">
         <name>.debug_line</name>
         <load_address>0x1821</load_address>
         <run_address>0x1821</run_address>
         <size>0x65</size>
         <input_file_ref idref="fl-2a"/>
      </object_component>
      <object_component id="oc-12d">
         <name>.debug_line</name>
         <load_address>0x1886</load_address>
         <run_address>0x1886</run_address>
         <size>0xad</size>
         <input_file_ref idref="fl-2b"/>
      </object_component>
      <object_component id="oc-132">
         <name>.debug_line</name>
         <load_address>0x1933</load_address>
         <run_address>0x1933</run_address>
         <size>0x3e</size>
         <input_file_ref idref="fl-2c"/>
      </object_component>
      <object_component id="oc-137">
         <name>.debug_line</name>
         <load_address>0x1971</load_address>
         <run_address>0x1971</run_address>
         <size>0x29</size>
         <input_file_ref idref="fl-2d"/>
      </object_component>
      <object_component id="oc-13c">
         <name>.debug_line</name>
         <load_address>0x199a</load_address>
         <run_address>0x199a</run_address>
         <size>0x29</size>
         <input_file_ref idref="fl-2e"/>
      </object_component>
      <object_component id="oc-141">
         <name>.debug_line</name>
         <load_address>0x19c3</load_address>
         <run_address>0x19c3</run_address>
         <size>0x29</size>
         <input_file_ref idref="fl-2f"/>
      </object_component>
      <object_component id="oc-146">
         <name>.debug_line</name>
         <load_address>0x19ec</load_address>
         <run_address>0x19ec</run_address>
         <size>0x3a</size>
         <input_file_ref idref="fl-30"/>
      </object_component>
      <object_component id="oc-14b">
         <name>.debug_line</name>
         <load_address>0x1a26</load_address>
         <run_address>0x1a26</run_address>
         <size>0x5e</size>
         <input_file_ref idref="fl-31"/>
      </object_component>
      <object_component id="oc-150">
         <name>.debug_line</name>
         <load_address>0x1a84</load_address>
         <run_address>0x1a84</run_address>
         <size>0x55</size>
         <input_file_ref idref="fl-32"/>
      </object_component>
      <object_component id="oc-57">
         <name>.debug_abbrev</name>
         <load_address>0x0</load_address>
         <run_address>0x0</run_address>
         <size>0x1dc</size>
         <input_file_ref idref="fl-2"/>
      </object_component>
      <object_component id="oc-5c">
         <name>.debug_abbrev</name>
         <load_address>0x1dc</load_address>
         <run_address>0x1dc</run_address>
         <size>0x2f</size>
         <input_file_ref idref="fl-3"/>
      </object_component>
      <object_component id="oc-62">
         <name>.debug_abbrev</name>
         <load_address>0x20b</load_address>
         <run_address>0x20b</run_address>
         <size>0xfd</size>
         <input_file_ref idref="fl-4"/>
      </object_component>
      <object_component id="oc-67">
         <name>.debug_abbrev</name>
         <load_address>0x308</load_address>
         <run_address>0x308</run_address>
         <size>0x128</size>
         <input_file_ref idref="fl-5"/>
      </object_component>
      <object_component id="oc-6d">
         <name>.debug_abbrev</name>
         <load_address>0x430</load_address>
         <run_address>0x430</run_address>
         <size>0xa8</size>
         <input_file_ref idref="fl-6"/>
      </object_component>
      <object_component id="oc-72">
         <name>.debug_abbrev</name>
         <load_address>0x4d8</load_address>
         <run_address>0x4d8</run_address>
         <size>0xdc</size>
         <input_file_ref idref="fl-7"/>
      </object_component>
      <object_component id="oc-77">
         <name>.debug_abbrev</name>
         <load_address>0x5b4</load_address>
         <run_address>0x5b4</run_address>
         <size>0x11f</size>
         <input_file_ref idref="fl-8"/>
      </object_component>
      <object_component id="oc-7c">
         <name>.debug_abbrev</name>
         <load_address>0x6d3</load_address>
         <run_address>0x6d3</run_address>
         <size>0x93</size>
         <input_file_ref idref="fl-9"/>
      </object_component>
      <object_component id="oc-81">
         <name>.debug_abbrev</name>
         <load_address>0x766</load_address>
         <run_address>0x766</run_address>
         <size>0xc8</size>
         <input_file_ref idref="fl-a"/>
      </object_component>
      <object_component id="oc-86">
         <name>.debug_abbrev</name>
         <load_address>0x82e</load_address>
         <run_address>0x82e</run_address>
         <size>0x116</size>
         <input_file_ref idref="fl-b"/>
      </object_component>
      <object_component id="oc-8b">
         <name>.debug_abbrev</name>
         <load_address>0x944</load_address>
         <run_address>0x944</run_address>
         <size>0xea</size>
         <input_file_ref idref="fl-c"/>
      </object_component>
      <object_component id="oc-90">
         <name>.debug_abbrev</name>
         <load_address>0xa2e</load_address>
         <run_address>0xa2e</run_address>
         <size>0xea</size>
         <input_file_ref idref="fl-d"/>
      </object_component>
      <object_component id="oc-95">
         <name>.debug_abbrev</name>
         <load_address>0xb18</load_address>
         <run_address>0xb18</run_address>
         <size>0x1a2</size>
         <input_file_ref idref="fl-e"/>
      </object_component>
      <object_component id="oc-9a">
         <name>.debug_abbrev</name>
         <load_address>0xcba</load_address>
         <run_address>0xcba</run_address>
         <size>0x138</size>
         <input_file_ref idref="fl-f"/>
      </object_component>
      <object_component id="oc-9f">
         <name>.debug_abbrev</name>
         <load_address>0xdf2</load_address>
         <run_address>0xdf2</run_address>
         <size>0x2f</size>
         <input_file_ref idref="fl-10"/>
      </object_component>
      <object_component id="oc-a4">
         <name>.debug_abbrev</name>
         <load_address>0xe21</load_address>
         <run_address>0xe21</run_address>
         <size>0xc3</size>
         <input_file_ref idref="fl-11"/>
      </object_component>
      <object_component id="oc-ab">
         <name>.debug_abbrev</name>
         <load_address>0xee4</load_address>
         <run_address>0xee4</run_address>
         <size>0xd3</size>
         <input_file_ref idref="fl-12"/>
      </object_component>
      <object_component id="oc-b0">
         <name>.debug_abbrev</name>
         <load_address>0xfb7</load_address>
         <run_address>0xfb7</run_address>
         <size>0xc3</size>
         <input_file_ref idref="fl-13"/>
      </object_component>
      <object_component id="oc-b5">
         <name>.debug_abbrev</name>
         <load_address>0x107a</load_address>
         <run_address>0x107a</run_address>
         <size>0xb3</size>
         <input_file_ref idref="fl-14"/>
      </object_component>
      <object_component id="oc-ba">
         <name>.debug_abbrev</name>
         <load_address>0x112d</load_address>
         <run_address>0x112d</run_address>
         <size>0xc3</size>
         <input_file_ref idref="fl-15"/>
      </object_component>
      <object_component id="oc-ef">
         <name>.debug_abbrev</name>
         <load_address>0x11f0</load_address>
         <run_address>0x11f0</run_address>
         <size>0xb7</size>
         <input_file_ref idref="fl-16"/>
      </object_component>
      <object_component id="oc-f3">
         <name>.debug_abbrev</name>
         <load_address>0x12a7</load_address>
         <run_address>0x12a7</run_address>
         <size>0xdc</size>
         <input_file_ref idref="fl-17"/>
      </object_component>
      <object_component id="oc-f9">
         <name>.debug_abbrev</name>
         <load_address>0x1383</load_address>
         <run_address>0x1383</run_address>
         <size>0x17b</size>
         <input_file_ref idref="fl-18"/>
      </object_component>
      <object_component id="oc-fe">
         <name>.debug_abbrev</name>
         <load_address>0x14fe</load_address>
         <run_address>0x14fe</run_address>
         <size>0x138</size>
         <input_file_ref idref="fl-19"/>
      </object_component>
      <object_component id="oc-105">
         <name>.debug_abbrev</name>
         <load_address>0x1636</load_address>
         <run_address>0x1636</run_address>
         <size>0xec</size>
         <input_file_ref idref="fl-1a"/>
      </object_component>
      <object_component id="oc-10a">
         <name>.debug_abbrev</name>
         <load_address>0x1722</load_address>
         <run_address>0x1722</run_address>
         <size>0x11d</size>
         <input_file_ref idref="fl-1b"/>
      </object_component>
      <object_component id="oc-112">
         <name>.debug_abbrev</name>
         <load_address>0x183f</load_address>
         <run_address>0x183f</run_address>
         <size>0x180</size>
         <input_file_ref idref="fl-1c"/>
      </object_component>
      <object_component id="oc-118">
         <name>.debug_abbrev</name>
         <load_address>0x19bf</load_address>
         <run_address>0x19bf</run_address>
         <size>0x46</size>
         <input_file_ref idref="fl-27"/>
      </object_component>
      <object_component id="oc-11d">
         <name>.debug_abbrev</name>
         <load_address>0x1a05</load_address>
         <run_address>0x1a05</run_address>
         <size>0xfa</size>
         <input_file_ref idref="fl-28"/>
      </object_component>
      <object_component id="oc-122">
         <name>.debug_abbrev</name>
         <load_address>0x1aff</load_address>
         <run_address>0x1aff</run_address>
         <size>0x32</size>
         <input_file_ref idref="fl-29"/>
      </object_component>
      <object_component id="oc-129">
         <name>.debug_abbrev</name>
         <load_address>0x1b31</load_address>
         <run_address>0x1b31</run_address>
         <size>0x142</size>
         <input_file_ref idref="fl-2a"/>
      </object_component>
      <object_component id="oc-12e">
         <name>.debug_abbrev</name>
         <load_address>0x1c73</load_address>
         <run_address>0x1c73</run_address>
         <size>0x38</size>
         <input_file_ref idref="fl-2b"/>
      </object_component>
      <object_component id="oc-133">
         <name>.debug_abbrev</name>
         <load_address>0x1cab</load_address>
         <run_address>0x1cab</run_address>
         <size>0x68</size>
         <input_file_ref idref="fl-2c"/>
      </object_component>
      <object_component id="oc-138">
         <name>.debug_abbrev</name>
         <load_address>0x1d13</load_address>
         <run_address>0x1d13</run_address>
         <size>0x9d</size>
         <input_file_ref idref="fl-2d"/>
      </object_component>
      <object_component id="oc-13d">
         <name>.debug_abbrev</name>
         <load_address>0x1db0</load_address>
         <run_address>0x1db0</run_address>
         <size>0x9d</size>
         <input_file_ref idref="fl-2e"/>
      </object_component>
      <object_component id="oc-142">
         <name>.debug_abbrev</name>
         <load_address>0x1e4d</load_address>
         <run_address>0x1e4d</run_address>
         <size>0xa2</size>
         <input_file_ref idref="fl-2f"/>
      </object_component>
      <object_component id="oc-147">
         <name>.debug_abbrev</name>
         <load_address>0x1eef</load_address>
         <run_address>0x1eef</run_address>
         <size>0x66</size>
         <input_file_ref idref="fl-30"/>
      </object_component>
      <object_component id="oc-14c">
         <name>.debug_abbrev</name>
         <load_address>0x1f55</load_address>
         <run_address>0x1f55</run_address>
         <size>0xb2</size>
         <input_file_ref idref="fl-31"/>
      </object_component>
      <object_component id="oc-151">
         <name>.debug_abbrev</name>
         <load_address>0x2007</load_address>
         <run_address>0x2007</run_address>
         <size>0xfe</size>
         <input_file_ref idref="fl-32"/>
      </object_component>
      <object_component id="oc-1be">
         <name>.debug_abbrev</name>
         <load_address>0x2105</load_address>
         <run_address>0x2105</run_address>
         <size>0xf</size>
      </object_component>
      <object_component id="oc-58">
         <name>.debug_aranges</name>
         <load_address>0x0</load_address>
         <run_address>0x0</run_address>
         <size>0x70</size>
         <input_file_ref idref="fl-2"/>
      </object_component>
      <object_component id="oc-5d">
         <name>.debug_aranges</name>
         <load_address>0x70</load_address>
         <run_address>0x70</run_address>
         <size>0x20</size>
         <input_file_ref idref="fl-3"/>
      </object_component>
      <object_component id="oc-63">
         <name>.debug_aranges</name>
         <load_address>0x90</load_address>
         <run_address>0x90</run_address>
         <size>0x28</size>
         <input_file_ref idref="fl-4"/>
      </object_component>
      <object_component id="oc-68">
         <name>.debug_aranges</name>
         <load_address>0xb8</load_address>
         <run_address>0xb8</run_address>
         <size>0x140</size>
         <input_file_ref idref="fl-5"/>
      </object_component>
      <object_component id="oc-6e">
         <name>.debug_aranges</name>
         <load_address>0x1f8</load_address>
         <run_address>0x1f8</run_address>
         <size>0x290</size>
         <input_file_ref idref="fl-6"/>
      </object_component>
      <object_component id="oc-73">
         <name>.debug_aranges</name>
         <load_address>0x488</load_address>
         <run_address>0x488</run_address>
         <size>0x18</size>
         <input_file_ref idref="fl-7"/>
      </object_component>
      <object_component id="oc-78">
         <name>.debug_aranges</name>
         <load_address>0x4a0</load_address>
         <run_address>0x4a0</run_address>
         <size>0x18</size>
         <input_file_ref idref="fl-8"/>
      </object_component>
      <object_component id="oc-7d">
         <name>.debug_aranges</name>
         <load_address>0x4b8</load_address>
         <run_address>0x4b8</run_address>
         <size>0x18</size>
         <input_file_ref idref="fl-9"/>
      </object_component>
      <object_component id="oc-82">
         <name>.debug_aranges</name>
         <load_address>0x4d0</load_address>
         <run_address>0x4d0</run_address>
         <size>0x18</size>
         <input_file_ref idref="fl-a"/>
      </object_component>
      <object_component id="oc-87">
         <name>.debug_aranges</name>
         <load_address>0x4e8</load_address>
         <run_address>0x4e8</run_address>
         <size>0x18</size>
         <input_file_ref idref="fl-b"/>
      </object_component>
      <object_component id="oc-8c">
         <name>.debug_aranges</name>
         <load_address>0x500</load_address>
         <run_address>0x500</run_address>
         <size>0x18</size>
         <input_file_ref idref="fl-c"/>
      </object_component>
      <object_component id="oc-91">
         <name>.debug_aranges</name>
         <load_address>0x518</load_address>
         <run_address>0x518</run_address>
         <size>0x18</size>
         <input_file_ref idref="fl-d"/>
      </object_component>
      <object_component id="oc-96">
         <name>.debug_aranges</name>
         <load_address>0x530</load_address>
         <run_address>0x530</run_address>
         <size>0x48</size>
         <input_file_ref idref="fl-e"/>
      </object_component>
      <object_component id="oc-9b">
         <name>.debug_aranges</name>
         <load_address>0x578</load_address>
         <run_address>0x578</run_address>
         <size>0x18</size>
         <input_file_ref idref="fl-f"/>
      </object_component>
      <object_component id="oc-a0">
         <name>.debug_aranges</name>
         <load_address>0x590</load_address>
         <run_address>0x590</run_address>
         <size>0x20</size>
         <input_file_ref idref="fl-10"/>
      </object_component>
      <object_component id="oc-a5">
         <name>.debug_aranges</name>
         <load_address>0x5b0</load_address>
         <run_address>0x5b0</run_address>
         <size>0x18</size>
         <input_file_ref idref="fl-11"/>
      </object_component>
      <object_component id="oc-ac">
         <name>.debug_aranges</name>
         <load_address>0x5c8</load_address>
         <run_address>0x5c8</run_address>
         <size>0x18</size>
         <input_file_ref idref="fl-12"/>
      </object_component>
      <object_component id="oc-b1">
         <name>.debug_aranges</name>
         <load_address>0x5e0</load_address>
         <run_address>0x5e0</run_address>
         <size>0x18</size>
         <input_file_ref idref="fl-13"/>
      </object_component>
      <object_component id="oc-b6">
         <name>.debug_aranges</name>
         <load_address>0x5f8</load_address>
         <run_address>0x5f8</run_address>
         <size>0x18</size>
         <input_file_ref idref="fl-14"/>
      </object_component>
      <object_component id="oc-bb">
         <name>.debug_aranges</name>
         <load_address>0x610</load_address>
         <run_address>0x610</run_address>
         <size>0x18</size>
         <input_file_ref idref="fl-15"/>
      </object_component>
      <object_component id="oc-f4">
         <name>.debug_aranges</name>
         <load_address>0x628</load_address>
         <run_address>0x628</run_address>
         <size>0x20</size>
         <input_file_ref idref="fl-17"/>
      </object_component>
      <object_component id="oc-fa">
         <name>.debug_aranges</name>
         <load_address>0x648</load_address>
         <run_address>0x648</run_address>
         <size>0x20</size>
         <input_file_ref idref="fl-18"/>
      </object_component>
      <object_component id="oc-ff">
         <name>.debug_aranges</name>
         <load_address>0x668</load_address>
         <run_address>0x668</run_address>
         <size>0x28</size>
         <input_file_ref idref="fl-19"/>
      </object_component>
      <object_component id="oc-106">
         <name>.debug_aranges</name>
         <load_address>0x690</load_address>
         <run_address>0x690</run_address>
         <size>0x20</size>
         <input_file_ref idref="fl-1a"/>
      </object_component>
      <object_component id="oc-10b">
         <name>.debug_aranges</name>
         <load_address>0x6b0</load_address>
         <run_address>0x6b0</run_address>
         <size>0x28</size>
         <input_file_ref idref="fl-1b"/>
      </object_component>
      <object_component id="oc-113">
         <name>.debug_aranges</name>
         <load_address>0x6d8</load_address>
         <run_address>0x6d8</run_address>
         <size>0x20</size>
         <input_file_ref idref="fl-1c"/>
      </object_component>
      <object_component id="oc-119">
         <name>.debug_aranges</name>
         <load_address>0x6f8</load_address>
         <run_address>0x6f8</run_address>
         <size>0x20</size>
         <input_file_ref idref="fl-27"/>
      </object_component>
      <object_component id="oc-11e">
         <name>.debug_aranges</name>
         <load_address>0x718</load_address>
         <run_address>0x718</run_address>
         <size>0x20</size>
         <input_file_ref idref="fl-28"/>
      </object_component>
      <object_component id="oc-123">
         <name>.debug_aranges</name>
         <load_address>0x738</load_address>
         <run_address>0x738</run_address>
         <size>0x20</size>
         <input_file_ref idref="fl-29"/>
      </object_component>
      <object_component id="oc-12a">
         <name>.debug_aranges</name>
         <load_address>0x758</load_address>
         <run_address>0x758</run_address>
         <size>0x28</size>
         <input_file_ref idref="fl-2a"/>
      </object_component>
      <object_component id="oc-12f">
         <name>.debug_aranges</name>
         <load_address>0x780</load_address>
         <run_address>0x780</run_address>
         <size>0x20</size>
         <input_file_ref idref="fl-2b"/>
      </object_component>
      <object_component id="oc-134">
         <name>.debug_aranges</name>
         <load_address>0x7a0</load_address>
         <run_address>0x7a0</run_address>
         <size>0x20</size>
         <input_file_ref idref="fl-2c"/>
      </object_component>
      <object_component id="oc-139">
         <name>.debug_aranges</name>
         <load_address>0x7c0</load_address>
         <run_address>0x7c0</run_address>
         <size>0x18</size>
         <input_file_ref idref="fl-2d"/>
      </object_component>
      <object_component id="oc-13e">
         <name>.debug_aranges</name>
         <load_address>0x7d8</load_address>
         <run_address>0x7d8</run_address>
         <size>0x18</size>
         <input_file_ref idref="fl-2e"/>
      </object_component>
      <object_component id="oc-143">
         <name>.debug_aranges</name>
         <load_address>0x7f0</load_address>
         <run_address>0x7f0</run_address>
         <size>0x18</size>
         <input_file_ref idref="fl-2f"/>
      </object_component>
      <object_component id="oc-148">
         <name>.debug_aranges</name>
         <load_address>0x808</load_address>
         <run_address>0x808</run_address>
         <size>0x20</size>
         <input_file_ref idref="fl-30"/>
      </object_component>
      <object_component id="oc-14d">
         <name>.debug_aranges</name>
         <load_address>0x828</load_address>
         <run_address>0x828</run_address>
         <size>0x30</size>
         <input_file_ref idref="fl-31"/>
      </object_component>
      <object_component id="oc-152">
         <name>.debug_aranges</name>
         <load_address>0x858</load_address>
         <run_address>0x858</run_address>
         <size>0x20</size>
         <input_file_ref idref="fl-32"/>
      </object_component>
   </object_component_list>
   <logical_group_list>
      <logical_group id="lg-2" display="no" color="cyan">
         <name>codestart</name>
[...]
      <symbol id="sm-205">
         <name>_SCITXINTA_ISR</name>
         <value>0x965f</value>
         <object_component_ref idref="oc-6a"/>
      </symbol>
      <symbol id="sm-206">
         <name>_SCIRXINTA_ISR</name>
         <value>0x9655</value>
         <object_component_ref idref="oc-6a"/>
      </symbol>
      <symbol id="sm-207">
         <name>_rsvd_ISR</name>
         <value>0x96f5</value>
         <object_component_ref idref="oc-6a"/>
      </symbol>
      <symbol id="sm-208">
         <name>_ECAP5_INT_ISR</name>
         <value>0x958d</value>
         <object_component_ref idref="oc-6a"/>
      </symbol>
      <symbol id="sm-209">
         <name>_DINTCH2_ISR</name>
         <value>0x95fb</value>
         <object_component_ref idref="oc-6a"/>
      </symbol>
      <symbol id="sm-20a">
         <name>_XINT5_ISR</name>
         <value>0x96b9</value>
         <object_component_ref idref="oc-6a"/>
      </symbol>
      <symbol id="sm-266">
         <name>_InitPll</name>
         <value>0x9a50</value>
         <object_component_ref idref="oc-15c"/>
      </symbol>
      <symbol id="sm-267">
         <name>_DisableDog</name>
         <value>0x9a48</value>
         <object_component_ref idref="oc-15c"/>
      </symbol>
      <symbol id="sm-268">
         <name>_InitPeripheralClocks</name>
         <value>0x9aa1</value>
         <object_component_ref idref="oc-15c"/>
      </symbol>
      <symbol id="sm-269">
         <name>_CsmUnlock</name>
         <value>0x9afc</value>
         <object_component_ref idref="oc-15c"/>
      </symbol>
      <symbol id="sm-26a">
         <name>_ServiceDog</name>
         <value>0x9a3e</value>
         <object_component_ref idref="oc-15c"/>
      </symbol>
      <symbol id="sm-26b">
         <name>_InitSysCtrl</name>
         <value>0x9a35</value>
         <object_component_ref idref="oc-15c"/>
      </symbol>
      <symbol id="sm-281">
         <name>_DSP28x_usDelay</name>
         <value>0x8134</value>
         <object_component_ref idref="oc-9c"/>
      </symbol>
      <symbol id="sm-29a">
         <name>_Vo</name>
         <value>0xc4c8</value>
         <object_component_ref idref="oc-a8"/>
      </symbol>
      <symbol id="sm-29b">
         <name>_y1bdelay2</name>
         <value>0xc4e6</value>
         <object_component_ref idref="oc-a8"/>
      </symbol>
      <symbol id="sm-29c">
         <name>_y1bdelay</name>
         <value>0xc4e8</value>
         <object_component_ref idref="oc-a8"/>
      </symbol>
      <symbol id="sm-29d">
         <name>_y1ldelay</name>
         <value>0xc4cc</value>
         <object_component_ref idref="oc-a8"/>
      </symbol>
      <symbol id="sm-29e">
         <name>_inputdelay</name>
         <value>0xc4e4</value>
         <object_component_ref idref="oc-a8"/>
      </symbol>
      <symbol id="sm-29f">
         <name>_Y_Bdelay</name>
         <value>0xc4ee</value>
         <object_component_ref idref="oc-a8"/>
      </symbol>
      <symbol id="sm-2a0">
         <name>_Y_Ldelay</name>
         <value>0xc4f0</value>
         <object_component_ref idref="oc-a8"/>
      </symbol>
      <symbol id="sm-2a1">
         <name>_Ho</name>
         <value>0xc4c6</value>
         <object_component_ref idref="oc-a8"/>
      </symbol>
      <symbol id="sm-2a2">
         <name>_notch</name>
         <value>0xc4d8</value>
         <object_component_ref idref="oc-a8"/>
      </symbol>
      <symbol id="sm-2a3">
         <name>_F1</name>
         <value>0xc4ea</value>
         <object_component_ref idref="oc-a8"/>
      </symbol>
      <symbol id="sm-2a4">
         <name>_Y_l</name>
         <value>0xc4d4</value>
         <object_component_ref idref="oc-a8"/>
      </symbol>
      <symbol id="sm-2a5">
         <name>_Y_h</name>
         <value>0xc4d2</value>
         <object_component_ref idref="oc-a8"/>
      </symbol>
      <symbol id="sm-2a6">
         <name>_Y_N</name>
         <value>0xc4de</value>
         <object_component_ref idref="oc-a8"/>
      </symbol>
      <symbol id="sm-2a7">
         <name>_Y_L</name>
         <value>0xc4da</value>
         <object_component_ref idref="oc-a8"/>
      </symbol>
      <symbol id="sm-2a8">
         <name>_Y_H</name>
         <value>0xc4dc</value>
         <object_component_ref idref="oc-a8"/>
      </symbol>
      <symbol id="sm-2a9">
         <name>_Y_B</name>
         <value>0xc4f2</value>
         <object_component_ref idref="oc-a8"/>
      </symbol>
      <symbol id="sm-2aa">
         <name>_phaserCounter</name>
         <value>0xc4c0</value>
         <object_component_ref idref="oc-a8"/>
      </symbol>
      <symbol id="sm-2ab">
         <name>_fs</name>
         <value>0xc4ec</value>
         <object_component_ref idref="oc-a8"/>
      </symbol>
      <symbol id="sm-2ac">
         <name>_fc</name>
         <value>0xc4e0</value>
         <object_component_ref idref="oc-a8"/>
      </symbol>
      <symbol id="sm-2ad">
         <name>_inputdelay2</name>
         <value>0xc4e2</value>
         <object_component_ref idref="oc-a8"/>
      </symbol>
      <symbol id="sm-2ae">
         <name>_ac</name>
         <value>0xc4ca</value>
         <object_component_ref idref="oc-a8"/>
      </symbol>
      <symbol id="sm-2af">
         <name>_y1l</name>
         <value>0xc4c4</value>
         <object_component_ref idref="oc-a8"/>
      </symbol>
      <symbol id="sm-2b0">
         <name>_y1b</name>
         <value>0xc4c2</value>
         <object_component_ref idref="oc-a8"/>
      </symbol>
      <symbol id="sm-2b1">
         <name>_d</name>
         <value>0xc4ce</value>
         <object_component_ref idref="oc-a8"/>
      </symbol>
      <symbol id="sm-2b2">
         <name>_c</name>
         <value>0xc4d0</value>
         <object_component_ref idref="oc-a8"/>
      </symbol>
      <symbol id="sm-2b3">
         <name>_M_PI</name>
         <value>0xc4d6</value>
         <object_component_ref idref="oc-a8"/>
      </symbol>
      <symbol id="sm-33c">
         <name>_GpioCtrlRegs</name>
         <value>0x6f80</value>
         <object_component_ref idref="oc-df"/>
      </symbol>
      <symbol id="sm-33d">
         <name>_PieVectTable</name>
         <value>0xd00</value>
         <object_component_ref idref="oc-ee"/>
      </symbol>
      <symbol id="sm-33e">
         <name>_ECap4Regs</name>
         <value>0x6a60</value>
         <object_component_ref idref="oc-cf"/>
      </symbol>
      <symbol id="sm-33f">
         <name>_CsmRegs</name>
         <value>0xae0</value>
         <object_component_ref idref="oc-c8"/>
      </symbol>
      <symbol id="sm-340">
         <name>_ECanaLAMRegs</name>
         <value>0x6040</value>
         <object_component_ref idref="oc-e4"/>
      </symbol>
      <symbol id="sm-341">
         <name>_ECanbMOTORegs</name>
         <value>0x62c0</value>
         <object_component_ref idref="oc-e6"/>
      </symbol>
      <symbol id="sm-342">
         <name>_EPwm4Regs</name>
         <value>0x68c0</value>
         <object_component_ref idref="oc-dc"/>
      </symbol>
      <symbol id="sm-343">
         <name>_ECap5Regs</name>
         <value>0x6a80</value>
         <object_component_ref idref="oc-d4"/>
      </symbol>
      <symbol id="sm-344">
         <name>_CpuTimer1Regs</name>
         <value>0xc08</value>
         <object_component_ref idref="oc-c2"/>
      </symbol>
      <symbol id="sm-345">
         <name>_SysCtrlRegs</name>
         <value>0x7010</value>
         <object_component_ref idref="oc-d3"/>
      </symbol>
      <symbol id="sm-346">
         <name>_EPwm5Regs</name>
         <value>0x6900</value>
         <object_component_ref idref="oc-d9"/>
      </symbol>
      <symbol id="sm-347">
         <name>_SpiaRegs</name>
         <value>0x7040</value>
         <object_component_ref idref="oc-c4"/>
      </symbol>
      <symbol id="sm-348">
         <name>_ECanaMOTSRegs</name>
         <value>0x6080</value>
         <object_component_ref idref="oc-e5"/>
      </symbol>
      <symbol id="sm-349">
         <name>_ECap6Regs</name>
         <value>0x6aa0</value>
         <object_component_ref idref="oc-d5"/>
      </symbol>
      <symbol id="sm-34a">
         <name>_DmaRegs</name>
         <value>0x1000</value>
         <object_component_ref idref="oc-eb"/>
      </symbol>
      <symbol id="sm-34b">
         <name>_FlashRegs</name>
         <value>0xa80</value>
         <object_component_ref idref="oc-c0"/>
      </symbol>
      <symbol id="sm-34c">
         <name>_CpuTimer0Regs</name>
         <value>0xc00</value>
         <object_component_ref idref="oc-c1"/>
      </symbol>
      <symbol id="sm-34d">
         <name>_DevEmuRegs</name>
         <value>0x880</value>
         <object_component_ref idref="oc-ea"/>
      </symbol>
      <symbol id="sm-34e">
         <name>_McbspbRegs</name>
         <value>0x5040</value>
         <object_component_ref idref="oc-dd"/>
      </symbol>
      <symbol id="sm-34f">
         <name>_EPwm6Regs</name>
         <value>0x6940</value>
         <object_component_ref idref="oc-da"/>
      </symbol>
      <symbol id="sm-350">
         <name>_SciaRegs</name>
         <value>0x7050</value>
         <object_component_ref idref="oc-c7"/>
      </symbol>
      <symbol id="sm-351">
         <name>_GpioDataRegs</name>
         <value>0x6fc0</value>
         <object_component_ref idref="oc-d2"/>
      </symbol>
      <symbol id="sm-352">
         <name>_CsmPwl</name>
         <value>0x33fff8</value>
         <object_component_ref idref="oc-bf"/>
      </symbol>
      <symbol id="sm-353">
         <name>_AdcRegs</name>
         <value>0x7100</value>
         <object_component_ref idref="oc-cc"/>
      </symbol>
      <symbol id="sm-354">
         <name>_XIntruptRegs</name>
         <value>0x7070</value>
         <object_component_ref idref="oc-ca"/>
      </symbol>
      <symbol id="sm-355">
         <name>_CpuTimer2Regs</name>
         <value>0xc10</value>
         <object_component_ref idref="oc-be"/>
      </symbol>
      <symbol id="sm-356">
         <name>_PieCtrlRegs</name>
         <value>0xce0</value>
         <object_component_ref idref="oc-cb"/>
      </symbol>
      <symbol id="sm-357">
         <name>_ECanbMOTSRegs</name>
         <value>0x6280</value>
         <object_component_ref idref="oc-e3"/>
      </symbol>
      <symbol id="sm-358">
         <name>_ECanaRegs</name>
         <value>0x6000</value>
         <object_component_ref idref="oc-e0"/>
      </symbol>
      <symbol id="sm-359">
         <name>_AdcMirror</name>
         <value>0xb00</value>
         <object_component_ref idref="oc-c9"/>
      </symbol>
      <symbol id="sm-35a">
         <name>_ECanbMboxes</name>
         <value>0x6300</value>
         <object_component_ref idref="oc-ec"/>
      </symbol>
      <symbol id="sm-35b">
         <name>_XintfRegs</name>
         <value>0xb20</value>
         <object_component_ref idref="oc-cd"/>
      </symbol>
      <symbol id="sm-35c">
         <name>_ScicRegs</name>
         <value>0x7770</value>
         <object_component_ref idref="oc-c6"/>
      </symbol>
      <symbol id="sm-35d">
         <name>_ECap1Regs</name>
         <value>0x6a00</value>
         <object_component_ref idref="oc-d0"/>
      </symbol>
      <symbol id="sm-35e">
         <name>_EQep1Regs</name>
         <value>0x6b00</value>
         <object_component_ref idref="oc-e7"/>
      </symbol>
      <symbol id="sm-35f">
         <name>_McbspaRegs</name>
         <value>0x5000</value>
         <object_component_ref idref="oc-de"/>
      </symbol>
      <symbol id="sm-360">
         <name>_EPwm1Regs</name>
         <value>0x6800</value>
         <object_component_ref idref="oc-db"/>
      </symbol>
      <symbol id="sm-361">
         <name>_ECanbRegs</name>
         <value>0x6200</value>
         <object_component_ref idref="oc-e1"/>
      </symbol>
      <symbol id="sm-362">
         <name>_ScibRegs</name>
         <value>0x7750</value>
         <object_component_ref idref="oc-c5"/>
      </symbol>
      <symbol id="sm-363">
         <name>_ECap2Regs</name>
         <value>0x6a20</value>
         <object_component_ref idref="oc-d1"/>
      </symbol>
      <symbol id="sm-364">
         <name>_GpioIntRegs</name>
         <value>0x6fe0</value>
         <object_component_ref idref="oc-c3"/>
      </symbol>
      <symbol id="sm-365">
         <name>_EQep2Regs</name>
         <value>0x6b40</value>
         <object_component_ref idref="oc-e8"/>
      </symbol>
      <symbol id="sm-366">
         <name>_PartIdRegs</name>
         <value>0x380090</value>
         <object_component_ref idref="oc-bd"/>
      </symbol>
      <symbol id="sm-367">
         <name>_EPwm2Regs</name>
         <value>0x6840</value>
         <object_component_ref idref="oc-d6"/>
      </symbol>
      <symbol id="sm-368">
         <name>_ECanaMboxes</name>
         <value>0x6100</value>
         <object_component_ref idref="oc-ed"/>
      </symbol>
      <symbol id="sm-369">
         <name>_ECap3Regs</name>
         <value>0x6a40</value>
         <object_component_ref idref="oc-ce"/>
      </symbol>
      <symbol id="sm-36a">
         <name>_ECanaMOTORegs</name>
         <value>0x60c0</value>
         <object_component_ref idref="oc-e2"/>
      </symbol>
      <symbol id="sm-36b">
         <name>_EPwm3Regs</name>
         <value>0x6880</value>
         <object_component_ref idref="oc-d7"/>
      </symbol>
      <symbol id="sm-36c">
         <name>_ECanbLAMRegs</name>
         <value>0x6240</value>
         <object_component_ref idref="oc-e9"/>
      </symbol>
      <symbol id="sm-36d">
         <name>_I2caRegs</name>
         <value>0x7900</value>
         <object_component_ref idref="oc-d8"/>
      </symbol>
      <symbol id="sm-37a">
         <name>_Sram_init</name>
         <value>0x9d9a</value>
         <object_component_ref idref="oc-15d"/>
      </symbol>
      <symbol id="sm-388">
         <name>_inCharISR</name>
         <value>0x9dcf</value>
         <object_component_ref idref="oc-f6"/>
      </symbol>
      <symbol id="sm-396">
         <name>_analogToDigitalConverter_send</name>
         <value>0x9c0e</value>
         <object_component_ref idref="oc-15e"/>
      </symbol>
      <symbol id="sm-397">
         <name>_analogToDigitalConverter_init</name>
         <value>0x9bb5</value>
         <object_component_ref idref="oc-15e"/>
      </symbol>
      <symbol id="sm-3a8">
         <name>_useGpio</name>
         <value>0x9e81</value>
         <object_component_ref idref="oc-160"/>
      </symbol>
      <symbol id="sm-3a9">
         <name>_stateFlag</name>
         <value>0xc4fa</value>
         <object_component_ref idref="oc-102"/>
      </symbol>
      <symbol id="sm-3aa">
         <name>_reset</name>
         <value>0xc4fb</value>
         <object_component_ref idref="oc-102"/>
      </symbol>
      <symbol id="sm-3b7">
         <name>_digitalToAnalogConverter_send</name>
         <value>0x9cf4</value>
         <object_component_ref idref="oc-15f"/>
      </symbol>
      <symbol id="sm-3b8">
         <name>_digitalToAnalogConverter_init</name>
         <value>0x9ca1</value>
         <object_component_ref idref="oc-15f"/>
      </symbol>
      <symbol id="sm-3c9">
         <name>_setFlag</name>
         <value>0x9e29</value>
         <object_component_ref idref="oc-10f"/>
      </symbol>
      <symbol id="sm-3ca">
         <name>_interruptTimerFlag</name>
         <value>0xc506</value>
         <object_component_ref idref="oc-10e"/>
      </symbol>
      <symbol id="sm-3cb">
         <name>_mixedSample</name>
         <value>0xc50a</value>
         <object_component_ref idref="oc-10e"/>
      </symbol>
      <symbol id="sm-3cc">
         <name>_temp</name>
         <value>0xc501</value>
         <object_component_ref idref="oc-10e"/>
      </symbol>
      <symbol id="sm-3cd">
         <name>_startAgain</name>
         <value>0xc500</value>
         <object_component_ref idref="oc-10e"/>
      </symbol>
      <symbol id="sm-3ce">
         <name>_t</name>
         <value>0xc50c</value>
         <object_component_ref idref="oc-10e"/>
      </symbol>
      <symbol id="sm-3cf">
         <name>_p</name>
         <value>0xc508</value>
         <object_component_ref idref="oc-10e"/>
      </symbol>
      <symbol id="sm-3d0">
         <name>_l</name>
         <value>0xc502</value>
         <object_component_ref idref="oc-10e"/>
      </symbol>
      <symbol id="sm-3d1">
         <name>_i</name>
         <value>0xc504</value>
         <object_component_ref idref="oc-10e"/>
      </symbol>
      <symbol id="sm-3ee">
         <name>_c_int00</name>
         <value>0x9cfe</value>
         <object_component_ref idref="oc-4d"/>
      </symbol>
      <symbol id="sm-3ef">
         <name>__stack</name>
         <value>0x400</value>
         <object_component_ref idref="oc-114"/>
      </symbol>
      <symbol id="sm-405">
         <name>_copy_in</name>
         <value>0x9d54</value>
         <object_component_ref idref="oc-154"/>
      </symbol>
      <symbol id="sm-414">
         <name>_ppcopy</name>
         <value>0x9e45</value>
         <object_component_ref idref="oc-11f"/>
      </symbol>
      <symbol id="sm-415">
         <name>_dpcopy</name>
         <value>0x9e45</value>
         <object_component_ref idref="oc-11f"/>
      </symbol>
      <symbol id="sm-416">
         <name>_pdcopy</name>
         <value>0x9e45</value>
         <object_component_ref idref="oc-11f"/>
      </symbol>
      <symbol id="sm-417">
         <name>_ddcopy</name>
         <value>0x9e45</value>
         <object_component_ref idref="oc-11f"/>
      </symbol>
      <symbol id="sm-42c">
         <name>C$$EXIT</name>
         <value>0x9e00</value>
         <object_component_ref idref="oc-157"/>
      </symbol>
      <symbol id="sm-42d">
         <name>_exit</name>
         <value>0x9e02</value>
         <object_component_ref idref="oc-157"/>
      </symbol>
      <symbol id="sm-42e">
         <name>___TI_cleanup_ptr</name>
         <value>0xc4f6</value>
         <object_component_ref idref="oc-126"/>
      </symbol>
      <symbol id="sm-42f">
         <name>___TI_enable_exit_profile_output</name>
         <value>0xc4f4</value>
         <object_component_ref idref="oc-126"/>
      </symbol>
      <symbol id="sm-430">
         <name>_abort</name>
         <value>0x9e00</value>
         <object_component_ref idref="oc-157"/>
      </symbol>
      <symbol id="sm-431">
         <name>___TI_dtors_ptr</name>
         <value>0xc4f8</value>
         <object_component_ref idref="oc-126"/>
      </symbol>
      <symbol id="sm-442">
         <name>FS$$DIV</name>
         <value>0x9b2d</value>
         <object_component_ref idref="oc-12b"/>
      </symbol>
      <symbol id="sm-44f">
         <name>__system_pre_init</name>
         <value>0x9e89</value>
         <object_component_ref idref="oc-153"/>
      </symbol>
      <symbol id="sm-47a">
         <name>__system_post_cinit</name>
         <value>0x9e8b</value>
         <object_component_ref idref="oc-155"/>
      </symbol>
      <symbol id="sm-48f">
         <name>__unlock</name>
         <value>0xc4be</value>
         <object_component_ref idref="oc-164"/>
      </symbol>
      <symbol id="sm-490">
         <name>__lock</name>
         <value>0xc4bc</value>
         <object_component_ref idref="oc-15a"/>
      </symbol>
      <symbol id="sm-491">
         <name>__register_lock</name>
         <value>0x9e7c</value>
         <object_component_ref idref="oc-162"/>
      </symbol>
      <symbol id="sm-492">
         <name>__nop</name>
         <value>0x9e80</value>
         <object_component_ref idref="oc-162"/>
      </symbol>
      <symbol id="sm-493">
         <name>__register_unlock</name>
         <value>0x9e78</value>
         <object_component_ref idref="oc-162"/>
      </symbol>
      <symbol id="sm-4a3">
         <name>__args_main</name>
         <value>0x9e5f</value>
         <object_component_ref idref="oc-156"/>
      </symbol>
   </symbol_table>
   <title>Link successful</title>
</link_info>
